Archive member included to satisfy reference by file (symbol)

/opt/st/stm32cubeide_1.4.0/plugins/com.st.stm32cube.ide.mcu.externaltools.gnu-tools-for-stm32.7-2018-q2-update.linux64_1.4.0.202007081208/tools/bin/../lib/gcc/arm-none-eabi/7.3.1/../../../../arm-none-eabi/lib/thumb/v7-m/libc_nano.a(lib_a-errno.o)
                              Core/Src/syscalls.o (__errno)
/opt/st/stm32cubeide_1.4.0/plugins/com.st.stm32cube.ide.mcu.externaltools.gnu-tools-for-stm32.7-2018-q2-update.linux64_1.4.0.202007081208/tools/bin/../lib/gcc/arm-none-eabi/7.3.1/../../../../arm-none-eabi/lib/thumb/v7-m/libc_nano.a(lib_a-exit.o)
                              /opt/st/stm32cubeide_1.4.0/plugins/com.st.stm32cube.ide.mcu.externaltools.gnu-tools-for-stm32.7-2018-q2-update.linux64_1.4.0.202007081208/tools/bin/../lib/gcc/arm-none-eabi/7.3.1/../../../../arm-none-eabi/lib/thumb/v7-m/crt0.o (exit)
/opt/st/stm32cubeide_1.4.0/plugins/com.st.stm32cube.ide.mcu.externaltools.gnu-tools-for-stm32.7-2018-q2-update.linux64_1.4.0.202007081208/tools/bin/../lib/gcc/arm-none-eabi/7.3.1/../../../../arm-none-eabi/lib/thumb/v7-m/libc_nano.a(lib_a-impure.o)
                              /opt/st/stm32cubeide_1.4.0/plugins/com.st.stm32cube.ide.mcu.externaltools.gnu-tools-for-stm32.7-2018-q2-update.linux64_1.4.0.202007081208/tools/bin/../lib/gcc/arm-none-eabi/7.3.1/../../../../arm-none-eabi/lib/thumb/v7-m/libc_nano.a(lib_a-exit.o) (_global_impure_ptr)
/opt/st/stm32cubeide_1.4.0/plugins/com.st.stm32cube.ide.mcu.externaltools.gnu-tools-for-stm32.7-2018-q2-update.linux64_1.4.0.202007081208/tools/bin/../lib/gcc/arm-none-eabi/7.3.1/../../../../arm-none-eabi/lib/thumb/v7-m/libc_nano.a(lib_a-init.o)
                              /opt/st/stm32cubeide_1.4.0/plugins/com.st.stm32cube.ide.mcu.externaltools.gnu-tools-for-stm32.7-2018-q2-update.linux64_1.4.0.202007081208/tools/bin/../lib/gcc/arm-none-eabi/7.3.1/../../../../arm-none-eabi/lib/thumb/v7-m/crt0.o (__libc_init_array)
/opt/st/stm32cubeide_1.4.0/plugins/com.st.stm32cube.ide.mcu.externaltools.gnu-tools-for-stm32.7-2018-q2-update.linux64_1.4.0.202007081208/tools/bin/../lib/gcc/arm-none-eabi/7.3.1/../../../../arm-none-eabi/lib/thumb/v7-m/libc_nano.a(lib_a-memset.o)
                              /opt/st/stm32cubeide_1.4.0/plugins/com.st.stm32cube.ide.mcu.externaltools.gnu-tools-for-stm32.7-2018-q2-update.linux64_1.4.0.202007081208/tools/bin/../lib/gcc/arm-none-eabi/7.3.1/../../../../arm-none-eabi/lib/thumb/v7-m/crt0.o (memset)

Allocating common symbols
Common symbol       size              file

uwTick              0x4               Drivers/STM32F1xx_HAL_Driver/Src/stm32f1xx_hal.o
pFlash              0x20              Drivers/STM32F1xx_HAL_Driver/Src/stm32f1xx_hal_flash.o
htim1               0x48              Core/Src/tim.o
flagEco             0x1               Core/Src/main.o
htim2               0x48              Core/Src/tim.o

Discarded input sections

 .text          0x0000000000000000        0x0 /opt/st/stm32cubeide_1.4.0/plugins/com.st.stm32cube.ide.mcu.externaltools.gnu-tools-for-stm32.7-2018-q2-update.linux64_1.4.0.202007081208/tools/bin/../lib/gcc/arm-none-eabi/7.3.1/thumb/v7-m/crti.o
 .data          0x0000000000000000        0x0 /opt/st/stm32cubeide_1.4.0/plugins/com.st.stm32cube.ide.mcu.externaltools.gnu-tools-for-stm32.7-2018-q2-update.linux64_1.4.0.202007081208/tools/bin/../lib/gcc/arm-none-eabi/7.3.1/thumb/v7-m/crti.o
 .bss           0x0000000000000000        0x0 /opt/st/stm32cubeide_1.4.0/plugins/com.st.stm32cube.ide.mcu.externaltools.gnu-tools-for-stm32.7-2018-q2-update.linux64_1.4.0.202007081208/tools/bin/../lib/gcc/arm-none-eabi/7.3.1/thumb/v7-m/crti.o
 .data          0x0000000000000000        0x4 /opt/st/stm32cubeide_1.4.0/plugins/com.st.stm32cube.ide.mcu.externaltools.gnu-tools-for-stm32.7-2018-q2-update.linux64_1.4.0.202007081208/tools/bin/../lib/gcc/arm-none-eabi/7.3.1/thumb/v7-m/crtbegin.o
 .text          0x0000000000000000       0x74 /opt/st/stm32cubeide_1.4.0/plugins/com.st.stm32cube.ide.mcu.externaltools.gnu-tools-for-stm32.7-2018-q2-update.linux64_1.4.0.202007081208/tools/bin/../lib/gcc/arm-none-eabi/7.3.1/../../../../arm-none-eabi/lib/thumb/v7-m/crt0.o
 .data          0x0000000000000000        0x0 /opt/st/stm32cubeide_1.4.0/plugins/com.st.stm32cube.ide.mcu.externaltools.gnu-tools-for-stm32.7-2018-q2-update.linux64_1.4.0.202007081208/tools/bin/../lib/gcc/arm-none-eabi/7.3.1/../../../../arm-none-eabi/lib/thumb/v7-m/crt0.o
 .bss           0x0000000000000000        0x0 /opt/st/stm32cubeide_1.4.0/plugins/com.st.stm32cube.ide.mcu.externaltools.gnu-tools-for-stm32.7-2018-q2-update.linux64_1.4.0.202007081208/tools/bin/../lib/gcc/arm-none-eabi/7.3.1/../../../../arm-none-eabi/lib/thumb/v7-m/crt0.o
 .ARM.extab     0x0000000000000000        0x0 /opt/st/stm32cubeide_1.4.0/plugins/com.st.stm32cube.ide.mcu.externaltools.gnu-tools-for-stm32.7-2018-q2-update.linux64_1.4.0.202007081208/tools/bin/../lib/gcc/arm-none-eabi/7.3.1/../../../../arm-none-eabi/lib/thumb/v7-m/crt0.o
[...]
Memory Configuration

Name             Origin             Length             Attributes
RAM              0x0000000020000000 0x0000000000005000 xrw
FLASH            0x0000000008000000 0x0000000000010000 xr
*default*        0x0000000000000000 0xffffffffffffffff

Linker script and memory map

LOAD /opt/st/stm32cubeide_1.4.0/plugins/com.st.stm32cube.ide.mcu.externaltools.gnu-tools-for-stm32.7-2018-q2-update.linux64_1.4.0.202007081208/tools/bin/../lib/gcc/arm-none-eabi/7.3.1/thumb/v7-m/crti.o
LOAD /opt/st/stm32cubeide_1.4.0/plugins/com.st.stm32cube.ide.mcu.externaltools.gnu-tools-for-stm32.7-2018-q2-update.linux64_1.4.0.202007081208/tools/bin/../lib/gcc/arm-none-eabi/7.3.1/thumb/v7-m/crtbegin.o
LOAD /opt/st/stm32cubeide_1.4.0/plugins/com.st.stm32cube.ide.mcu.externaltools.gnu-tools-for-stm32.7-2018-q2-update.linux64_1.4.0.202007081208/tools/bin/../lib/gcc/arm-none-eabi/7.3.1/../../../../arm-none-eabi/lib/thumb/v7-m/crt0.o
LOAD Core/Src/gpio.o
LOAD Core/Src/main.o
LOAD Core/Src/stm32f1xx_hal_msp.o
LOAD Core/Src/stm32f1xx_it.o
LOAD Core/Src/syscalls.o
LOAD Core/Src/sysmem.o
LOAD Core/Src/system_stm32f1xx.o
LOAD Core/Src/tim.o
LOAD Core/Startup/startup_stm32f103c8tx.o
LOAD Drivers/STM32F1xx_HAL_Driver/Src/stm32f1xx_hal.o
LOAD Drivers/STM32F1xx_HAL_Driver/Src/stm32f1xx_hal_cortex.o
LOAD Drivers/STM32F1xx_HAL_Driver/Src/stm32f1xx_hal_dma.o
LOAD Drivers/STM32F1xx_HAL_Driver/Src/stm32f1xx_hal_exti.o
LOAD Drivers/STM32F1xx_HAL_Driver/Src/stm32f1xx_hal_flash.o
LOAD Drivers/STM32F1xx_HAL_Driver/Src/stm32f1xx_hal_flash_ex.o
LOAD Drivers/STM32F1xx_HAL_Driver/Src/stm32f1xx_hal_gpio.o
LOAD Drivers/STM32F1xx_HAL_Driver/Src/stm32f1xx_hal_gpio_ex.o
LOAD Drivers/STM32F1xx_HAL_Driver/Src/stm32f1xx_hal_pwr.o
LOAD Drivers/STM32F1xx_HAL_Driver/Src/stm32f1xx_hal_rcc.o
LOAD Drivers/STM32F1xx_HAL_Driver/Src/stm32f1xx_hal_rcc_ex.o
LOAD Drivers/STM32F1xx_HAL_Driver/Src/stm32f1xx_hal_tim.o
LOAD Drivers/STM32F1xx_HAL_Driver/Src/stm32f1xx_hal_tim_ex.o
START GROUP
LOAD /opt/st/stm32cubeide_1.4.0/plugins/com.st.stm32cube.ide.mcu.externaltools.gnu-tools-for-stm32.7-2018-q2-update.linux64_1.4.0.202007081208/tools/bin/../lib/gcc/arm-none-eabi/7.3.1/../../../../arm-none-eabi/lib/thumb/v7-m/libc_nano.a
LOAD /opt/st/stm32cubeide_1.4.0/plugins/com.st.stm32cube.ide.mcu.externaltools.gnu-tools-for-stm32.7-2018-q2-update.linux64_1.4.0.202007081208/tools/bin/../lib/gcc/arm-none-eabi/7.3.1/../../../../arm-none-eabi/lib/thumb/v7-m/libm.a
END GROUP
START GROUP
LOAD /opt/st/stm32cubeide_1.4.0/plugins/com.st.stm32cube.ide.mcu.externaltools.gnu-tools-for-stm32.7-2018-q2-update.linux64_1.4.0.202007081208/tools/bin/../lib/gcc/arm-none-eabi/7.3.1/thumb/v7-m/libgcc.a
LOAD /opt/st/stm32cubeide_1.4.0/plugins/com.st.stm32cube.ide.mcu.externaltools.gnu-tools-for-stm32.7-2018-q2-update.linux64_1.4.0.202007081208/tools/bin/../lib/gcc/arm-none-eabi/7.3.1/../../../../arm-none-eabi/lib/thumb/v7-m/libc_nano.a
END GROUP
START GROUP
LOAD /opt/st/stm32cubeide_1.4.0/plugins/com.st.stm32cube.ide.mcu.externaltools.gnu-tools-for-stm32.7-2018-q2-update.linux64_1.4.0.202007081208/tools/bin/../lib/gcc/arm-none-eabi/7.3.1/thumb/v7-m/libgcc.a
LOAD /opt/st/stm32cubeide_1.4.0/plugins/com.st.stm32cube.ide.mcu.externaltools.gnu-tools-for-stm32.7-2018-q2-update.linux64_1.4.0.202007081208/tools/bin/../lib/gcc/arm-none-eabi/7.3.1/../../../../arm-none-eabi/lib/thumb/v7-m/libc_nano.a
LOAD /opt/st/stm32cubeide_1.4.0/plugins/com.st.stm32cube.ide.mcu.externaltools.gnu-tools-for-stm32.7-2018-q2-update.linux64_1.4.0.202007081208/tools/bin/../lib/gcc/arm-none-eabi/7.3.1/../../../../arm-none-eabi/lib/thumb/v7-m/libnosys.a
END GROUP
START GROUP
LOAD /opt/st/stm32cubeide_1.4.0/plugins/com.st.stm32cube.ide.mcu.externaltools.gnu-tools-for-stm32.7-2018-q2-update.linux64_1.4.0.202007081208/tools/bin/../lib/gcc/arm-none-eabi/7.3.1/thumb/v7-m/libgcc.a
LOAD /opt/st/stm32cubeide_1.4.0/plugins/com.st.stm32cube.ide.mcu.externaltools.gnu-tools-for-stm32.7-2018-q2-update.linux64_1.4.0.202007081208/tools/bin/../lib/gcc/arm-none-eabi/7.3.1/../../../../arm-none-eabi/lib/thumb/v7-m/libc_nano.a
LOAD /opt/st/stm32cubeide_1.4.0/plugins/com.st.stm32cube.ide.mcu.externaltools.gnu-tools-for-stm32.7-2018-q2-update.linux64_1.4.0.202007081208/tools/bin/../lib/gcc/arm-none-eabi/7.3.1/../../../../arm-none-eabi/lib/thumb/v7-m/libnosys.a
END GROUP
LOAD /opt/st/stm32cubeide_1.4.0/plugins/com.st.stm32cube.ide.mcu.externaltools.gnu-tools-for-stm32.7-2018-q2-update.linux64_1.4.0.202007081208/tools/bin/../lib/gcc/arm-none-eabi/7.3.1/thumb/v7-m/crtend.o
LOAD /opt/st/stm32cubeide_1.4.0/plugins/com.st.stm32cube.ide.mcu.externaltools.gnu-tools-for-stm32.7-2018-q2-update.linux64_1.4.0.202007081208/tools/bin/../lib/gcc/arm-none-eabi/7.3.1/thumb/v7-m/crtn.o
                0x0000000020005000                _estack = (ORIGIN (RAM) + LENGTH (RAM))
                0x0000000000000200                _Min_Heap_Size = 0x200
                0x0000000000000400                _Min_Stack_Size = 0x400

.isr_vector     0x0000000008000000      0x10c
                0x0000000008000000                . = ALIGN (0x4)
 *(.isr_vector)
 .isr_vector    0x0000000008000000      0x10c Core/Startup/startup_stm32f103c8tx.o
                0x0000000008000000                g_pfnVectors
                0x000000000800010c                . = ALIGN (0x4)

.text           0x000000000800010c     0x2de0
                0x000000000800010c                . = ALIGN (0x4)
 *(.text)
 .text          0x000000000800010c       0x40 /opt/st/stm32cubeide_1.4.0/plugins/com.st.stm32cube.ide.mcu.externaltools.gnu-tools-for-stm32.7-2018-q2-update.linux64_1.4.0.202007081208/tools/bin/../lib/gcc/arm-none-eabi/7.3.1/thumb/v7-m/crtbegin.o
 *(.text*)
 .text.MX_GPIO_Init
                0x000000000800014c       0xf8 Core/Src/gpio.o
                0x000000000800014c                MX_GPIO_Init
 .text.main     0x0000000008000244      0x334 Core/Src/main.o
                0x0000000008000244                main
 .text.SystemClock_Config
                0x0000000008000578       0x8a Core/Src/main.o
                0x0000000008000578                SystemClock_Config
 *fill*         0x0000000008000602        0x2 
 .text.HAL_TIM_PeriodElapsedCallback
                0x0000000008000604       0x30 Core/Src/main.o
                0x0000000008000604                HAL_TIM_PeriodElapsedCallback
 .text.HAL_TIM_IC_CaptureCallback
                0x0000000008000634       0x60 Core/Src/main.o
                0x0000000008000634                HAL_TIM_IC_CaptureCallback
 .text.Error_Handler
                0x0000000008000694        0xc Core/Src/main.o
                0x0000000008000694                Error_Handler
 .text.HAL_MspInit
                0x00000000080006a0       0x64 Core/Src/stm32f1xx_hal_msp.o
                0x00000000080006a0                HAL_MspInit
 .text.NMI_Handler
                0x0000000008000704        0xc Core/Src/stm32f1xx_it.o
                0x0000000008000704                NMI_Handler
 .text.HardFault_Handler
                0x0000000008000710        0x6 Core/Src/stm32f1xx_it.o
                0x0000000008000710                HardFault_Handler
 .text.MemManage_Handler
                0x0000000008000716        0x6 Core/Src/stm32f1xx_it.o
                0x0000000008000716                MemManage_Handler
 .text.BusFault_Handler
                0x000000000800071c        0x6 Core/Src/stm32f1xx_it.o
                0x000000000800071c                BusFault_Handler
 .text.UsageFault_Handler
                0x0000000008000722        0x6 Core/Src/stm32f1xx_it.o
                0x0000000008000722                UsageFault_Handler
 .text.SVC_Handler
                0x0000000008000728        0xc Core/Src/stm32f1xx_it.o
                0x0000000008000728                SVC_Handler
 .text.DebugMon_Handler
                0x0000000008000734        0xc Core/Src/stm32f1xx_it.o
                0x0000000008000734                DebugMon_Handler
 .text.PendSV_Handler
                0x0000000008000740        0xc Core/Src/stm32f1xx_it.o
                0x0000000008000740                PendSV_Handler
 .text.SysTick_Handler
                0x000000000800074c        0xc Core/Src/stm32f1xx_it.o
                0x000000000800074c                SysTick_Handler
 .text.TIM1_UP_IRQHandler
                0x0000000008000758       0x14 Core/Src/stm32f1xx_it.o
                0x0000000008000758                TIM1_UP_IRQHandler
 .text.TIM1_CC_IRQHandler
                0x000000000800076c       0x14 Core/Src/stm32f1xx_it.o
                0x000000000800076c                TIM1_CC_IRQHandler
 .text.TIM2_IRQHandler
                0x0000000008000780       0x14 Core/Src/stm32f1xx_it.o
                0x0000000008000780                TIM2_IRQHandler
 .text.SystemInit
                0x0000000008000794        0xc Core/Src/system_stm32f1xx.o
                0x0000000008000794                SystemInit
 .text.MX_TIM1_Init
                0x00000000080007a0      0x1bc Core/Src/tim.o
                0x00000000080007a0                MX_TIM1_Init
 .text.MX_TIM2_Init
                0x000000000800095c       0x9c Core/Src/tim.o
                0x000000000800095c                MX_TIM2_Init
 .text.HAL_TIM_Base_MspInit
                0x00000000080009f8       0xd4 Core/Src/tim.o
                0x00000000080009f8                HAL_TIM_Base_MspInit
 .text.HAL_TIM_MspPostInit
                0x0000000008000acc       0x68 Core/Src/tim.o
                0x0000000008000acc                HAL_TIM_MspPostInit
 .text.Reset_Handler
                0x0000000008000b34       0x48 Core/Startup/startup_stm32f103c8tx.o
                0x0000000008000b34                Reset_Handler
 .text.Default_Handler
                0x0000000008000b7c        0x2 Core/Startup/startup_stm32f103c8tx.o
                0x0000000008000b7c                RTC_Alarm_IRQHandler
                0x0000000008000b7c                EXTI2_IRQHandler
                0x0000000008000b7c                PVD_IRQHandler
                0x0000000008000b7c                EXTI3_IRQHandler
                0x0000000008000b7c                EXTI0_IRQHandler
                0x0000000008000b7c                I2C2_EV_IRQHandler
                0x0000000008000b7c                ADC1_2_IRQHandler
                0x0000000008000b7c                SPI1_IRQHandler
                0x0000000008000b7c                TAMPER_IRQHandler
                0x0000000008000b7c                DMA1_Channel4_IRQHandler
                0x0000000008000b7c                USART3_IRQHandler
                0x0000000008000b7c                RTC_IRQHandler
                0x0000000008000b7c                DMA1_Channel7_IRQHandler
                0x0000000008000b7c                CAN1_RX1_IRQHandler
                0x0000000008000b7c                TIM4_IRQHandler
                0x0000000008000b7c                I2C1_EV_IRQHandler
                0x0000000008000b7c                DMA1_Channel6_IRQHandler
                0x0000000008000b7c                TIM3_IRQHandler
                0x0000000008000b7c                RCC_IRQHandler
                0x0000000008000b7c                TIM1_TRG_COM_IRQHandler
                0x0000000008000b7c                DMA1_Channel1_IRQHandler
                0x0000000008000b7c                Default_Handler
                0x0000000008000b7c                EXTI15_10_IRQHandler
                0x0000000008000b7c                EXTI9_5_IRQHandler
                0x0000000008000b7c                SPI2_IRQHandler
                0x0000000008000b7c                DMA1_Channel5_IRQHandler
                0x0000000008000b7c                EXTI4_IRQHandler
                0x0000000008000b7c                USB_LP_CAN1_RX0_IRQHandler
                0x0000000008000b7c                USB_HP_CAN1_TX_IRQHandler
                0x0000000008000b7c                DMA1_Channel3_IRQHandler
                0x0000000008000b7c                WWDG_IRQHandler
                0x0000000008000b7c                TIM1_BRK_IRQHandler
                0x0000000008000b7c                EXTI1_IRQHandler
                0x0000000008000b7c                USART2_IRQHandler
                0x0000000008000b7c                I2C2_ER_IRQHandler
                0x0000000008000b7c                DMA1_Channel2_IRQHandler
                0x0000000008000b7c                CAN1_SCE_IRQHandler
                0x0000000008000b7c                FLASH_IRQHandler
                0x0000000008000b7c                USART1_IRQHandler
                0x0000000008000b7c                I2C1_ER_IRQHandler
                0x0000000008000b7c                USBWakeUp_IRQHandler
 *fill*         0x0000000008000b7e        0x2 
 .text.HAL_Init
                0x0000000008000b80       0x2c Drivers/STM32F1xx_HAL_Driver/Src/stm32f1xx_hal.o
                0x0000000008000b80                HAL_Init
 .text.HAL_InitTick
                0x0000000008000bac       0x60 Drivers/STM32F1xx_HAL_Driver/Src/stm32f1xx_hal.o
                0x0000000008000bac                HAL_InitTick
 .text.HAL_IncTick
                0x0000000008000c0c       0x24 Drivers/STM32F1xx_HAL_Driver/Src/stm32f1xx_hal.o
                0x0000000008000c0c                HAL_IncTick
 .text.HAL_GetTick
                0x0000000008000c30       0x14 Drivers/STM32F1xx_HAL_Driver/Src/stm32f1xx_hal.o
                0x0000000008000c30                HAL_GetTick
 .text.__NVIC_SetPriorityGrouping
                0x0000000008000c44       0x48 Drivers/STM32F1xx_HAL_Driver/Src/stm32f1xx_hal_cortex.o
 .text.__NVIC_GetPriorityGrouping
                0x0000000008000c8c       0x1c Drivers/STM32F1xx_HAL_Driver/Src/stm32f1xx_hal_cortex.o
 .text.__NVIC_EnableIRQ
                0x0000000008000ca8       0x38 Drivers/STM32F1xx_HAL_Driver/Src/stm32f1xx_hal_cortex.o
 .text.__NVIC_SetPriority
                0x0000000008000ce0       0x54 Drivers/STM32F1xx_HAL_Driver/Src/stm32f1xx_hal_cortex.o
 .text.NVIC_EncodePriority
                0x0000000008000d34       0x64 Drivers/STM32F1xx_HAL_Driver/Src/stm32f1xx_hal_cortex.o
 .text.SysTick_Config
                0x0000000008000d98       0x44 Drivers/STM32F1xx_HAL_Driver/Src/stm32f1xx_hal_cortex.o
 .text.HAL_NVIC_SetPriorityGrouping
                0x0000000008000ddc       0x16 Drivers/STM32F1xx_HAL_Driver/Src/stm32f1xx_hal_cortex.o
                0x0000000008000ddc                HAL_NVIC_SetPriorityGrouping
 .text.HAL_NVIC_SetPriority
                0x0000000008000df2       0x38 Drivers/STM32F1xx_HAL_Driver/Src/stm32f1xx_hal_cortex.o
                0x0000000008000df2                HAL_NVIC_SetPriority
 .text.HAL_NVIC_EnableIRQ
                0x0000000008000e2a       0x1c Drivers/STM32F1xx_HAL_Driver/Src/stm32f1xx_hal_cortex.o
                0x0000000008000e2a                HAL_NVIC_EnableIRQ
 .text.HAL_SYSTICK_Config
                0x0000000008000e46       0x18 Drivers/STM32F1xx_HAL_Driver/Src/stm32f1xx_hal_cortex.o
                0x0000000008000e46                HAL_SYSTICK_Config
 *fill*         0x0000000008000e5e        0x2 
 .text.HAL_GPIO_Init
                0x0000000008000e60      0x2b4 Drivers/STM32F1xx_HAL_Driver/Src/stm32f1xx_hal_gpio.o
                0x0000000008000e60                HAL_GPIO_Init
 .text.HAL_GPIO_ReadPin
                0x0000000008001114       0x2e Drivers/STM32F1xx_HAL_Driver/Src/stm32f1xx_hal_gpio.o
                0x0000000008001114                HAL_GPIO_ReadPin
 .text.HAL_GPIO_WritePin
                0x0000000008001142       0x30 Drivers/STM32F1xx_HAL_Driver/Src/stm32f1xx_hal_gpio.o
                0x0000000008001142                HAL_GPIO_WritePin
 *fill*         0x0000000008001172        0x2 
 .text.HAL_RCC_OscConfig
                0x0000000008001174      0x500 Drivers/STM32F1xx_HAL_Driver/Src/stm32f1xx_hal_rcc.o
                0x0000000008001174                HAL_RCC_OscConfig
 .text.HAL_RCC_ClockConfig
                0x0000000008001674      0x1d4 Drivers/STM32F1xx_HAL_Driver/Src/stm32f1xx_hal_rcc.o
                0x0000000008001674                HAL_RCC_ClockConfig
 .text.HAL_RCC_GetSysClockFreq
                0x0000000008001848       0xc4 Drivers/STM32F1xx_HAL_Driver/Src/stm32f1xx_hal_rcc.o
                0x0000000008001848                HAL_RCC_GetSysClockFreq
 .text.RCC_Delay
                0x000000000800190c       0x3c Drivers/STM32F1xx_HAL_Driver/Src/stm32f1xx_hal_rcc.o
 .text.HAL_TIM_Base_Init
                0x0000000008001948       0x9e Drivers/STM32F1xx_HAL_Driver/Src/stm32f1xx_hal_tim.o
                0x0000000008001948                HAL_TIM_Base_Init
 *fill*         0x00000000080019e6        0x2 
 .text.HAL_TIM_Base_Start_IT
                0x00000000080019e8       0xa4 Drivers/STM32F1xx_HAL_Driver/Src/stm32f1xx_hal_tim.o
                0x00000000080019e8                HAL_TIM_Base_Start_IT
 .text.HAL_TIM_PWM_Init
                0x0000000008001a8c       0x9e Drivers/STM32F1xx_HAL_Driver/Src/stm32f1xx_hal_tim.o
                0x0000000008001a8c                HAL_TIM_PWM_Init
 .text.HAL_TIM_PWM_MspInit
                0x0000000008001b2a       0x12 Drivers/STM32F1xx_HAL_Driver/Src/stm32f1xx_hal_tim.o
                0x0000000008001b2a                HAL_TIM_PWM_MspInit
 .text.HAL_TIM_PWM_Start
                0x0000000008001b3c      0x144 Drivers/STM32F1xx_HAL_Driver/Src/stm32f1xx_hal_tim.o
                0x0000000008001b3c                HAL_TIM_PWM_Start
 .text.HAL_TIM_IC_Init
                0x0000000008001c80       0x9e Drivers/STM32F1xx_HAL_Driver/Src/stm32f1xx_hal_tim.o
                0x0000000008001c80                HAL_TIM_IC_Init
 .text.HAL_TIM_IC_MspInit
                0x0000000008001d1e       0x12 Drivers/STM32F1xx_HAL_Driver/Src/stm32f1xx_hal_tim.o
                0x0000000008001d1e                HAL_TIM_IC_MspInit
 .text.HAL_TIM_IC_Start_IT
                0x0000000008001d30      0x20c Drivers/STM32F1xx_HAL_Driver/Src/stm32f1xx_hal_tim.o
                0x0000000008001d30                HAL_TIM_IC_Start_IT
 .text.HAL_TIM_IRQHandler
                0x0000000008001f3c      0x210 Drivers/STM32F1xx_HAL_Driver/Src/stm32f1xx_hal_tim.o
                0x0000000008001f3c                HAL_TIM_IRQHandler
 .text.HAL_TIM_IC_ConfigChannel
                0x000000000800214c      0x128 Drivers/STM32F1xx_HAL_Driver/Src/stm32f1xx_hal_tim.o
                0x000000000800214c                HAL_TIM_IC_ConfigChannel
 .text.HAL_TIM_PWM_ConfigChannel
                0x0000000008002274      0x17c Drivers/STM32F1xx_HAL_Driver/Src/stm32f1xx_hal_tim.o
                0x0000000008002274                HAL_TIM_PWM_ConfigChannel
 .text.HAL_TIM_ConfigClockSource
                0x00000000080023f0      0x16e Drivers/STM32F1xx_HAL_Driver/Src/stm32f1xx_hal_tim.o
                0x00000000080023f0                HAL_TIM_ConfigClockSource
 .text.HAL_TIM_OC_DelayElapsedCallback
                0x000000000800255e       0x12 Drivers/STM32F1xx_HAL_Driver/Src/stm32f1xx_hal_tim.o
                0x000000000800255e                HAL_TIM_OC_DelayElapsedCallback
 .text.HAL_TIM_PWM_PulseFinishedCallback
                0x0000000008002570       0x12 Drivers/STM32F1xx_HAL_Driver/Src/stm32f1xx_hal_tim.o
                0x0000000008002570                HAL_TIM_PWM_PulseFinishedCallback
 .text.HAL_TIM_TriggerCallback
                0x0000000008002582       0x12 Drivers/STM32F1xx_HAL_Driver/Src/stm32f1xx_hal_tim.o
                0x0000000008002582                HAL_TIM_TriggerCallback
 .text.TIM_Base_SetConfig
                0x0000000008002594       0xc4 Drivers/STM32F1xx_HAL_Driver/Src/stm32f1xx_hal_tim.o
                0x0000000008002594                TIM_Base_SetConfig
 .text.TIM_OC1_SetConfig
                0x0000000008002658       0xcc Drivers/STM32F1xx_HAL_Driver/Src/stm32f1xx_hal_tim.o
 .text.TIM_OC2_SetConfig
                0x0000000008002724       0xd4 Drivers/STM32F1xx_HAL_Driver/Src/stm32f1xx_hal_tim.o
                0x0000000008002724                TIM_OC2_SetConfig
 .text.TIM_OC3_SetConfig
                0x00000000080027f8       0xd4 Drivers/STM32F1xx_HAL_Driver/Src/stm32f1xx_hal_tim.o
 .text.TIM_OC4_SetConfig
                0x00000000080028cc       0x9c Drivers/STM32F1xx_HAL_Driver/Src/stm32f1xx_hal_tim.o
 .text.TIM_TI1_SetConfig
                0x0000000008002968       0xb4 Drivers/STM32F1xx_HAL_Driver/Src/stm32f1xx_hal_tim.o
                0x0000000008002968                TIM_TI1_SetConfig
 .text.TIM_TI1_ConfigInputStage
                0x0000000008002a1c       0x5c Drivers/STM32F1xx_HAL_Driver/Src/stm32f1xx_hal_tim.o
 .text.TIM_TI2_SetConfig
                0x0000000008002a78       0x78 Drivers/STM32F1xx_HAL_Driver/Src/stm32f1xx_hal_tim.o
 .text.TIM_TI2_ConfigInputStage
                0x0000000008002af0       0x5e Drivers/STM32F1xx_HAL_Driver/Src/stm32f1xx_hal_tim.o
 .text.TIM_TI3_SetConfig
                0x0000000008002b4e       0x76 Drivers/STM32F1xx_HAL_Driver/Src/stm32f1xx_hal_tim.o
 .text.TIM_TI4_SetConfig
                0x0000000008002bc4       0x78 Drivers/STM32F1xx_HAL_Driver/Src/stm32f1xx_hal_tim.o
 .text.TIM_ITRx_SetConfig
                0x0000000008002c3c       0x34 Drivers/STM32F1xx_HAL_Driver/Src/stm32f1xx_hal_tim.o
 .text.TIM_ETR_SetConfig
                0x0000000008002c70       0x3e Drivers/STM32F1xx_HAL_Driver/Src/stm32f1xx_hal_tim.o
                0x0000000008002c70                TIM_ETR_SetConfig
 .text.TIM_CCxChannelCmd
                0x0000000008002cae       0x48 Drivers/STM32F1xx_HAL_Driver/Src/stm32f1xx_hal_tim.o
                0x0000000008002cae                TIM_CCxChannelCmd
 *fill*         0x0000000008002cf6        0x2 
 .text.HAL_TIMEx_MasterConfigSynchronization
                0x0000000008002cf8       0xbc Drivers/STM32F1xx_HAL_Driver/Src/stm32f1xx_hal_tim_ex.o
                0x0000000008002cf8                HAL_TIMEx_MasterConfigSynchronization
 .text.HAL_TIMEx_ConfigBreakDeadTime
                0x0000000008002db4       0xa2 Drivers/STM32F1xx_HAL_Driver/Src/stm32f1xx_hal_tim_ex.o
                0x0000000008002db4                HAL_TIMEx_ConfigBreakDeadTime
 .text.HAL_TIMEx_CommutCallback
                0x0000000008002e56       0x12 Drivers/STM32F1xx_HAL_Driver/Src/stm32f1xx_hal_tim_ex.o
                0x0000000008002e56                HAL_TIMEx_CommutCallback
 .text.HAL_TIMEx_BreakCallback
                0x0000000008002e68       0x12 Drivers/STM32F1xx_HAL_Driver/Src/stm32f1xx_hal_tim_ex.o
                0x0000000008002e68                HAL_TIMEx_BreakCallback
 *fill*         0x0000000008002e7a        0x2 
 .text.__libc_init_array
                0x0000000008002e7c       0x48 /opt/st/stm32cubeide_1.4.0/plugins/com.st.stm32cube.ide.mcu.externaltools.gnu-tools-for-stm32.7-2018-q2-update.linux64_1.4.0.202007081208/tools/bin/../lib/gcc/arm-none-eabi/7.3.1/../../../../arm-none-eabi/lib/thumb/v7-m/libc_nano.a(lib_a-init.o)
                0x0000000008002e7c                __libc_init_array
 .text.memset   0x0000000008002ec4       0x10 /opt/st/stm32cubeide_1.4.0/plugins/com.st.stm32cube.ide.mcu.externaltools.gnu-tools-for-stm32.7-2018-q2-update.linux64_1.4.0.202007081208/tools/bin/../lib/gcc/arm-none-eabi/7.3.1/../../../../arm-none-eabi/lib/thumb/v7-m/libc_nano.a(lib_a-memset.o)
                0x0000000008002ec4                memset
 *(.glue_7)
 .glue_7        0x0000000008002ed4        0x0 linker stubs
 *(.glue_7t)
 .glue_7t       0x0000000008002ed4        0x0 linker stubs
 *(.eh_frame)
 .eh_frame      0x0000000008002ed4        0x0 /opt/st/stm32cubeide_1.4.0/plugins/com.st.stm32cube.ide.mcu.externaltools.gnu-tools-for-stm32.7-2018-q2-update.linux64_1.4.0.202007081208/tools/bin/../lib/gcc/arm-none-eabi/7.3.1/thumb/v7-m/crtbegin.o
 *(.init)
 .init          0x0000000008002ed4        0x4 /opt/st/stm32cubeide_1.4.0/plugins/com.st.stm32cube.ide.mcu.externaltools.gnu-tools-for-stm32.7-2018-q2-update.linux64_1.4.0.202007081208/tools/bin/../lib/gcc/arm-none-eabi/7.3.1/thumb/v7-m/crti.o
                0x0000000008002ed4                _init
 .init          0x0000000008002ed8        0x8 /opt/st/stm32cubeide_1.4.0/plugins/com.st.stm32cube.ide.mcu.externaltools.gnu-tools-for-stm32.7-2018-q2-update.linux64_1.4.0.202007081208/tools/bin/../lib/gcc/arm-none-eabi/7.3.1/thumb/v7-m/crtn.o
 *(.fini)
 .fini          0x0000000008002ee0        0x4 /opt/st/stm32cubeide_1.4.0/plugins/com.st.stm32cube.ide.mcu.externaltools.gnu-tools-for-stm32.7-2018-q2-update.linux64_1.4.0.202007081208/tools/bin/../lib/gcc/arm-none-eabi/7.3.1/thumb/v7-m/crti.o
                0x0000000008002ee0                _fini
 .fini          0x0000000008002ee4        0x8 /opt/st/stm32cubeide_1.4.0/plugins/com.st.stm32cube.ide.mcu.externaltools.gnu-tools-for-stm32.7-2018-q2-update.linux64_1.4.0.202007081208/tools/bin/../lib/gcc/arm-none-eabi/7.3.1/thumb/v7-m/crtn.o
                0x0000000008002eec                . = ALIGN (0x4)
                0x0000000008002eec                _etext = .

.vfp11_veneer   0x0000000008002eec        0x0
 .vfp11_veneer  0x0000000008002eec        0x0 linker stubs

.v4_bx          0x0000000008002eec        0x0
 .v4_bx         0x0000000008002eec        0x0 linker stubs

.iplt           0x0000000008002eec        0x0
 .iplt          0x0000000008002eec        0x0 /opt/st/stm32cubeide_1.4.0/plugins/com.st.stm32cube.ide.mcu.externaltools.gnu-tools-for-stm32.7-2018-q2-update.linux64_1.4.0.202007081208/tools/bin/../lib/gcc/arm-none-eabi/7.3.1/thumb/v7-m/crtbegin.o

.rodata         0x0000000008002eec       0x24
                0x0000000008002eec                . = ALIGN (0x4)
 *(.rodata)
 .rodata        0x0000000008002eec       0x12 Drivers/STM32F1xx_HAL_Driver/Src/stm32f1xx_hal_rcc.o
 *(.rodata*)
 *fill*         0x0000000008002efe        0x2 
 .rodata.AHBPrescTable
                0x0000000008002f00       0x10 Core/Src/system_stm32f1xx.o
                0x0000000008002f00                AHBPrescTable
                0x0000000008002f10                . = ALIGN (0x4)

.rel.dyn        0x0000000008002f10        0x0
 .rel.iplt      0x0000000008002f10        0x0 /opt/st/stm32cubeide_1.4.0/plugins/com.st.stm32cube.ide.mcu.externaltools.gnu-tools-for-stm32.7-2018-q2-update.linux64_1.4.0.202007081208/tools/bin/../lib/gcc/arm-none-eabi/7.3.1/thumb/v7-m/crtbegin.o

.ARM.extab      0x0000000008002f10        0x0
                0x0000000008002f10                . = ALIGN (0x4)
 *(.ARM.extab* .gnu.linkonce.armextab.*)
                0x0000000008002f10                . = ALIGN (0x4)

.ARM            0x0000000008002f10        0x0
                0x0000000008002f10                . = ALIGN (0x4)
                0x0000000008002f10                __exidx_start = .
 *(.ARM.exidx*)
                0x0000000008002f10                __exidx_end = .
                0x0000000008002f10                . = ALIGN (0x4)

.preinit_array  0x0000000008002f10        0x0
                0x0000000008002f10                . = ALIGN (0x4)
                0x0000000008002f10                PROVIDE (__preinit_array_start = .)
 *(.preinit_array*)
                0x0000000008002f10                PROVIDE (__preinit_array_end = .)
                0x0000000008002f10                . = ALIGN (0x4)

.init_array     0x0000000008002f10        0x4
                0x0000000008002f10                . = ALIGN (0x4)
                0x0000000008002f10                PROVIDE (__init_array_start = .)
 *(SORT_BY_NAME(.init_array.*))
 *(.init_array*)
 .init_array    0x0000000008002f10        0x4 /opt/st/stm32cubeide_1.4.0/plugins/com.st.stm32cube.ide.mcu.externaltools.gnu-tools-for-stm32.7-2018-q2-update.linux64_1.4.0.202007081208/tools/bin/../lib/gcc/arm-none-eabi/7.3.1/thumb/v7-m/crtbegin.o
                0x0000000008002f14                PROVIDE (__init_array_end = .)
                0x0000000008002f14                . = ALIGN (0x4)

.fini_array     0x0000000008002f14        0x4
                0x0000000008002f14                . = ALIGN (0x4)
                [!provide]                        PROVIDE (__fini_array_start = .)
 *(SORT_BY_NAME(.fini_array.*))
 *(.fini_array*)
 .fini_array    0x0000000008002f14        0x4 /opt/st/stm32cubeide_1.4.0/plugins/com.st.stm32cube.ide.mcu.externaltools.gnu-tools-for-stm32.7-2018-q2-update.linux64_1.4.0.202007081208/tools/bin/../lib/gcc/arm-none-eabi/7.3.1/thumb/v7-m/crtbegin.o
                [!provide]                        PROVIDE (__fini_array_end = .)
                0x0000000008002f18                . = ALIGN (0x4)
                0x0000000008002f18                _sidata = LOADADDR (.data)

.data           0x0000000020000000       0x10 load address 0x0000000008002f18
                0x0000000020000000                . = ALIGN (0x4)
                0x0000000020000000                _sdata = .
 *(.data)
 *(.data*)
 .data.distancia
                0x0000000020000000        0x2 Core/Src/main.o
                0x0000000020000000                distancia
 *fill*         0x0000000020000002        0x2 
 .data.SystemCoreClock
                0x0000000020000004        0x4 Core/Src/system_stm32f1xx.o
                0x0000000020000004                SystemCoreClock
 .data.uwTickPrio
                0x0000000020000008        0x4 Drivers/STM32F1xx_HAL_Driver/Src/stm32f1xx_hal.o
                0x0000000020000008                uwTickPrio
 .data.uwTickFreq
                0x000000002000000c        0x1 Drivers/STM32F1xx_HAL_Driver/Src/stm32f1xx_hal.o
                0x000000002000000c                uwTickFreq
                0x0000000020000010                . = ALIGN (0x4)
 *fill*         0x000000002000000d        0x3 
                0x0000000020000010                _edata = .

.igot.plt       0x0000000020000010        0x0 load address 0x0000000008002f28
 .igot.plt      0x0000000020000010        0x0 /opt/st/stm32cubeide_1.4.0/plugins/com.st.stm32cube.ide.mcu.externaltools.gnu-tools-for-stm32.7-2018-q2-update.linux64_1.4.0.202007081208/tools/bin/../lib/gcc/arm-none-eabi/7.3.1/thumb/v7-m/crtbegin.o
                0x0000000020000010                . = ALIGN (0x4)

.bss            0x0000000020000010       0xc8 load address 0x0000000008002f28
                0x0000000020000010                _sbss = .
                0x0000000020000010                __bss_start__ = _sbss
 *(.bss)
 .bss           0x0000000020000010       0x1c /opt/st/stm32cubeide_1.4.0/plugins/com.st.stm32cube.ide.mcu.externaltools.gnu-tools-for-stm32.7-2018-q2-update.linux64_1.4.0.202007081208/tools/bin/../lib/gcc/arm-none-eabi/7.3.1/thumb/v7-m/crtbegin.o
 *(.bss*)
 .bss.status_movimiento
                0x000000002000002c        0x1 Core/Src/main.o
                0x000000002000002c                status_movimiento
 .bss.sensores_dist
                0x000000002000002d        0x1 Core/Src/main.o
                0x000000002000002d                sensores_dist
 .bss.desbordeTIM1
                0x000000002000002e        0x2 Core/Src/main.o
                0x000000002000002e                desbordeTIM1
 .bss.ic1       0x0000000020000030        0x4 Core/Src/main.o
                0x0000000020000030                ic1
 .bss.ic2       0x0000000020000034        0x4 Core/Src/main.o
                0x0000000020000034                ic2
 .bss.cuentasDesbordes
                0x0000000020000038        0x2 Core/Src/main.o
                0x0000000020000038                cuentasDesbordes
 *fill*         0x000000002000003a        0x2 
 .bss.cuentaPulsos
                0x000000002000003c        0x4 Core/Src/main.o
                0x000000002000003c                cuentaPulsos
 .bss.statusBurst
                0x0000000020000040        0x1 Core/Src/main.o
                0x0000000020000040                statusBurst
 .bss.delayTrig
                0x0000000020000041        0x1 Core/Src/main.o
                0x0000000020000041                delayTrig
 *(COMMON)
 COMMON         0x0000000020000042        0x1 Core/Src/main.o
                0x0000000020000042                flagEco
 *fill*         0x0000000020000043        0x1 
 COMMON         0x0000000020000044       0x90 Core/Src/tim.o
                0x0000000020000044                htim1
                0x000000002000008c                htim2
 COMMON         0x00000000200000d4        0x4 Drivers/STM32F1xx_HAL_Driver/Src/stm32f1xx_hal.o
                0x00000000200000d4                uwTick
                0x00000000200000d8                . = ALIGN (0x4)
                0x00000000200000d8                _ebss = .
                0x00000000200000d8                __bss_end__ = _ebss

._user_heap_stack
                0x00000000200000d8      0x600 load address 0x0000000008002f28
                0x00000000200000d8                . = ALIGN (0x8)
                [!provide]                        PROVIDE (end = .)
                0x00000000200000d8                PROVIDE (_end = .)
                0x00000000200002d8                . = (. + _Min_Heap_Size)
 *fill*         0x00000000200000d8      0x200 
                0x00000000200006d8                . = (. + _Min_Stack_Size)
 *fill*         0x00000000200002d8      0x400 
                0x00000000200006d8                . = ALIGN (0x8)

/DISCARD/
 libc.a(*)
 libm.a(*)
 libgcc.a(*)

.ARM.attributes
                0x0000000000000000       0x29
 *(.ARM.attributes)
 .ARM.attributes
                0x0000000000000000       0x1d /opt/st/stm32cubeide_1.4.0/plugins/com.st.stm32cube.ide.mcu.externaltools.gnu-tools-for-stm32.7-2018-q2-update.linux64_1.4.0.202007081208/tools/bin/../lib/gcc/arm-none-eabi/7.3.1/thumb/v7-m/crti.o
 .ARM.attributes
                0x000000000000001d       0x2d /opt/st/stm32cubeide_1.4.0/plugins/com.st.stm32cube.ide.mcu.externaltools.gnu-tools-for-stm32.7-2018-q2-update.linux64_1.4.0.202007081208/tools/bin/../lib/gcc/arm-none-eabi/7.3.1/thumb/v7-m/crtbegin.o
 .ARM.attributes
                0x000000000000004a       0x33 Core/Src/gpio.o
 .ARM.attributes
                0x000000000000007d       0x33 Core/Src/main.o
 .ARM.attributes
                0x00000000000000b0       0x33 Core/Src/stm32f1xx_hal_msp.o
 .ARM.attributes
                0x00000000000000e3       0x33 Core/Src/stm32f1xx_it.o
 .ARM.attributes
                0x0000000000000116       0x33 Core/Src/system_stm32f1xx.o
 .ARM.attributes
                0x0000000000000149       0x33 Core/Src/tim.o
 .ARM.attributes
                0x000000000000017c       0x21 Core/Startup/startup_stm32f103c8tx.o
 .ARM.attributes
                0x000000000000019d       0x33 Drivers/STM32F1xx_HAL_Driver/Src/stm32f1xx_hal.o
 .ARM.attributes
                0x00000000000001d0       0x33 Drivers/STM32F1xx_HAL_Driver/Src/stm32f1xx_hal_cortex.o
 .ARM.attributes
                0x0000000000000203       0x33 Drivers/STM32F1xx_HAL_Driver/Src/stm32f1xx_hal_gpio.o
 .ARM.attributes
                0x0000000000000236       0x33 Drivers/STM32F1xx_HAL_Driver/Src/stm32f1xx_hal_rcc.o
 .ARM.attributes
                0x0000000000000269       0x33 Drivers/STM32F1xx_HAL_Driver/Src/stm32f1xx_hal_tim.o
 .ARM.attributes
                0x000000000000029c       0x33 Drivers/STM32F1xx_HAL_Driver/Src/stm32f1xx_hal_tim_ex.o
 .ARM.attributes
                0x00000000000002cf       0x2d /opt/st/stm32cubeide_1.4.0/plugins/com.st.stm32cube.ide.mcu.externaltools.gnu-tools-for-stm32.7-2018-q2-update.linux64_1.4.0.202007081208/tools/bin/../lib/gcc/arm-none-eabi/7.3.1/../../../../arm-none-eabi/lib/thumb/v7-m/libc_nano.a(lib_a-init.o)
 .ARM.attributes
                0x00000000000002fc       0x2d /opt/st/stm32cubeide_1.4.0/plugins/com.st.stm32cube.ide.mcu.externaltools.gnu-tools-for-stm32.7-2018-q2-update.linux64_1.4.0.202007081208/tools/bin/../lib/gcc/arm-none-eabi/7.3.1/../../../../arm-none-eabi/lib/thumb/v7-m/libc_nano.a(lib_a-memset.o)
 .ARM.attributes
                0x0000000000000329       0x1d /opt/st/stm32cubeide_1.4.0/plugins/com.st.stm32cube.ide.mcu.externaltools.gnu-tools-for-stm32.7-2018-q2-update.linux64_1.4.0.202007081208/tools/bin/../lib/gcc/arm-none-eabi/7.3.1/thumb/v7-m/crtn.o
OUTPUT(test_motores_PWM_STM32F103.elf elf32-littlearm)

.debug_info     0x0000000000000000     0x83e7
 .debug_info    0x0000000000000000      0x379 Core/Src/gpio.o
 .debug_info    0x0000000000000379      0xa19 Core/Src/main.o
 .debug_info    0x0000000000000d92      0x2d6 Core/Src/stm32f1xx_hal_msp.o
 .debug_info    0x0000000000001068      0x770 Core/Src/stm32f1xx_it.o
 .debug_info    0x00000000000017d8      0x29a Core/Src/system_stm32f1xx.o
 .debug_info    0x0000000000001a72      0xca8 Core/Src/tim.o
 .debug_info    0x000000000000271a       0x22 Core/Startup/startup_stm32f103c8tx.o
 .debug_info    0x000000000000273c      0x714 Drivers/STM32F1xx_HAL_Driver/Src/stm32f1xx_hal.o
 .debug_info    0x0000000000002e50      0xb51 Drivers/STM32F1xx_HAL_Driver/Src/stm32f1xx_hal_cortex.o
 .debug_info    0x00000000000039a1      0x69b Drivers/STM32F1xx_HAL_Driver/Src/stm32f1xx_hal_gpio.o
 .debug_info    0x000000000000403c      0x80f Drivers/STM32F1xx_HAL_Driver/Src/stm32f1xx_hal_rcc.o
 .debug_info    0x000000000000484b     0x27f1 Drivers/STM32F1xx_HAL_Driver/Src/stm32f1xx_hal_tim.o
 .debug_info    0x000000000000703c     0x13ab Drivers/STM32F1xx_HAL_Driver/Src/stm32f1xx_hal_tim_ex.o

.debug_abbrev   0x0000000000000000     0x1565
 .debug_abbrev  0x0000000000000000      0x134 Core/Src/gpio.o
 .debug_abbrev  0x0000000000000134      0x1d0 Core/Src/main.o
 .debug_abbrev  0x0000000000000304      0x109 Core/Src/stm32f1xx_hal_msp.o
 .debug_abbrev  0x000000000000040d      0x15a Core/Src/stm32f1xx_it.o
 .debug_abbrev  0x0000000000000567      0x134 Core/Src/system_stm32f1xx.o
 .debug_abbrev  0x000000000000069b      0x1b3 Core/Src/tim.o
 .debug_abbrev  0x000000000000084e       0x12 Core/Startup/startup_stm32f103c8tx.o
 .debug_abbrev  0x0000000000000860      0x1c7 Drivers/STM32F1xx_HAL_Driver/Src/stm32f1xx_hal.o
 .debug_abbrev  0x0000000000000a27      0x2d5 Drivers/STM32F1xx_HAL_Driver/Src/stm32f1xx_hal_cortex.o
 .debug_abbrev  0x0000000000000cfc      0x1c0 Drivers/STM32F1xx_HAL_Driver/Src/stm32f1xx_hal_gpio.o
 .debug_abbrev  0x0000000000000ebc      0x243 Drivers/STM32F1xx_HAL_Driver/Src/stm32f1xx_hal_rcc.o
 .debug_abbrev  0x00000000000010ff      0x230 Drivers/STM32F1xx_HAL_Driver/Src/stm32f1xx_hal_tim.o
 .debug_abbrev  0x000000000000132f      0x236 Drivers/STM32F1xx_HAL_Driver/Src/stm32f1xx_hal_tim_ex.o

.debug_aranges  0x0000000000000000      0x988
 .debug_aranges
                0x0000000000000000       0x20 Core/Src/gpio.o
 .debug_aranges
                0x0000000000000020       0x40 Core/Src/main.o
 .debug_aranges
                0x0000000000000060       0x20 Core/Src/stm32f1xx_hal_msp.o
 .debug_aranges
                0x0000000000000080       0x78 Core/Src/stm32f1xx_it.o
 .debug_aranges
                0x00000000000000f8       0x28 Core/Src/system_stm32f1xx.o
 .debug_aranges
                0x0000000000000120       0x40 Core/Src/tim.o
 .debug_aranges
                0x0000000000000160       0x28 Core/Startup/startup_stm32f103c8tx.o
 .debug_aranges
                0x0000000000000188       0xe0 Drivers/STM32F1xx_HAL_Driver/Src/stm32f1xx_hal.o
 .debug_aranges
                0x0000000000000268      0x100 Drivers/STM32F1xx_HAL_Driver/Src/stm32f1xx_hal_cortex.o
 .debug_aranges
                0x0000000000000368       0x58 Drivers/STM32F1xx_HAL_Driver/Src/stm32f1xx_hal_gpio.o
 .debug_aranges
                0x00000000000003c0       0x90 Drivers/STM32F1xx_HAL_Driver/Src/stm32f1xx_hal_rcc.o
 .debug_aranges
                0x0000000000000450      0x3d0 Drivers/STM32F1xx_HAL_Driver/Src/stm32f1xx_hal_tim.o
 .debug_aranges
                0x0000000000000820      0x168 Drivers/STM32F1xx_HAL_Driver/Src/stm32f1xx_hal_tim_ex.o

.debug_ranges   0x0000000000000000      0x8c0
 .debug_ranges  0x0000000000000000       0x10 Core/Src/gpio.o
 .debug_ranges  0x0000000000000010       0x30 Core/Src/main.o
 .debug_ranges  0x0000000000000040       0x10 Core/Src/stm32f1xx_hal_msp.o
 .debug_ranges  0x0000000000000050       0x68 Core/Src/stm32f1xx_it.o
 .debug_ranges  0x00000000000000b8       0x18 Core/Src/system_stm32f1xx.o
 .debug_ranges  0x00000000000000d0       0x30 Core/Src/tim.o
 .debug_ranges  0x0000000000000100       0x20 Core/Startup/startup_stm32f103c8tx.o
 .debug_ranges  0x0000000000000120       0xd0 Drivers/STM32F1xx_HAL_Driver/Src/stm32f1xx_hal.o
 .debug_ranges  0x00000000000001f0       0xf0 Drivers/STM32F1xx_HAL_Driver/Src/stm32f1xx_hal_cortex.o
 .debug_ranges  0x00000000000002e0       0x48 Drivers/STM32F1xx_HAL_Driver/Src/stm32f1xx_hal_gpio.o
 .debug_ranges  0x0000000000000328       0x80 Drivers/STM32F1xx_HAL_Driver/Src/stm32f1xx_hal_rcc.o
 .debug_ranges  0x00000000000003a8      0x3c0 Drivers/STM32F1xx_HAL_Driver/Src/stm32f1xx_hal_tim.o
 .debug_ranges  0x0000000000000768      0x158 Drivers/STM32F1xx_HAL_Driver/Src/stm32f1xx_hal_tim_ex.o

.debug_macro    0x0000000000000000    0x16940
 .debug_macro   0x0000000000000000      0x1b2 Core/Src/gpio.o
 .debug_macro   0x00000000000001b2      0xa5a Core/Src/gpio.o
 .debug_macro   0x0000000000000c0c      0x215 Core/Src/gpio.o
 .debug_macro   0x0000000000000e21       0x2e Core/Src/gpio.o
 .debug_macro   0x0000000000000e4f       0x22 Core/Src/gpio.o
 .debug_macro   0x0000000000000e71       0x22 Core/Src/gpio.o
 .debug_macro   0x0000000000000e93       0x8e Core/Src/gpio.o
 .debug_macro   0x0000000000000f21       0x51 Core/Src/gpio.o
 .debug_macro   0x0000000000000f72       0xef Core/Src/gpio.o
 .debug_macro   0x0000000000001061       0x6a Core/Src/gpio.o
 .debug_macro   0x00000000000010cb      0x1df Core/Src/gpio.o
 .debug_macro   0x00000000000012aa       0x1c Core/Src/gpio.o
 .debug_macro   0x00000000000012c6       0x22 Core/Src/gpio.o
 .debug_macro   0x00000000000012e8       0xc3 Core/Src/gpio.o
 .debug_macro   0x00000000000013ab      0xd23 Core/Src/gpio.o
 .debug_macro   0x00000000000020ce     0xe09e Core/Src/gpio.o
 .debug_macro   0x000000000001016c       0x6d Core/Src/gpio.o
 .debug_macro   0x00000000000101d9     0x3468 Core/Src/gpio.o
 .debug_macro   0x0000000000013641      0x174 Core/Src/gpio.o
 .debug_macro   0x00000000000137b5       0x5c Core/Src/gpio.o
 .debug_macro   0x0000000000013811      0x5be Core/Src/gpio.o
 .debug_macro   0x0000000000013dcf      0x289 Core/Src/gpio.o
 .debug_macro   0x0000000000014058      0x1cb Core/Src/gpio.o
 .debug_macro   0x0000000000014223      0x114 Core/Src/gpio.o
 .debug_macro   0x0000000000014337      0x1b2 Core/Src/gpio.o
 .debug_macro   0x00000000000144e9       0x27 Core/Src/gpio.o
 .debug_macro   0x0000000000014510      0x136 Core/Src/gpio.o
 .debug_macro   0x0000000000014646      0x1bc Core/Src/gpio.o
 .debug_macro   0x0000000000014802       0x34 Core/Src/gpio.o
 .debug_macro   0x0000000000014836       0x3c Core/Src/gpio.o
 .debug_macro   0x0000000000014872       0x57 Core/Src/gpio.o
 .debug_macro   0x00000000000148c9       0x88 Core/Src/gpio.o
 .debug_macro   0x0000000000014951      0x241 Core/Src/gpio.o
 .debug_macro   0x0000000000014b92      0x141 Core/Src/gpio.o
 .debug_macro   0x0000000000014cd3      0x8d1 Core/Src/gpio.o
 .debug_macro   0x00000000000155a4       0x83 Core/Src/gpio.o
 .debug_macro   0x0000000000015627       0x7c Core/Src/gpio.o
 .debug_macro   0x00000000000156a3      0x1c0 Core/Src/main.o
 .debug_macro   0x0000000000015863      0x1a8 Core/Src/stm32f1xx_hal_msp.o
 .debug_macro   0x0000000000015a0b      0x1b2 Core/Src/stm32f1xx_it.o
 .debug_macro   0x0000000000015bbd      0x199 Core/Src/system_stm32f1xx.o
 .debug_macro   0x0000000000015d56      0x1b2 Core/Src/tim.o
 .debug_macro   0x0000000000015f08      0x1bd Drivers/STM32F1xx_HAL_Driver/Src/stm32f1xx_hal.o
 .debug_macro   0x00000000000160c5      0x199 Drivers/STM32F1xx_HAL_Driver/Src/stm32f1xx_hal_cortex.o
 .debug_macro   0x000000000001625e      0x204 Drivers/STM32F1xx_HAL_Driver/Src/stm32f1xx_hal_gpio.o
 .debug_macro   0x0000000000016462      0x1ab Drivers/STM32F1xx_HAL_Driver/Src/stm32f1xx_hal_rcc.o
 .debug_macro   0x000000000001660d      0x19a Drivers/STM32F1xx_HAL_Driver/Src/stm32f1xx_hal_tim.o
 .debug_macro   0x00000000000167a7      0x199 Drivers/STM32F1xx_HAL_Driver/Src/stm32f1xx_hal_tim_ex.o

.debug_line     0x0000000000000000     0x7ae2
 .debug_line    0x0000000000000000      0x64a Core/Src/gpio.o
 .debug_line    0x000000000000064a      0x70f Core/Src/main.o
 .debug_line    0x0000000000000d59      0x63c Core/Src/stm32f1xx_hal_msp.o
 .debug_line    0x0000000000001395      0x715 Core/Src/stm32f1xx_it.o
 .debug_line    0x0000000000001aaa      0x663 Core/Src/system_stm32f1xx.o
 .debug_line    0x000000000000210d      0x6e9 Core/Src/tim.o
 .debug_line    0x00000000000027f6       0x87 Core/Startup/startup_stm32f103c8tx.o
 .debug_line    0x000000000000287d      0x816 Drivers/STM32F1xx_HAL_Driver/Src/stm32f1xx_hal.o
 .debug_line    0x0000000000003093      0x8ed Drivers/STM32F1xx_HAL_Driver/Src/stm32f1xx_hal_cortex.o
 .debug_line    0x0000000000003980      0x812 Drivers/STM32F1xx_HAL_Driver/Src/stm32f1xx_hal_gpio.o
 .debug_line    0x0000000000004192      0x8d6 Drivers/STM32F1xx_HAL_Driver/Src/stm32f1xx_hal_rcc.o
 .debug_line    0x0000000000004a68     0x1f6f Drivers/STM32F1xx_HAL_Driver/Src/stm32f1xx_hal_tim.o
 .debug_line    0x00000000000069d7     0x110b Drivers/STM32F1xx_HAL_Driver/Src/stm32f1xx_hal_tim_ex.o

.debug_str      0x0000000000000000    0x8411f
 .debug_str     0x0000000000000000    0x816d9 Core/Src/gpio.o
                                      0x81a15 (size before relaxing)
 .debug_str     0x00000000000816d9      0x6d2 Core/Src/main.o
                                      0x820d8 (size before relaxing)
 .debug_str     0x0000000000081dab       0x5a Core/Src/stm32f1xx_hal_msp.o
                                      0x819cd (size before relaxing)
 .debug_str     0x0000000000081e05       0xe0 Core/Src/stm32f1xx_it.o
                                      0x81ee0 (size before relaxing)
 .debug_str     0x0000000000081ee5       0x52 Core/Src/system_stm32f1xx.o
                                      0x817dc (size before relaxing)
 .debug_str     0x0000000000081f37      0x4a8 Core/Src/tim.o
                                      0x82407 (size before relaxing)
 .debug_str     0x00000000000823df       0x36 Core/Startup/startup_stm32f103c8tx.o
                                         0x79 (size before relaxing)
 .debug_str     0x0000000000082415      0x304 Drivers/STM32F1xx_HAL_Driver/Src/stm32f1xx_hal.o
                                      0x81e6d (size before relaxing)
 .debug_str     0x0000000000082719      0x300 Drivers/STM32F1xx_HAL_Driver/Src/stm32f1xx_hal_cortex.o
                                      0x81e75 (size before relaxing)
 .debug_str     0x0000000000082a19      0x324 Drivers/STM32F1xx_HAL_Driver/Src/stm32f1xx_hal_gpio.o
                                      0x81ba0 (size before relaxing)
 .debug_str     0x0000000000082d3d      0x24f Drivers/STM32F1xx_HAL_Driver/Src/stm32f1xx_hal_rcc.o
                                      0x81bd9 (size before relaxing)
 .debug_str     0x0000000000082f8c      0xd39 Drivers/STM32F1xx_HAL_Driver/Src/stm32f1xx_hal_tim.o
                                      0x82bab (size before relaxing)
 .debug_str     0x0000000000083cc5      0x45a Drivers/STM32F1xx_HAL_Driver/Src/stm32f1xx_hal_tim_ex.o
                                      0x8235c (size before relaxing)

.comment        0x0000000000000000       0x7b
 .comment       0x0000000000000000       0x7b Core/Src/gpio.o
                                         0x7c (size before relaxing)
 .comment       0x000000000000007b       0x7c Core/Src/main.o
 .comment       0x000000000000007b       0x7c Core/Src/stm32f1xx_hal_msp.o
 .comment       0x000000000000007b       0x7c Core/Src/stm32f1xx_it.o
 .comment       0x000000000000007b       0x7c Core/Src/system_stm32f1xx.o
 .comment       0x000000000000007b       0x7c Core/Src/tim.o
 .comment       0x000000000000007b       0x7c Drivers/STM32F1xx_HAL_Driver/Src/stm32f1xx_hal.o
 .comment       0x000000000000007b       0x7c Drivers/STM32F1xx_HAL_Driver/Src/stm32f1xx_hal_cortex.o
 .comment       0x000000000000007b       0x7c Drivers/STM32F1xx_HAL_Driver/Src/stm32f1xx_hal_gpio.o
 .comment       0x000000000000007b       0x7c Drivers/STM32F1xx_HAL_Driver/Src/stm32f1xx_hal_rcc.o
 .comment       0x000000000000007b       0x7c Drivers/STM32F1xx_HAL_Driver/Src/stm32f1xx_hal_tim.o
 .comment       0x000000000000007b       0x7c Drivers/STM32F1xx_HAL_Driver/Src/stm32f1xx_hal_tim_ex.o

.debug_frame    0x0000000000000000     0x26a8
 .debug_frame   0x0000000000000000       0x34 Core/Src/gpio.o
 .debug_frame   0x0000000000000034       0xc0 Core/Src/main.o
 .debug_frame   0x00000000000000f4       0x38 Core/Src/stm32f1xx_hal_msp.o
 .debug_frame   0x000000000000012c      0x160 Core/Src/stm32f1xx_it.o
 .debug_frame   0x000000000000028c       0x58 Core/Src/system_stm32f1xx.o
 .debug_frame   0x00000000000002e4       0xc4 Core/Src/tim.o
 .debug_frame   0x00000000000003a8      0x334 Drivers/STM32F1xx_HAL_Driver/Src/stm32f1xx_hal.o
 .debug_frame   0x00000000000006dc      0x428 Drivers/STM32F1xx_HAL_Driver/Src/stm32f1xx_hal_cortex.o
 .debug_frame   0x0000000000000b04      0x14c Drivers/STM32F1xx_HAL_Driver/Src/stm32f1xx_hal_gpio.o
 .debug_frame   0x0000000000000c50      0x21c Drivers/STM32F1xx_HAL_Driver/Src/stm32f1xx_hal_rcc.o
 .debug_frame   0x0000000000000e6c     0x11b8 Drivers/STM32F1xx_HAL_Driver/Src/stm32f1xx_hal_tim.o
 .debug_frame   0x0000000000002024      0x638 Drivers/STM32F1xx_HAL_Driver/Src/stm32f1xx_hal_tim_ex.o
 .debug_frame   0x000000000000265c       0x2c /opt/st/stm32cubeide_1.4.0/plugins/com.st.stm32cube.ide.mcu.externaltools.gnu-tools-for-stm32.7-2018-q2-update.linux64_1.4.0.202007081208/tools/bin/../lib/gcc/arm-none-eabi/7.3.1/../../../../arm-none-eabi/lib/thumb/v7-m/libc_nano.a(lib_a-init.o)
 .debug_frame   0x0000000000002688       0x20 /opt/st/stm32cubeide_1.4.0/plugins/com.st.stm32cube.ide.mcu.externaltools.gnu-tools-for-stm32.7-2018-q2-update.linux64_1.4.0.202007081208/tools/bin/../lib/gcc/arm-none-eabi/7.3.1/../../../../arm-none-eabi/lib/thumb/v7-m/libc_nano.a(lib_a-memset.o)
