../Core/Src/comunicacionUART.c:92:6:init_controlRxTx	16	static
../Core/Src/comunicacionUART.c:97:6:controlRxTxUART	16	static
../Core/Src/comunicacionUART.c:120:6:iniciaInstruccion	8	static
../Core/Src/comunicacionUART.c:265:6:send_info	16	static
../Core/Src/comunicacionUART.c:284:6:procesaCmd	24	static
../Core/Src/comunicacionUART.c:316:6:cmd_defaultCmd	16	static
../Core/Src/comunicacionUART.c:325:6:cmd_hola	16	static
../Core/Src/comunicacionUART.c:340:6:cmd_modo	16	static
../Core/Src/comunicacionUART.c:386:6:cmd_posicion	16	static
../Core/Src/comunicacionUART.c:400:6:cmd_home	16	static
../Core/Src/comunicacionUART.c:425:6:cmd_avance	16	static
../Core/Src/comunicacionUART.c:439:6:cmd_giroIzq	16	static
../Core/Src/comunicacionUART.c:453:6:cmd_giroDer	16	static
../Core/Src/comunicacionUART.c:467:6:cmd_retrocede	16	static
