../Core/Inc/stm32f4xx_ll_usart.h:1780:26:LL_USART_IsActiveFlag_IDLE	16	static
../Core/Inc/stm32f4xx_ll_usart.h:2023:22:LL_USART_EnableIT_IDLE	16	static
../Core/Src/main.c:266:5:main	8	static
../Core/Src/main.c:411:6:SystemClock_Config	88	static
../Core/Src/main.c:458:6:HAL_TIM_PeriodElapsedCallback	16	static
../Core/Src/main.c:464:6:HAL_TIM_IC_CaptureCallback	16	static
../Core/Src/main.c:476:6:HAL_UART_RxCpltCallback	24	static
../Core/Src/main.c:488:6:sensores	8	static
../Core/Src/main.c:517:6:aceleracion	4	static
../Core/Src/main.c:522:6:movimientoLibre	4	static
../Core/Src/main.c:723:6:movimientoRC	4	static
../Core/Src/main.c:940:6:calibraMag	8	static
../Core/Src/main.c:1007:6:mov_puntoAPunto	8	static
../Core/Src/main.c:1125:6:velocidades	16	static
../Core/Src/main.c:1163:6:encoders_PWM	4	static
../Core/Src/main.c:1208:6:lecturaMPU9265	8	static
../Core/Src/main.c:1234:6:posicionamiento	16	static
../Core/Src/main.c:1314:6:OLD_posicionamiento	16	static
../Core/Src/main.c:1405:6:test_respuesta	8	static
../Core/Src/main.c:1426:6:modo_funcionamiento	8	static
../Core/Src/main.c:1452:6:Error_Handler	4	static
