main.c:261:5:main	11
main.c:400:6:SystemClock_Config	4
main.c:447:6:HAL_TIM_PeriodElapsedCallback	2
main.c:453:6:HAL_TIM_IC_CaptureCallback	3
main.c:465:6:HAL_UART_RxCpltCallback	1
main.c:470:6:sensores	6
main.c:499:6:aceleracion	2
main.c:504:6:movimientoLibre	28
main.c:705:6:movimientoRC	30
main.c:922:6:calibraMag	14
main.c:989:6:mov_puntoAPunto	27
main.c:1107:6:velocidades	6
main.c:1145:6:encoders_PWM	3
main.c:1190:6:lecturaIMU	4
main.c:1216:6:posicionamiento	7
main.c:1296:6:OLD_posicionamiento	5
main.c:1387:6:test_respuesta	1
main.c:1408:6:modo_funcionamiento	5
main.c:1434:6:Error_Handler	1
