main.c:173:5:main	8	static
main.c:300:6:SystemClock_Config	88	static
main.c:347:6:HAL_TIM_PeriodElapsedCallback	16	static
main.c:353:6:HAL_TIM_IC_CaptureCallback	16	static
main.c:365:6:HAL_UART_RxCpltCallback	16	static
main.c:370:6:SR_04	4	static
main.c:392:6:sensores	8	static
main.c:401:6:PWM_motores	4	static
main.c:413:6:aceleracion	4	static
main.c:418:6:movimientoLibre	4	static
main.c:585:6:movimientoRC	4	static
main.c:802:6:velocidades	16	static
main.c:831:6:encoders	4	static
main.c:868:6:posicionamiento	24	static
main.c:885:6:test_respuesta	8	static
main.c:905:6:check_rxUart	16	static
main.c:1011:6:modo_funcionamiento	8	static
main.c:1032:6:Error_Handler	4	static
