main.c:225:5:main	8	static
main.c:363:6:SystemClock_Config	88	static
main.c:410:6:HAL_TIM_PeriodElapsedCallback	16	static
main.c:416:6:HAL_TIM_IC_CaptureCallback	16	static
main.c:428:6:HAL_UART_RxCpltCallback	16	static
main.c:433:6:SR_04	4	static
main.c:455:6:sensores	8	static
main.c:464:6:PWM_motores	4	static
main.c:476:6:aceleracion	4	static
main.c:481:6:movimientoLibre	4	static
main.c:682:6:movimientoRC	4	static
main.c:899:6:orientando	8	static
main.c:950:6:mov_puntoAPunto	16	static
main.c:1062:6:velocidades	16	static
main.c:1099:6:encoders	4	static
main.c:1146:6:posicionamiento	16	static
main.c:1236:6:test_respuesta	8	static
main.c:1256:6:modo_funcionamiento	8	static
main.c:1281:6:Error_Handler	4	static
