main.c:148:5:main	8	static
main.c:268:6:SystemClock_Config	88	static
main.c:315:6:HAL_TIM_PeriodElapsedCallback	16	static
main.c:321:6:HAL_TIM_IC_CaptureCallback	16	static
main.c:333:6:HAL_UART_RxCpltCallback	16	static
main.c:338:6:SR_04	4	static
main.c:360:6:sensores	8	static
main.c:369:6:PWM_motores	4	static
main.c:381:6:aceleracion	4	static
main.c:386:6:velocidades	16	static
main.c:415:6:movimientoLibre	8	static
main.c:580:6:movimientoRC	8	static
main.c:786:6:encoders	4	static
main.c:822:6:test_respuesta	8	static
main.c:842:6:check_rxUart	8	static
main.c:932:6:modo_funcionamiento	8	static
main.c:954:6:Error_Handler	4	static
