../Core/Src/main.c:251:5:main	8	static
../Core/Src/main.c:392:6:SystemClock_Config	88	static
../Core/Src/main.c:439:6:HAL_TIM_PeriodElapsedCallback	16	static
../Core/Src/main.c:445:6:HAL_TIM_IC_CaptureCallback	16	static
../Core/Src/main.c:457:6:HAL_UART_RxCpltCallback	16	static
../Core/Src/main.c:462:6:SR_04	4	static
../Core/Src/main.c:484:6:sensores	8	static
../Core/Src/main.c:493:6:PWM_motores	4	static
../Core/Src/main.c:505:6:aceleracion	4	static
../Core/Src/main.c:510:6:movimientoLibre	4	static
../Core/Src/main.c:711:6:movimientoRC	4	static
../Core/Src/main.c:928:6:calibraMag	8	static
../Core/Src/main.c:988:6:mov_puntoAPunto	8	static
../Core/Src/main.c:1106:6:velocidades	16	static
../Core/Src/main.c:1143:6:encoders	4	static
../Core/Src/main.c:1190:6:posicionamiento	16	static
../Core/Src/main.c:1296:6:OLD_posicionamiento	16	static
../Core/Src/main.c:1387:6:test_respuesta	8	static
../Core/Src/main.c:1408:6:modo_funcionamiento	8	static
../Core/Src/main.c:1434:6:Error_Handler	4	static
