main.c:156:5:main	8	static
main.c:290:6:SystemClock_Config	88	static
main.c:337:6:HAL_TIM_PeriodElapsedCallback	16	static
main.c:343:6:HAL_TIM_IC_CaptureCallback	16	static
main.c:355:6:HAL_UART_RxCpltCallback	16	static
main.c:360:6:SR_04	4	static
main.c:382:6:sensores	8	static
main.c:391:6:PWM_motores	4	static
main.c:403:6:aceleracion	4	static
main.c:408:6:velocidades	16	static
main.c:437:6:movimientoLibre	8	static
main.c:604:6:movimientoRC	8	static
main.c:810:6:encoders	4	static
main.c:846:6:test_respuesta	8	static
main.c:866:6:check_rxUart	16	static
main.c:970:6:modo_funcionamiento	8	static
main.c:992:6:Error_Handler	4	static
