main.c:245:5:main	8	static
main.c:384:6:SystemClock_Config	88	static
main.c:431:6:HAL_TIM_PeriodElapsedCallback	16	static
main.c:437:6:HAL_TIM_IC_CaptureCallback	16	static
main.c:449:6:HAL_UART_RxCpltCallback	16	static
main.c:454:6:SR_04	4	static
main.c:476:6:sensores	8	static
main.c:485:6:PWM_motores	4	static
main.c:497:6:aceleracion	4	static
main.c:502:6:movimientoLibre	4	static
main.c:703:6:movimientoRC	4	static
main.c:920:6:orientando	8	static
main.c:971:6:mov_puntoAPunto	16	static
main.c:1083:6:velocidades	16	static
main.c:1120:6:encoders	4	static
main.c:1167:6:posicionamiento	16	static
main.c:1273:6:OLD_posicionamiento	16	static
main.c:1364:6:test_respuesta	8	static
main.c:1385:6:modo_funcionamiento	8	static
main.c:1410:6:Error_Handler	4	static
