main.c:201:5:main	8	static
main.c:335:6:SystemClock_Config	88	static
main.c:382:6:HAL_TIM_PeriodElapsedCallback	16	static
main.c:388:6:HAL_TIM_IC_CaptureCallback	16	static
main.c:400:6:HAL_UART_RxCpltCallback	16	static
main.c:405:6:SR_04	4	static
main.c:427:6:sensores	8	static
main.c:436:6:PWM_motores	4	static
main.c:448:6:aceleracion	4	static
main.c:453:6:movimientoLibre	4	static
main.c:654:6:movimientoRC	4	static
main.c:871:6:orientando	4	static
main.c:915:6:velocidades	16	static
main.c:944:6:encoders	4	static
main.c:991:6:posicionamiento	24	static
main.c:1066:6:test_respuesta	8	static
main.c:1086:6:check_rxUart	16	static
main.c:1192:6:modo_funcionamiento	8	static
main.c:1215:6:Error_Handler	4	static
