../Core/Src/main.c:157:5:main	8	static
../Core/Src/main.c:291:6:SystemClock_Config	88	static
../Core/Src/main.c:338:6:HAL_TIM_PeriodElapsedCallback	16	static
../Core/Src/main.c:344:6:HAL_TIM_IC_CaptureCallback	16	static
../Core/Src/main.c:356:6:HAL_UART_RxCpltCallback	16	static
../Core/Src/main.c:361:6:SR_04	4	static
../Core/Src/main.c:383:6:sensores	8	static
../Core/Src/main.c:392:6:PWM_motores	4	static
../Core/Src/main.c:404:6:aceleracion	4	static
../Core/Src/main.c:409:6:velocidades	16	static
../Core/Src/main.c:438:6:movimientoLibre	8	static
../Core/Src/main.c:605:6:movimientoRC	8	static
../Core/Src/main.c:811:6:encoders	4	static
../Core/Src/main.c:852:6:test_respuesta	8	static
../Core/Src/main.c:872:6:check_rxUart	8	static
../Core/Src/main.c:982:6:modo_funcionamiento	8	static
../Core/Src/main.c:1004:6:Error_Handler	4	static
