../Core/Src/main.c:261:5:main	8	static
../Core/Src/main.c:400:6:SystemClock_Config	88	static
../Core/Src/main.c:447:6:HAL_TIM_PeriodElapsedCallback	16	static
../Core/Src/main.c:453:6:HAL_TIM_IC_CaptureCallback	16	static
../Core/Src/main.c:465:6:HAL_UART_RxCpltCallback	16	static
../Core/Src/main.c:470:6:sensores	8	static
../Core/Src/main.c:499:6:aceleracion	4	static
../Core/Src/main.c:504:6:movimientoLibre	4	static
../Core/Src/main.c:705:6:movimientoRC	4	static
../Core/Src/main.c:922:6:calibraMag	8	static
../Core/Src/main.c:989:6:mov_puntoAPunto	8	static
../Core/Src/main.c:1107:6:velocidades	16	static
../Core/Src/main.c:1145:6:encoders_PWM	4	static
../Core/Src/main.c:1190:6:lecturaIMU	8	static
../Core/Src/main.c:1216:6:posicionamiento	16	static
../Core/Src/main.c:1296:6:OLD_posicionamiento	16	static
../Core/Src/main.c:1387:6:test_respuesta	8	static
../Core/Src/main.c:1408:6:modo_funcionamiento	8	static
../Core/Src/main.c:1434:6:Error_Handler	4	static
