main.c:157:5:main	8	static
main.c:291:6:SystemClock_Config	88	static
main.c:338:6:HAL_TIM_PeriodElapsedCallback	16	static
main.c:344:6:HAL_TIM_IC_CaptureCallback	16	static
main.c:356:6:HAL_UART_RxCpltCallback	16	static
main.c:361:6:SR_04	4	static
main.c:383:6:sensores	8	static
main.c:392:6:PWM_motores	4	static
main.c:404:6:aceleracion	4	static
main.c:409:6:velocidades	16	static
main.c:438:6:movimientoLibre	8	static
main.c:605:6:movimientoRC	8	static
main.c:826:6:encoders	4	static
main.c:867:6:test_respuesta	8	static
main.c:887:6:check_rxUart	16	static
main.c:999:6:modo_funcionamiento	8	static
main.c:1021:6:Error_Handler	4	static
