../Core/Src/main.c:162:5:main	8	static
../Core/Src/main.c:299:6:SystemClock_Config	88	static
../Core/Src/main.c:346:6:HAL_TIM_PeriodElapsedCallback	16	static
../Core/Src/main.c:352:6:HAL_TIM_IC_CaptureCallback	16	static
../Core/Src/main.c:364:6:HAL_UART_RxCpltCallback	16	static
../Core/Src/main.c:369:6:SR_04	4	static
../Core/Src/main.c:391:6:sensores	8	static
../Core/Src/main.c:400:6:PWM_motores	4	static
../Core/Src/main.c:412:6:aceleracion	4	static
../Core/Src/main.c:417:6:velocidades	16	static
../Core/Src/main.c:446:6:movimientoLibre	8	static
../Core/Src/main.c:613:6:movimientoRC	8	static
../Core/Src/main.c:834:6:encoders	4	static
../Core/Src/main.c:875:6:test_respuesta	8	static
../Core/Src/main.c:895:6:check_rxUart	8	static
../Core/Src/main.c:1002:6:modo_funcionamiento	8	static
../Core/Src/main.c:1024:6:Error_Handler	4	static
