main.c:175:5:main	8	static
main.c:302:6:SystemClock_Config	88	static
main.c:349:6:HAL_TIM_PeriodElapsedCallback	16	static
main.c:355:6:HAL_TIM_IC_CaptureCallback	16	static
main.c:367:6:HAL_UART_RxCpltCallback	16	static
main.c:372:6:SR_04	4	static
main.c:394:6:sensores	8	static
main.c:403:6:PWM_motores	4	static
main.c:415:6:aceleracion	4	static
main.c:420:6:movimientoLibre	4	static
main.c:587:6:movimientoRC	4	static
main.c:804:6:velocidades	16	static
main.c:833:6:encoders	4	static
main.c:870:6:posicionamiento	24	static
main.c:899:6:test_respuesta	8	static
main.c:919:6:check_rxUart	16	static
main.c:1025:6:modo_funcionamiento	8	static
main.c:1046:6:Error_Handler	4	static
