main.c:135:5:main	8	static
main.c:252:6:SystemClock_Config	88	static
main.c:299:6:HAL_TIM_PeriodElapsedCallback	16	static
main.c:305:6:HAL_TIM_IC_CaptureCallback	16	static
main.c:317:6:HAL_UART_RxCpltCallback	16	static
main.c:322:6:SR_04	4	static
main.c:344:6:sensores	8	static
main.c:353:6:velocidades	4	static
main.c:357:6:movimientoLibre	8	static
main.c:522:6:movimientoRC	8	static
main.c:728:6:encoders	4	static
main.c:764:6:test_respuesta	8	static
main.c:784:6:check_rxUart	8	static
main.c:864:6:modo_funcionamiento	8	static
main.c:886:6:Error_Handler	4	static
