main.c:129:5:main	8	static
main.c:246:6:SystemClock_Config	88	static
main.c:293:6:HAL_TIM_PeriodElapsedCallback	16	static
main.c:299:6:HAL_TIM_IC_CaptureCallback	16	static
main.c:311:6:HAL_UART_RxCpltCallback	16	static
main.c:316:6:SR_04	4	static
main.c:338:6:sensores	8	static
main.c:347:6:movimientoLibre	8	static
main.c:445:6:movimientoRC	8	static
main.c:651:6:encoders	4	static
main.c:683:6:test_respuesta	8	static
main.c:703:6:check_rxUart	8	static
main.c:783:6:modo_funcionamiento	8	static
main.c:805:6:Error_Handler	4	static
