../Core/Src/main.c:178:5:main	8	static
../Core/Src/main.c:305:6:SystemClock_Config	88	static
../Core/Src/main.c:352:6:HAL_TIM_PeriodElapsedCallback	16	static
../Core/Src/main.c:358:6:HAL_TIM_IC_CaptureCallback	16	static
../Core/Src/main.c:370:6:HAL_UART_RxCpltCallback	16	static
../Core/Src/main.c:375:6:SR_04	4	static
../Core/Src/main.c:397:6:sensores	8	static
../Core/Src/main.c:406:6:PWM_motores	4	static
../Core/Src/main.c:418:6:aceleracion	4	static
../Core/Src/main.c:423:6:movimientoLibre	4	static
../Core/Src/main.c:590:6:movimientoRC	4	static
../Core/Src/main.c:807:6:velocidades	16	static
../Core/Src/main.c:836:6:encoders	4	static
../Core/Src/main.c:873:6:posicionamiento	16	static
../Core/Src/main.c:920:6:test_respuesta	8	static
../Core/Src/main.c:940:6:check_rxUart	8	static
../Core/Src/main.c:1046:6:modo_funcionamiento	8	static
../Core/Src/main.c:1067:6:Error_Handler	4	static
