main.c:228:5:main	8	static
main.c:367:6:SystemClock_Config	88	static
main.c:414:6:HAL_TIM_PeriodElapsedCallback	16	static
main.c:420:6:HAL_TIM_IC_CaptureCallback	16	static
main.c:432:6:HAL_UART_RxCpltCallback	16	static
main.c:437:6:SR_04	4	static
main.c:459:6:sensores	8	static
main.c:468:6:PWM_motores	4	static
main.c:480:6:aceleracion	4	static
main.c:485:6:movimientoLibre	4	static
main.c:686:6:movimientoRC	4	static
main.c:903:6:orientando	8	static
main.c:954:6:mov_puntoAPunto	16	static
main.c:1066:6:velocidades	16	static
main.c:1103:6:encoders	4	static
main.c:1150:6:posicionamiento	24	static
main.c:1232:6:OLD_posicionamiento	16	static
main.c:1323:6:test_respuesta	8	static
main.c:1344:6:modo_funcionamiento	8	static
main.c:1369:6:Error_Handler	4	static
