main.c:194:5:main	8	static
main.c:328:6:SystemClock_Config	88	static
main.c:375:6:HAL_TIM_PeriodElapsedCallback	16	static
main.c:381:6:HAL_TIM_IC_CaptureCallback	16	static
main.c:393:6:HAL_UART_RxCpltCallback	16	static
main.c:398:6:SR_04	4	static
main.c:420:6:sensores	8	static
main.c:429:6:PWM_motores	4	static
main.c:441:6:aceleracion	4	static
main.c:446:6:movimientoLibre	4	static
main.c:613:6:movimientoRC	4	static
main.c:830:6:orientando	4	static
main.c:873:6:velocidades	16	static
main.c:902:6:encoders	4	static
main.c:939:6:posicionamiento	24	static
main.c:1014:6:test_respuesta	8	static
main.c:1034:6:check_rxUart	16	static
main.c:1140:6:modo_funcionamiento	8	static
main.c:1163:6:Error_Handler	4	static
