main.c:251:5:main	11
main.c:392:6:SystemClock_Config	4
main.c:439:6:HAL_TIM_PeriodElapsedCallback	2
main.c:445:6:HAL_TIM_IC_CaptureCallback	3
main.c:457:6:HAL_UART_RxCpltCallback	1
main.c:462:6:SR_04	5
main.c:484:6:sensores	2
main.c:493:6:PWM_motores	5
main.c:505:6:aceleracion	2
main.c:510:6:movimientoLibre	28
main.c:711:6:movimientoRC	30
main.c:928:6:calibraMag	10
main.c:988:6:mov_puntoAPunto	27
main.c:1106:6:velocidades	6
main.c:1143:6:encoders	4
main.c:1190:6:posicionamiento	14
main.c:1296:6:OLD_posicionamiento	5
main.c:1387:6:test_respuesta	1
main.c:1408:6:modo_funcionamiento	5
main.c:1434:6:Error_Handler	1
