main.c:217:5:main	8	static
main.c:334:6:SystemClock_Config	88	static
main.c:381:6:HAL_TIM_PeriodElapsedCallback	16	static
main.c:387:6:HAL_TIM_IC_CaptureCallback	16	static
main.c:399:6:HAL_UART_RxCpltCallback	16	static
main.c:404:6:SR_04	4	static
main.c:426:6:sensores	8	static
main.c:435:6:PWM_motores	4	static
main.c:447:6:aceleracion	4	static
main.c:452:6:movimientoLibre	4	static
main.c:653:6:movimientoRC	4	static
main.c:870:6:orientando	8	static
main.c:920:6:mov_puntoAPunto	16	static
main.c:1032:6:velocidades	16	static
main.c:1061:6:encoders	4	static
main.c:1108:6:posicionamiento	16	static
main.c:1184:6:test_respuesta	8	static
main.c:1204:6:modo_funcionamiento	8	static
main.c:1229:6:Error_Handler	4	static
