Archive member included to satisfy reference by file (symbol)

/opt/st/stm32cubeide_1.4.0/plugins/com.st.stm32cube.ide.mcu.externaltools.gnu-tools-for-stm32.7-2018-q2-update.linux64_1.4.0.202007081208/tools/bin/../lib/gcc/arm-none-eabi/7.3.1/../../../../arm-none-eabi/lib/thumb/v7e-m/fpv4-sp/hard/libc_nano.a(lib_a-errno.o)
                              Core/Src/syscalls.o (__errno)
/opt/st/stm32cubeide_1.4.0/plugins/com.st.stm32cube.ide.mcu.externaltools.gnu-tools-for-stm32.7-2018-q2-update.linux64_1.4.0.202007081208/tools/bin/../lib/gcc/arm-none-eabi/7.3.1/../../../../arm-none-eabi/lib/thumb/v7e-m/fpv4-sp/hard/libc_nano.a(lib_a-exit.o)
                              /opt/st/stm32cubeide_1.4.0/plugins/com.st.stm32cube.ide.mcu.externaltools.gnu-tools-for-stm32.7-2018-q2-update.linux64_1.4.0.202007081208/tools/bin/../lib/gcc/arm-none-eabi/7.3.1/../../../../arm-none-eabi/lib/thumb/v7e-m/fpv4-sp/hard/crt0.o (exit)
/opt/st/stm32cubeide_1.4.0/plugins/com.st.stm32cube.ide.mcu.externaltools.gnu-tools-for-stm32.7-2018-q2-update.linux64_1.4.0.202007081208/tools/bin/../lib/gcc/arm-none-eabi/7.3.1/../../../../arm-none-eabi/lib/thumb/v7e-m/fpv4-sp/hard/libc_nano.a(lib_a-impure.o)
                              /opt/st/stm32cubeide_1.4.0/plugins/com.st.stm32cube.ide.mcu.externaltools.gnu-tools-for-stm32.7-2018-q2-update.linux64_1.4.0.202007081208/tools/bin/../lib/gcc/arm-none-eabi/7.3.1/../../../../arm-none-eabi/lib/thumb/v7e-m/fpv4-sp/hard/libc_nano.a(lib_a-exit.o) (_global_impure_ptr)
/opt/st/stm32cubeide_1.4.0/plugins/com.st.stm32cube.ide.mcu.externaltools.gnu-tools-for-stm32.7-2018-q2-update.linux64_1.4.0.202007081208/tools/bin/../lib/gcc/arm-none-eabi/7.3.1/../../../../arm-none-eabi/lib/thumb/v7e-m/fpv4-sp/hard/libc_nano.a(lib_a-init.o)
                              /opt/st/stm32cubeide_1.4.0/plugins/com.st.stm32cube.ide.mcu.externaltools.gnu-tools-for-stm32.7-2018-q2-update.linux64_1.4.0.202007081208/tools/bin/../lib/gcc/arm-none-eabi/7.3.1/../../../../arm-none-eabi/lib/thumb/v7e-m/fpv4-sp/hard/crt0.o (__libc_init_array)
/opt/st/stm32cubeide_1.4.0/plugins/com.st.stm32cube.ide.mcu.externaltools.gnu-tools-for-stm32.7-2018-q2-update.linux64_1.4.0.202007081208/tools/bin/../lib/gcc/arm-none-eabi/7.3.1/../../../../arm-none-eabi/lib/thumb/v7e-m/fpv4-sp/hard/libc_nano.a(lib_a-memset.o)
                              /opt/st/stm32cubeide_1.4.0/plugins/com.st.stm32cube.ide.mcu.externaltools.gnu-tools-for-stm32.7-2018-q2-update.linux64_1.4.0.202007081208/tools/bin/../lib/gcc/arm-none-eabi/7.3.1/../../../../arm-none-eabi/lib/thumb/v7e-m/fpv4-sp/hard/crt0.o (memset)
/opt/st/stm32cubeide_1.4.0/plugins/com.st.stm32cube.ide.mcu.externaltools.gnu-tools-for-stm32.7-2018-q2-update.linux64_1.4.0.202007081208/tools/bin/../lib/gcc/arm-none-eabi/7.3.1/../../../../arm-none-eabi/lib/thumb/v7e-m/fpv4-sp/hard/libm.a(lib_a-sf_cos.o)
                              Core/Src/main.o (cosf)
/opt/st/stm32cubeide_1.4.0/plugins/com.st.stm32cube.ide.mcu.externaltools.gnu-tools-for-stm32.7-2018-q2-update.linux64_1.4.0.202007081208/tools/bin/../lib/gcc/arm-none-eabi/7.3.1/../../../../arm-none-eabi/lib/thumb/v7e-m/fpv4-sp/hard/libm.a(lib_a-sf_sin.o)
                              Core/Src/main.o (sinf)
/opt/st/stm32cubeide_1.4.0/plugins/com.st.stm32cube.ide.mcu.externaltools.gnu-tools-for-stm32.7-2018-q2-update.linux64_1.4.0.202007081208/tools/bin/../lib/gcc/arm-none-eabi/7.3.1/../../../../arm-none-eabi/lib/thumb/v7e-m/fpv4-sp/hard/libm.a(lib_a-wf_atan2.o)
                              Core/Src/main.o (atan2f)
/opt/st/stm32cubeide_1.4.0/plugins/com.st.stm32cube.ide.mcu.externaltools.gnu-tools-for-stm32.7-2018-q2-update.linux64_1.4.0.202007081208/tools/bin/../lib/gcc/arm-none-eabi/7.3.1/../../../../arm-none-eabi/lib/thumb/v7e-m/fpv4-sp/hard/libm.a(lib_a-ef_atan2.o)
                              /opt/st/stm32cubeide_1.4.0/plugins/com.st.stm32cube.ide.mcu.externaltools.gnu-tools-for-stm32.7-2018-q2-update.linux64_1.4.0.202007081208/tools/bin/../lib/gcc/arm-none-eabi/7.3.1/../../../../arm-none-eabi/lib/thumb/v7e-m/fpv4-sp/hard/libm.a(lib_a-wf_atan2.o) (__ieee754_atan2f)
/opt/st/stm32cubeide_1.4.0/plugins/com.st.stm32cube.ide.mcu.externaltools.gnu-tools-for-stm32.7-2018-q2-update.linux64_1.4.0.202007081208/tools/bin/../lib/gcc/arm-none-eabi/7.3.1/../../../../arm-none-eabi/lib/thumb/v7e-m/fpv4-sp/hard/libm.a(lib_a-ef_rem_pio2.o)
                              /opt/st/stm32cubeide_1.4.0/plugins/com.st.stm32cube.ide.mcu.externaltools.gnu-tools-for-stm32.7-2018-q2-update.linux64_1.4.0.202007081208/tools/bin/../lib/gcc/arm-none-eabi/7.3.1/../../../../arm-none-eabi/lib/thumb/v7e-m/fpv4-sp/hard/libm.a(lib_a-sf_cos.o) (__ieee754_rem_pio2f)
/opt/st/stm32cubeide_1.4.0/plugins/com.st.stm32cube.ide.mcu.externaltools.gnu-tools-for-stm32.7-2018-q2-update.linux64_1.4.0.202007081208/tools/bin/../lib/gcc/arm-none-eabi/7.3.1/../../../../arm-none-eabi/lib/thumb/v7e-m/fpv4-sp/hard/libm.a(lib_a-kf_cos.o)
[...]
Memory Configuration

Name             Origin             Length             Attributes
CCMRAM           0x0000000010000000 0x0000000000010000 xrw
RAM              0x0000000020000000 0x0000000000030000 xrw
FLASH            0x0000000008000000 0x0000000000100000 xr
*default*        0x0000000000000000 0xffffffffffffffff

Linker script and memory map

LOAD /opt/st/stm32cubeide_1.4.0/plugins/com.st.stm32cube.ide.mcu.externaltools.gnu-tools-for-stm32.7-2018-q2-update.linux64_1.4.0.202007081208/tools/bin/../lib/gcc/arm-none-eabi/7.3.1/thumb/v7e-m/fpv4-sp/hard/crti.o
LOAD /opt/st/stm32cubeide_1.4.0/plugins/com.st.stm32cube.ide.mcu.externaltools.gnu-tools-for-stm32.7-2018-q2-update.linux64_1.4.0.202007081208/tools/bin/../lib/gcc/arm-none-eabi/7.3.1/thumb/v7e-m/fpv4-sp/hard/crtbegin.o
LOAD /opt/st/stm32cubeide_1.4.0/plugins/com.st.stm32cube.ide.mcu.externaltools.gnu-tools-for-stm32.7-2018-q2-update.linux64_1.4.0.202007081208/tools/bin/../lib/gcc/arm-none-eabi/7.3.1/../../../../arm-none-eabi/lib/thumb/v7e-m/fpv4-sp/hard/crt0.o
LOAD Core/Src/comunicacionUART.o
LOAD Core/Src/dac.o
LOAD Core/Src/gpio.o
LOAD Core/Src/i2c.o
LOAD Core/Src/main.o
LOAD Core/Src/mpu_9265_lfs.o
LOAD Core/Src/stm32f4xx_hal_msp.o
LOAD Core/Src/stm32f4xx_it.o
LOAD Core/Src/syscalls.o
LOAD Core/Src/sysmem.o
LOAD Core/Src/system_stm32f4xx.o
LOAD Core/Src/tim.o
LOAD Core/Src/usart.o
LOAD Core/Startup/startup_stm32f429igtx.o
LOAD Drivers/STM32F4xx_HAL_Driver/Src/stm32f4xx_hal.o
LOAD Drivers/STM32F4xx_HAL_Driver/Src/stm32f4xx_hal_cortex.o
LOAD Drivers/STM32F4xx_HAL_Driver/Src/stm32f4xx_hal_dac.o
LOAD Drivers/STM32F4xx_HAL_Driver/Src/stm32f4xx_hal_dac_ex.o
LOAD Drivers/STM32F4xx_HAL_Driver/Src/stm32f4xx_hal_dma.o
LOAD Drivers/STM32F4xx_HAL_Driver/Src/stm32f4xx_hal_dma_ex.o
LOAD Drivers/STM32F4xx_HAL_Driver/Src/stm32f4xx_hal_exti.o
LOAD Drivers/STM32F4xx_HAL_Driver/Src/stm32f4xx_hal_flash.o
LOAD Drivers/STM32F4xx_HAL_Driver/Src/stm32f4xx_hal_flash_ex.o
LOAD Drivers/STM32F4xx_HAL_Driver/Src/stm32f4xx_hal_flash_ramfunc.o
LOAD Drivers/STM32F4xx_HAL_Driver/Src/stm32f4xx_hal_gpio.o
LOAD Drivers/STM32F4xx_HAL_Driver/Src/stm32f4xx_hal_i2c.o
LOAD Drivers/STM32F4xx_HAL_Driver/Src/stm32f4xx_hal_i2c_ex.o
LOAD Drivers/STM32F4xx_HAL_Driver/Src/stm32f4xx_hal_pwr.o
LOAD Drivers/STM32F4xx_HAL_Driver/Src/stm32f4xx_hal_pwr_ex.o
LOAD Drivers/STM32F4xx_HAL_Driver/Src/stm32f4xx_hal_rcc.o
LOAD Drivers/STM32F4xx_HAL_Driver/Src/stm32f4xx_hal_rcc_ex.o
LOAD Drivers/STM32F4xx_HAL_Driver/Src/stm32f4xx_hal_tim.o
LOAD Drivers/STM32F4xx_HAL_Driver/Src/stm32f4xx_hal_tim_ex.o
LOAD Drivers/STM32F4xx_HAL_Driver/Src/stm32f4xx_hal_uart.o
START GROUP
LOAD /opt/st/stm32cubeide_1.4.0/plugins/com.st.stm32cube.ide.mcu.externaltools.gnu-tools-for-stm32.7-2018-q2-update.linux64_1.4.0.202007081208/tools/bin/../lib/gcc/arm-none-eabi/7.3.1/../../../../arm-none-eabi/lib/thumb/v7e-m/fpv4-sp/hard/libc_nano.a
LOAD /opt/st/stm32cubeide_1.4.0/plugins/com.st.stm32cube.ide.mcu.externaltools.gnu-tools-for-stm32.7-2018-q2-update.linux64_1.4.0.202007081208/tools/bin/../lib/gcc/arm-none-eabi/7.3.1/../../../../arm-none-eabi/lib/thumb/v7e-m/fpv4-sp/hard/libm.a
END GROUP
START GROUP
LOAD /opt/st/stm32cubeide_1.4.0/plugins/com.st.stm32cube.ide.mcu.externaltools.gnu-tools-for-stm32.7-2018-q2-update.linux64_1.4.0.202007081208/tools/bin/../lib/gcc/arm-none-eabi/7.3.1/thumb/v7e-m/fpv4-sp/hard/libgcc.a
LOAD /opt/st/stm32cubeide_1.4.0/plugins/com.st.stm32cube.ide.mcu.externaltools.gnu-tools-for-stm32.7-2018-q2-update.linux64_1.4.0.202007081208/tools/bin/../lib/gcc/arm-none-eabi/7.3.1/../../../../arm-none-eabi/lib/thumb/v7e-m/fpv4-sp/hard/libc_nano.a
END GROUP
START GROUP
LOAD /opt/st/stm32cubeide_1.4.0/plugins/com.st.stm32cube.ide.mcu.externaltools.gnu-tools-for-stm32.7-2018-q2-update.linux64_1.4.0.202007081208/tools/bin/../lib/gcc/arm-none-eabi/7.3.1/thumb/v7e-m/fpv4-sp/hard/libgcc.a
LOAD /opt/st/stm32cubeide_1.4.0/plugins/com.st.stm32cube.ide.mcu.externaltools.gnu-tools-for-stm32.7-2018-q2-update.linux64_1.4.0.202007081208/tools/bin/../lib/gcc/arm-none-eabi/7.3.1/../../../../arm-none-eabi/lib/thumb/v7e-m/fpv4-sp/hard/libc_nano.a
LOAD /opt/st/stm32cubeide_1.4.0/plugins/com.st.stm32cube.ide.mcu.externaltools.gnu-tools-for-stm32.7-2018-q2-update.linux64_1.4.0.202007081208/tools/bin/../lib/gcc/arm-none-eabi/7.3.1/../../../../arm-none-eabi/lib/thumb/v7e-m/fpv4-sp/hard/libnosys.a
END GROUP
START GROUP
LOAD /opt/st/stm32cubeide_1.4.0/plugins/com.st.stm32cube.ide.mcu.externaltools.gnu-tools-for-stm32.7-2018-q2-update.linux64_1.4.0.202007081208/tools/bin/../lib/gcc/arm-none-eabi/7.3.1/thumb/v7e-m/fpv4-sp/hard/libgcc.a
LOAD /opt/st/stm32cubeide_1.4.0/plugins/com.st.stm32cube.ide.mcu.externaltools.gnu-tools-for-stm32.7-2018-q2-update.linux64_1.4.0.202007081208/tools/bin/../lib/gcc/arm-none-eabi/7.3.1/../../../../arm-none-eabi/lib/thumb/v7e-m/fpv4-sp/hard/libc_nano.a
LOAD /opt/st/stm32cubeide_1.4.0/plugins/com.st.stm32cube.ide.mcu.externaltools.gnu-tools-for-stm32.7-2018-q2-update.linux64_1.4.0.202007081208/tools/bin/../lib/gcc/arm-none-eabi/7.3.1/../../../../arm-none-eabi/lib/thumb/v7e-m/fpv4-sp/hard/libnosys.a
END GROUP
LOAD /opt/st/stm32cubeide_1.4.0/plugins/com.st.stm32cube.ide.mcu.externaltools.gnu-tools-for-stm32.7-2018-q2-update.linux64_1.4.0.202007081208/tools/bin/../lib/gcc/arm-none-eabi/7.3.1/thumb/v7e-m/fpv4-sp/hard/crtend.o
LOAD /opt/st/stm32cubeide_1.4.0/plugins/com.st.stm32cube.ide.mcu.externaltools.gnu-tools-for-stm32.7-2018-q2-update.linux64_1.4.0.202007081208/tools/bin/../lib/gcc/arm-none-eabi/7.3.1/thumb/v7e-m/fpv4-sp/hard/crtn.o
                0x0000000020030000                _estack = (ORIGIN (RAM) + LENGTH (RAM))
                0x0000000000000200                _Min_Heap_Size = 0x200
                0x0000000000000400                _Min_Stack_Size = 0x400

.isr_vector     0x0000000008000000      0x1ac
                0x0000000008000000                . = ALIGN (0x4)
 *(.isr_vector)
 .isr_vector    0x0000000008000000      0x1ac Core/Startup/startup_stm32f429igtx.o
                0x0000000008000000                g_pfnVectors
                0x00000000080001ac                . = ALIGN (0x4)

.text           0x00000000080001b0     0x8380
                0x00000000080001b0                . = ALIGN (0x4)
 *(.text)
 .text          0x00000000080001b0       0x40 /opt/st/stm32cubeide_1.4.0/plugins/com.st.stm32cube.ide.mcu.externaltools.gnu-tools-for-stm32.7-2018-q2-update.linux64_1.4.0.202007081208/tools/bin/../lib/gcc/arm-none-eabi/7.3.1/thumb/v7e-m/fpv4-sp/hard/crtbegin.o
 .text          0x00000000080001f0      0x378 /opt/st/stm32cubeide_1.4.0/plugins/com.st.stm32cube.ide.mcu.externaltools.gnu-tools-for-stm32.7-2018-q2-update.linux64_1.4.0.202007081208/tools/bin/../lib/gcc/arm-none-eabi/7.3.1/thumb/v7e-m/fpv4-sp/hard/libgcc.a(_arm_addsubdf3.o)
                0x00000000080001f0                __aeabi_drsub
                0x00000000080001f8                __aeabi_dsub
                0x00000000080001f8                __subdf3
                0x00000000080001fc                __adddf3
                0x00000000080001fc                __aeabi_dadd
                0x0000000008000474                __aeabi_ui2d
                0x0000000008000474                __floatunsidf
                0x0000000008000494                __floatsidf
                0x0000000008000494                __aeabi_i2d
                0x00000000080004b8                __extendsfdf2
                0x00000000080004b8                __aeabi_f2d
                0x00000000080004fc                __aeabi_ul2d
                0x00000000080004fc                __floatundidf
                0x000000000800050c                __floatdidf
                0x000000000800050c                __aeabi_l2d
 .text          0x0000000008000568      0x424 /opt/st/stm32cubeide_1.4.0/plugins/com.st.stm32cube.ide.mcu.externaltools.gnu-tools-for-stm32.7-2018-q2-update.linux64_1.4.0.202007081208/tools/bin/../lib/gcc/arm-none-eabi/7.3.1/thumb/v7e-m/fpv4-sp/hard/libgcc.a(_arm_muldivdf3.o)
                0x0000000008000568                __aeabi_dmul
                0x0000000008000568                __muldf3
                0x00000000080007bc                __aeabi_ddiv
                0x00000000080007bc                __divdf3
 .text          0x000000000800098c       0xa0 /opt/st/stm32cubeide_1.4.0/plugins/com.st.stm32cube.ide.mcu.externaltools.gnu-tools-for-stm32.7-2018-q2-update.linux64_1.4.0.202007081208/tools/bin/../lib/gcc/arm-none-eabi/7.3.1/thumb/v7e-m/fpv4-sp/hard/libgcc.a(_arm_truncdfsf2.o)
                0x000000000800098c                __aeabi_d2f
                0x000000000800098c                __truncdfsf2
 .text          0x0000000008000a2c       0x30 /opt/st/stm32cubeide_1.4.0/plugins/com.st.stm32cube.ide.mcu.externaltools.gnu-tools-for-stm32.7-2018-q2-update.linux64_1.4.0.202007081208/tools/bin/../lib/gcc/arm-none-eabi/7.3.1/thumb/v7e-m/fpv4-sp/hard/libgcc.a(_aeabi_uldivmod.o)
                0x0000000008000a2c                __aeabi_uldivmod
 .text          0x0000000008000a5c      0x2cc /opt/st/stm32cubeide_1.4.0/plugins/com.st.stm32cube.ide.mcu.externaltools.gnu-tools-for-stm32.7-2018-q2-update.linux64_1.4.0.202007081208/tools/bin/../lib/gcc/arm-none-eabi/7.3.1/thumb/v7e-m/fpv4-sp/hard/libgcc.a(_udivmoddi4.o)
                0x0000000008000a5c                __udivmoddi4
 .text          0x0000000008000d28        0x4 /opt/st/stm32cubeide_1.4.0/plugins/com.st.stm32cube.ide.mcu.externaltools.gnu-tools-for-stm32.7-2018-q2-update.linux64_1.4.0.202007081208/tools/bin/../lib/gcc/arm-none-eabi/7.3.1/thumb/v7e-m/fpv4-sp/hard/libgcc.a(_dvmd_tls.o)
                0x0000000008000d28                __aeabi_ldiv0
                0x0000000008000d28                __aeabi_idiv0
 *(.text*)
 .text.init_controlRxTx
                0x0000000008000d2c       0x20 Core/Src/comunicacionUART.o
                0x0000000008000d2c                init_controlRxTx
 .text.controlRxTxUART
                0x0000000008000d4c       0x7c Core/Src/comunicacionUART.o
                0x0000000008000d4c                controlRxTxUART
 .text.iniciaInstruccion
                0x0000000008000dc8      0x3c0 Core/Src/comunicacionUART.o
                0x0000000008000dc8                iniciaInstruccion
 .text.continuaInstruccion
                0x0000000008001188      0x258 Core/Src/comunicacionUART.o
                0x0000000008001188                continuaInstruccion
 .text.MX_DAC_Init
                0x00000000080013e0       0x68 Core/Src/dac.o
                0x00000000080013e0                MX_DAC_Init
 .text.HAL_DAC_MspInit
                0x0000000008001448       0x88 Core/Src/dac.o
                0x0000000008001448                HAL_DAC_MspInit
 .text.MX_GPIO_Init
                0x00000000080014d0      0x13c Core/Src/gpio.o
                0x00000000080014d0                MX_GPIO_Init
 .text.MX_I2C1_Init
                0x000000000800160c       0x80 Core/Src/i2c.o
                0x000000000800160c                MX_I2C1_Init
 .text.HAL_I2C_MspInit
                0x000000000800168c       0x90 Core/Src/i2c.o
                0x000000000800168c                HAL_I2C_MspInit
 .text.main     0x000000000800171c      0x19c Core/Src/main.o
                0x000000000800171c                main
 .text.SystemClock_Config
                0x00000000080018b8       0xe4 Core/Src/main.o
                0x00000000080018b8                SystemClock_Config
 .text.HAL_TIM_PeriodElapsedCallback
                0x000000000800199c       0x34 Core/Src/main.o
                0x000000000800199c                HAL_TIM_PeriodElapsedCallback
 .text.HAL_TIM_IC_CaptureCallback
                0x00000000080019d0       0x5c Core/Src/main.o
                0x00000000080019d0                HAL_TIM_IC_CaptureCallback
 .text.HAL_UART_RxCpltCallback
                0x0000000008001a2c       0x20 Core/Src/main.o
                0x0000000008001a2c                HAL_UART_RxCpltCallback
 .text.SR_04    0x0000000008001a4c       0x8c Core/Src/main.o
                0x0000000008001a4c                SR_04
 .text.sensores
                0x0000000008001ad8       0x7c Core/Src/main.o
                0x0000000008001ad8                sensores
 .text.movimientoLibre
                0x0000000008001b54      0x1e0 Core/Src/main.o
                0x0000000008001b54                movimientoLibre
 .text.movimientoRC
                0x0000000008001d34      0x374 Core/Src/main.o
                0x0000000008001d34                movimientoRC
 .text.velocidades
                0x00000000080020a8       0xfc Core/Src/main.o
                0x00000000080020a8                velocidades
 .text.encoders
                0x00000000080021a4      0x164 Core/Src/main.o
                0x00000000080021a4                encoders
 .text.posicionamiento
                0x0000000008002308      0x1a0 Core/Src/main.o
                0x0000000008002308                posicionamiento
 .text.modo_funcionamiento
                0x00000000080024a8       0x28 Core/Src/main.o
                0x00000000080024a8                modo_funcionamiento
 .text.Error_Handler
                0x00000000080024d0        0xe Core/Src/main.o
                0x00000000080024d0                Error_Handler
 *fill*         0x00000000080024de        0x2 
 .text.mpu9265_Init
                0x00000000080024e0      0x2b0 Core/Src/mpu_9265_lfs.o
                0x00000000080024e0                mpu9265_Init
 .text.mpu9265_Read_Magnet
                0x0000000008002790       0x98 Core/Src/mpu_9265_lfs.o
                0x0000000008002790                mpu9265_Read_Magnet
 .text.HAL_MspInit
                0x0000000008002828       0x50 Core/Src/stm32f4xx_hal_msp.o
                0x0000000008002828                HAL_MspInit
 .text.NMI_Handler
                0x0000000008002878        0xe Core/Src/stm32f4xx_it.o
                0x0000000008002878                NMI_Handler
 .text.HardFault_Handler
                0x0000000008002886        0x6 Core/Src/stm32f4xx_it.o
                0x0000000008002886                HardFault_Handler
 .text.MemManage_Handler
                0x000000000800288c        0x6 Core/Src/stm32f4xx_it.o
                0x000000000800288c                MemManage_Handler
 .text.BusFault_Handler
                0x0000000008002892        0x6 Core/Src/stm32f4xx_it.o
                0x0000000008002892                BusFault_Handler
 .text.UsageFault_Handler
                0x0000000008002898        0x6 Core/Src/stm32f4xx_it.o
                0x0000000008002898                UsageFault_Handler
 .text.SVC_Handler
                0x000000000800289e        0xe Core/Src/stm32f4xx_it.o
                0x000000000800289e                SVC_Handler
 .text.DebugMon_Handler
                0x00000000080028ac        0xe Core/Src/stm32f4xx_it.o
                0x00000000080028ac                DebugMon_Handler
 .text.PendSV_Handler
                0x00000000080028ba        0xe Core/Src/stm32f4xx_it.o
                0x00000000080028ba                PendSV_Handler
 .text.SysTick_Handler
                0x00000000080028c8        0xc Core/Src/stm32f4xx_it.o
                0x00000000080028c8                SysTick_Handler
 .text.TIM5_IRQHandler
                0x00000000080028d4       0x14 Core/Src/stm32f4xx_it.o
                0x00000000080028d4                TIM5_IRQHandler
 .text.TIM7_IRQHandler
                0x00000000080028e8       0x14 Core/Src/stm32f4xx_it.o
                0x00000000080028e8                TIM7_IRQHandler
 .text.UART7_IRQHandler
                0x00000000080028fc       0x14 Core/Src/stm32f4xx_it.o
                0x00000000080028fc                UART7_IRQHandler
 .text.SystemInit
                0x0000000008002910       0x2c Core/Src/system_stm32f4xx.o
                0x0000000008002910                SystemInit
 .text.MX_TIM2_Init
                0x000000000800293c       0xa4 Core/Src/tim.o
                0x000000000800293c                MX_TIM2_Init
 .text.MX_TIM3_Init
                0x00000000080029e0       0xa8 Core/Src/tim.o
                0x00000000080029e0                MX_TIM3_Init
 .text.MX_TIM4_Init
                0x0000000008002a88      0x100 Core/Src/tim.o
                0x0000000008002a88                MX_TIM4_Init
 .text.MX_TIM5_Init
                0x0000000008002b88      0x154 Core/Src/tim.o
                0x0000000008002b88                MX_TIM5_Init
 .text.MX_TIM7_Init
                0x0000000008002cdc       0x6c Core/Src/tim.o
                0x0000000008002cdc                MX_TIM7_Init
 .text.HAL_TIM_Base_MspInit
                0x0000000008002d48      0x1e0 Core/Src/tim.o
                0x0000000008002d48                HAL_TIM_Base_MspInit
 .text.HAL_TIM_MspPostInit
                0x0000000008002f28       0xc8 Core/Src/tim.o
                0x0000000008002f28                HAL_TIM_MspPostInit
 .text.MX_UART7_Init
                0x0000000008002ff0       0x54 Core/Src/usart.o
                0x0000000008002ff0                MX_UART7_Init
 .text.HAL_UART_MspInit
                0x0000000008003044       0xa0 Core/Src/usart.o
                0x0000000008003044                HAL_UART_MspInit
 .text.Reset_Handler
                0x00000000080030e4       0x50 Core/Startup/startup_stm32f429igtx.o
                0x00000000080030e4                Reset_Handler
 .text.Default_Handler
                0x0000000008003134        0x2 Core/Startup/startup_stm32f429igtx.o
                0x0000000008003134                RTC_Alarm_IRQHandler
                0x0000000008003134                HASH_RNG_IRQHandler
                0x0000000008003134                EXTI2_IRQHandler
                0x0000000008003134                TIM8_CC_IRQHandler
                0x0000000008003134                UART8_IRQHandler
                0x0000000008003134                SPI4_IRQHandler
                0x0000000008003134                TIM1_CC_IRQHandler
                0x0000000008003134                DMA2_Stream5_IRQHandler
                0x0000000008003134                DMA1_Stream5_IRQHandler
                0x0000000008003134                PVD_IRQHandler
                0x0000000008003134                SDIO_IRQHandler
                0x0000000008003134                TAMP_STAMP_IRQHandler
                0x0000000008003134                CAN2_RX1_IRQHandler
                0x0000000008003134                EXTI3_IRQHandler
                0x0000000008003134                TIM8_TRG_COM_TIM14_IRQHandler
                0x0000000008003134                TIM1_UP_TIM10_IRQHandler
                0x0000000008003134                TIM8_UP_TIM13_IRQHandler
                0x0000000008003134                I2C3_ER_IRQHandler
                0x0000000008003134                EXTI0_IRQHandler
                0x0000000008003134                I2C2_EV_IRQHandler
                0x0000000008003134                DMA1_Stream2_IRQHandler
                0x0000000008003134                CAN1_RX0_IRQHandler
                0x0000000008003134                FPU_IRQHandler
                0x0000000008003134                OTG_HS_WKUP_IRQHandler
                0x0000000008003134                LTDC_ER_IRQHandler
                0x0000000008003134                CAN2_SCE_IRQHandler
                0x0000000008003134                DMA2_Stream2_IRQHandler
                0x0000000008003134                SPI1_IRQHandler
                0x0000000008003134                TIM6_DAC_IRQHandler
                0x0000000008003134                TIM1_BRK_TIM9_IRQHandler
                0x0000000008003134                DCMI_IRQHandler
                0x0000000008003134                CAN2_RX0_IRQHandler
                0x0000000008003134                DMA2_Stream3_IRQHandler
                0x0000000008003134                USART6_IRQHandler
                0x0000000008003134                USART3_IRQHandler
                0x0000000008003134                CAN1_RX1_IRQHandler
                0x0000000008003134                UART5_IRQHandler
                0x0000000008003134                DMA2_Stream0_IRQHandler
                0x0000000008003134                TIM4_IRQHandler
                0x0000000008003134                I2C1_EV_IRQHandler
                0x0000000008003134                DMA1_Stream6_IRQHandler
                0x0000000008003134                DMA1_Stream1_IRQHandler
                0x0000000008003134                UART4_IRQHandler
                0x0000000008003134                TIM3_IRQHandler
                0x0000000008003134                RCC_IRQHandler
                0x0000000008003134                TIM8_BRK_TIM12_IRQHandler
                0x0000000008003134                Default_Handler
                0x0000000008003134                EXTI15_10_IRQHandler
                0x0000000008003134                ADC_IRQHandler
                0x0000000008003134                DMA1_Stream7_IRQHandler
                0x0000000008003134                SPI5_IRQHandler
                0x0000000008003134                CAN2_TX_IRQHandler
                0x0000000008003134                DMA2_Stream7_IRQHandler
                0x0000000008003134                I2C3_EV_IRQHandler
                0x0000000008003134                EXTI9_5_IRQHandler
                0x0000000008003134                RTC_WKUP_IRQHandler
                0x0000000008003134                LTDC_IRQHandler
                0x0000000008003134                ETH_WKUP_IRQHandler
                0x0000000008003134                SPI2_IRQHandler
                0x0000000008003134                OTG_HS_EP1_IN_IRQHandler
                0x0000000008003134                DMA1_Stream0_IRQHandler
                0x0000000008003134                CAN1_TX_IRQHandler
                0x0000000008003134                EXTI4_IRQHandler
                0x0000000008003134                ETH_IRQHandler
                0x0000000008003134                OTG_HS_EP1_OUT_IRQHandler
                0x0000000008003134                WWDG_IRQHandler
                0x0000000008003134                SPI6_IRQHandler
                0x0000000008003134                TIM2_IRQHandler
                0x0000000008003134                OTG_FS_WKUP_IRQHandler
                0x0000000008003134                TIM1_TRG_COM_TIM11_IRQHandler
                0x0000000008003134                OTG_HS_IRQHandler
                0x0000000008003134                DMA2D_IRQHandler
                0x0000000008003134                EXTI1_IRQHandler
                0x0000000008003134                USART2_IRQHandler
                0x0000000008003134                I2C2_ER_IRQHandler
                0x0000000008003134                DMA2_Stream1_IRQHandler
                0x0000000008003134                CAN1_SCE_IRQHandler
                0x0000000008003134                FLASH_IRQHandler
                0x0000000008003134                DMA2_Stream4_IRQHandler
                0x0000000008003134                USART1_IRQHandler
                0x0000000008003134                OTG_FS_IRQHandler
                0x0000000008003134                SPI3_IRQHandler
                0x0000000008003134                DMA1_Stream4_IRQHandler
                0x0000000008003134                I2C1_ER_IRQHandler
                0x0000000008003134                FMC_IRQHandler
                0x0000000008003134                DMA2_Stream6_IRQHandler
                0x0000000008003134                SAI1_IRQHandler
                0x0000000008003134                DMA1_Stream3_IRQHandler
 *fill*         0x0000000008003136        0x2 
 .text.HAL_Init
                0x0000000008003138       0x44 Drivers/STM32F4xx_HAL_Driver/Src/stm32f4xx_hal.o
                0x0000000008003138                HAL_Init
 .text.HAL_InitTick
                0x000000000800317c       0x60 Drivers/STM32F4xx_HAL_Driver/Src/stm32f4xx_hal.o
                0x000000000800317c                HAL_InitTick
 .text.HAL_IncTick
                0x00000000080031dc       0x28 Drivers/STM32F4xx_HAL_Driver/Src/stm32f4xx_hal.o
                0x00000000080031dc                HAL_IncTick
 .text.HAL_GetTick
                0x0000000008003204       0x18 Drivers/STM32F4xx_HAL_Driver/Src/stm32f4xx_hal.o
                0x0000000008003204                HAL_GetTick
 .text.HAL_Delay
                0x000000000800321c       0x48 Drivers/STM32F4xx_HAL_Driver/Src/stm32f4xx_hal.o
                0x000000000800321c                HAL_Delay
 .text.__NVIC_SetPriorityGrouping
                0x0000000008003264       0x48 Drivers/STM32F4xx_HAL_Driver/Src/stm32f4xx_hal_cortex.o
 .text.__NVIC_GetPriorityGrouping
                0x00000000080032ac       0x1c Drivers/STM32F4xx_HAL_Driver/Src/stm32f4xx_hal_cortex.o
 .text.__NVIC_EnableIRQ
                0x00000000080032c8       0x3c Drivers/STM32F4xx_HAL_Driver/Src/stm32f4xx_hal_cortex.o
 .text.__NVIC_SetPriority
                0x0000000008003304       0x54 Drivers/STM32F4xx_HAL_Driver/Src/stm32f4xx_hal_cortex.o
 .text.NVIC_EncodePriority
                0x0000000008003358       0x66 Drivers/STM32F4xx_HAL_Driver/Src/stm32f4xx_hal_cortex.o
 *fill*         0x00000000080033be        0x2 
 .text.SysTick_Config
                0x00000000080033c0       0x44 Drivers/STM32F4xx_HAL_Driver/Src/stm32f4xx_hal_cortex.o
 .text.HAL_NVIC_SetPriorityGrouping
                0x0000000008003404       0x16 Drivers/STM32F4xx_HAL_Driver/Src/stm32f4xx_hal_cortex.o
                0x0000000008003404                HAL_NVIC_SetPriorityGrouping
 .text.HAL_NVIC_SetPriority
                0x000000000800341a       0x38 Drivers/STM32F4xx_HAL_Driver/Src/stm32f4xx_hal_cortex.o
                0x000000000800341a                HAL_NVIC_SetPriority
 .text.HAL_NVIC_EnableIRQ
                0x0000000008003452       0x1c Drivers/STM32F4xx_HAL_Driver/Src/stm32f4xx_hal_cortex.o
                0x0000000008003452                HAL_NVIC_EnableIRQ
 .text.HAL_SYSTICK_Config
                0x000000000800346e       0x18 Drivers/STM32F4xx_HAL_Driver/Src/stm32f4xx_hal_cortex.o
                0x000000000800346e                HAL_SYSTICK_Config
 .text.HAL_DAC_Init
                0x0000000008003486       0x44 Drivers/STM32F4xx_HAL_Driver/Src/stm32f4xx_hal_dac.o
                0x0000000008003486                HAL_DAC_Init
 .text.HAL_DAC_ConfigChannel
                0x00000000080034ca       0x9a Drivers/STM32F4xx_HAL_Driver/Src/stm32f4xx_hal_dac.o
                0x00000000080034ca                HAL_DAC_ConfigChannel
 .text.HAL_DMA_Abort_IT
                0x0000000008003564       0x44 Drivers/STM32F4xx_HAL_Driver/Src/stm32f4xx_hal_dma.o
                0x0000000008003564                HAL_DMA_Abort_IT
 .text.HAL_GPIO_Init
                0x00000000080035a8      0x358 Drivers/STM32F4xx_HAL_Driver/Src/stm32f4xx_hal_gpio.o
                0x00000000080035a8                HAL_GPIO_Init
 .text.HAL_GPIO_ReadPin
                0x0000000008003900       0x30 Drivers/STM32F4xx_HAL_Driver/Src/stm32f4xx_hal_gpio.o
                0x0000000008003900                HAL_GPIO_ReadPin
 .text.HAL_GPIO_WritePin
                0x0000000008003930       0x32 Drivers/STM32F4xx_HAL_Driver/Src/stm32f4xx_hal_gpio.o
                0x0000000008003930                HAL_GPIO_WritePin
 *fill*         0x0000000008003962        0x2 
 .text.HAL_I2C_Init
                0x0000000008003964      0x288 Drivers/STM32F4xx_HAL_Driver/Src/stm32f4xx_hal_i2c.o
                0x0000000008003964                HAL_I2C_Init
 .text.HAL_I2C_Mem_Write
                0x0000000008003bec      0x1f4 Drivers/STM32F4xx_HAL_Driver/Src/stm32f4xx_hal_i2c.o
                0x0000000008003bec                HAL_I2C_Mem_Write
 .text.HAL_I2C_Mem_Read
                0x0000000008003de0      0x44c Drivers/STM32F4xx_HAL_Driver/Src/stm32f4xx_hal_i2c.o
                0x0000000008003de0                HAL_I2C_Mem_Read
 .text.I2C_RequestMemoryWrite
                0x000000000800422c      0x12c Drivers/STM32F4xx_HAL_Driver/Src/stm32f4xx_hal_i2c.o
 .text.I2C_RequestMemoryRead
                0x0000000008004358      0x1d0 Drivers/STM32F4xx_HAL_Driver/Src/stm32f4xx_hal_i2c.o
 .text.I2C_WaitOnFlagUntilTimeout
                0x0000000008004528       0xae Drivers/STM32F4xx_HAL_Driver/Src/stm32f4xx_hal_i2c.o
 .text.I2C_WaitOnMasterAddressFlagUntilTimeout
                0x00000000080045d6       0xfe Drivers/STM32F4xx_HAL_Driver/Src/stm32f4xx_hal_i2c.o
 .text.I2C_WaitOnTXEFlagUntilTimeout
                0x00000000080046d4       0x82 Drivers/STM32F4xx_HAL_Driver/Src/stm32f4xx_hal_i2c.o
 .text.I2C_WaitOnBTFFlagUntilTimeout
                0x0000000008004756       0x82 Drivers/STM32F4xx_HAL_Driver/Src/stm32f4xx_hal_i2c.o
 .text.I2C_WaitOnRXNEFlagUntilTimeout
                0x00000000080047d8       0xac Drivers/STM32F4xx_HAL_Driver/Src/stm32f4xx_hal_i2c.o
 .text.I2C_IsAcknowledgeFailed
                0x0000000008004884       0x5e Drivers/STM32F4xx_HAL_Driver/Src/stm32f4xx_hal_i2c.o
 .text.HAL_I2CEx_ConfigAnalogFilter
                0x00000000080048e2       0x78 Drivers/STM32F4xx_HAL_Driver/Src/stm32f4xx_hal_i2c_ex.o
                0x00000000080048e2                HAL_I2CEx_ConfigAnalogFilter
 .text.HAL_I2CEx_ConfigDigitalFilter
                0x000000000800495a       0x7e Drivers/STM32F4xx_HAL_Driver/Src/stm32f4xx_hal_i2c_ex.o
                0x000000000800495a                HAL_I2CEx_ConfigDigitalFilter
 .text.HAL_PWREx_EnableOverDrive
                0x00000000080049d8       0xa0 Drivers/STM32F4xx_HAL_Driver/Src/stm32f4xx_hal_pwr_ex.o
                0x00000000080049d8                HAL_PWREx_EnableOverDrive
 .text.HAL_RCC_OscConfig
                0x0000000008004a78      0x4dc Drivers/STM32F4xx_HAL_Driver/Src/stm32f4xx_hal_rcc.o
                0x0000000008004a78                HAL_RCC_OscConfig
 .text.HAL_RCC_ClockConfig
                0x0000000008004f54      0x1cc Drivers/STM32F4xx_HAL_Driver/Src/stm32f4xx_hal_rcc.o
                0x0000000008004f54                HAL_RCC_ClockConfig
 .text.HAL_RCC_GetSysClockFreq
                0x0000000008005120      0x20c Drivers/STM32F4xx_HAL_Driver/Src/stm32f4xx_hal_rcc.o
                0x0000000008005120                HAL_RCC_GetSysClockFreq
 .text.HAL_RCC_GetHCLKFreq
                0x000000000800532c       0x18 Drivers/STM32F4xx_HAL_Driver/Src/stm32f4xx_hal_rcc.o
                0x000000000800532c                HAL_RCC_GetHCLKFreq
 .text.HAL_RCC_GetPCLK1Freq
                0x0000000008005344       0x28 Drivers/STM32F4xx_HAL_Driver/Src/stm32f4xx_hal_rcc.o
                0x0000000008005344                HAL_RCC_GetPCLK1Freq
 .text.HAL_RCC_GetPCLK2Freq
                0x000000000800536c       0x28 Drivers/STM32F4xx_HAL_Driver/Src/stm32f4xx_hal_rcc.o
                0x000000000800536c                HAL_RCC_GetPCLK2Freq
 .text.HAL_TIM_Base_Init
                0x0000000008005394       0x56 Drivers/STM32F4xx_HAL_Driver/Src/stm32f4xx_hal_tim.o
                0x0000000008005394                HAL_TIM_Base_Init
 .text.HAL_TIM_Base_Start
                0x00000000080053ea       0x48 Drivers/STM32F4xx_HAL_Driver/Src/stm32f4xx_hal_tim.o
                0x00000000080053ea                HAL_TIM_Base_Start
 .text.HAL_TIM_Base_Start_IT
                0x0000000008005432       0x48 Drivers/STM32F4xx_HAL_Driver/Src/stm32f4xx_hal_tim.o
                0x0000000008005432                HAL_TIM_Base_Start_IT
 .text.HAL_TIM_PWM_Init
                0x000000000800547a       0x56 Drivers/STM32F4xx_HAL_Driver/Src/stm32f4xx_hal_tim.o
                0x000000000800547a                HAL_TIM_PWM_Init
 .text.HAL_TIM_PWM_MspInit
                0x00000000080054d0       0x14 Drivers/STM32F4xx_HAL_Driver/Src/stm32f4xx_hal_tim.o
                0x00000000080054d0                HAL_TIM_PWM_MspInit
 .text.HAL_TIM_PWM_Start
                0x00000000080054e4       0x7c Drivers/STM32F4xx_HAL_Driver/Src/stm32f4xx_hal_tim.o
                0x00000000080054e4                HAL_TIM_PWM_Start
 .text.HAL_TIM_IC_Init
                0x0000000008005560       0x56 Drivers/STM32F4xx_HAL_Driver/Src/stm32f4xx_hal_tim.o
                0x0000000008005560                HAL_TIM_IC_Init
 .text.HAL_TIM_IC_MspInit
                0x00000000080055b6       0x14 Drivers/STM32F4xx_HAL_Driver/Src/stm32f4xx_hal_tim.o
                0x00000000080055b6                HAL_TIM_IC_MspInit
 *fill*         0x00000000080055ca        0x2 
 .text.HAL_TIM_IC_Start_IT
                0x00000000080055cc       0xd0 Drivers/STM32F4xx_HAL_Driver/Src/stm32f4xx_hal_tim.o
                0x00000000080055cc                HAL_TIM_IC_Start_IT
 .text.HAL_TIM_IRQHandler
                0x000000000800569c      0x210 Drivers/STM32F4xx_HAL_Driver/Src/stm32f4xx_hal_tim.o
                0x000000000800569c                HAL_TIM_IRQHandler
 .text.HAL_TIM_IC_ConfigChannel
                0x00000000080058ac      0x138 Drivers/STM32F4xx_HAL_Driver/Src/stm32f4xx_hal_tim.o
                0x00000000080058ac                HAL_TIM_IC_ConfigChannel
 .text.HAL_TIM_PWM_ConfigChannel
                0x00000000080059e4      0x18c Drivers/STM32F4xx_HAL_Driver/Src/stm32f4xx_hal_tim.o
                0x00000000080059e4                HAL_TIM_PWM_ConfigChannel
 .text.HAL_TIM_ConfigClockSource
                0x0000000008005b70      0x188 Drivers/STM32F4xx_HAL_Driver/Src/stm32f4xx_hal_tim.o
                0x0000000008005b70                HAL_TIM_ConfigClockSource
 .text.HAL_TIM_OC_DelayElapsedCallback
                0x0000000008005cf8       0x14 Drivers/STM32F4xx_HAL_Driver/Src/stm32f4xx_hal_tim.o
                0x0000000008005cf8                HAL_TIM_OC_DelayElapsedCallback
 .text.HAL_TIM_PWM_PulseFinishedCallback
                0x0000000008005d0c       0x14 Drivers/STM32F4xx_HAL_Driver/Src/stm32f4xx_hal_tim.o
                0x0000000008005d0c                HAL_TIM_PWM_PulseFinishedCallback
 .text.HAL_TIM_TriggerCallback
                0x0000000008005d20       0x14 Drivers/STM32F4xx_HAL_Driver/Src/stm32f4xx_hal_tim.o
                0x0000000008005d20                HAL_TIM_TriggerCallback
 .text.TIM_Base_SetConfig
                0x0000000008005d34      0x140 Drivers/STM32F4xx_HAL_Driver/Src/stm32f4xx_hal_tim.o
                0x0000000008005d34                TIM_Base_SetConfig
 .text.TIM_OC1_SetConfig
                0x0000000008005e74       0xe0 Drivers/STM32F4xx_HAL_Driver/Src/stm32f4xx_hal_tim.o
 .text.TIM_OC2_SetConfig
                0x0000000008005f54       0xec Drivers/STM32F4xx_HAL_Driver/Src/stm32f4xx_hal_tim.o
                0x0000000008005f54                TIM_OC2_SetConfig
 .text.TIM_OC3_SetConfig
                0x0000000008006040       0xe8 Drivers/STM32F4xx_HAL_Driver/Src/stm32f4xx_hal_tim.o
 .text.TIM_OC4_SetConfig
                0x0000000008006128       0xac Drivers/STM32F4xx_HAL_Driver/Src/stm32f4xx_hal_tim.o
 .text.TIM_TI1_SetConfig
                0x00000000080061d4       0xe8 Drivers/STM32F4xx_HAL_Driver/Src/stm32f4xx_hal_tim.o
                0x00000000080061d4                TIM_TI1_SetConfig
 .text.TIM_TI1_ConfigInputStage
                0x00000000080062bc       0x5e Drivers/STM32F4xx_HAL_Driver/Src/stm32f4xx_hal_tim.o
 .text.TIM_TI2_SetConfig
                0x000000000800631a       0x7a Drivers/STM32F4xx_HAL_Driver/Src/stm32f4xx_hal_tim.o
 .text.TIM_TI2_ConfigInputStage
                0x0000000008006394       0x60 Drivers/STM32F4xx_HAL_Driver/Src/stm32f4xx_hal_tim.o
 .text.TIM_TI3_SetConfig
                0x00000000080063f4       0x78 Drivers/STM32F4xx_HAL_Driver/Src/stm32f4xx_hal_tim.o
 .text.TIM_TI4_SetConfig
                0x000000000800646c       0x7a Drivers/STM32F4xx_HAL_Driver/Src/stm32f4xx_hal_tim.o
 .text.TIM_ITRx_SetConfig
                0x00000000080064e6       0x36 Drivers/STM32F4xx_HAL_Driver/Src/stm32f4xx_hal_tim.o
 .text.TIM_ETR_SetConfig
                0x000000000800651c       0x40 Drivers/STM32F4xx_HAL_Driver/Src/stm32f4xx_hal_tim.o
                0x000000000800651c                TIM_ETR_SetConfig
 .text.TIM_CCxChannelCmd
                0x000000000800655c       0x4a Drivers/STM32F4xx_HAL_Driver/Src/stm32f4xx_hal_tim.o
                0x000000000800655c                TIM_CCxChannelCmd
 *fill*         0x00000000080065a6        0x2 
 .text.HAL_TIMEx_MasterConfigSynchronization
                0x00000000080065a8       0xf8 Drivers/STM32F4xx_HAL_Driver/Src/stm32f4xx_hal_tim_ex.o
                0x00000000080065a8                HAL_TIMEx_MasterConfigSynchronization
 .text.HAL_TIMEx_CommutCallback
                0x00000000080066a0       0x14 Drivers/STM32F4xx_HAL_Driver/Src/stm32f4xx_hal_tim_ex.o
                0x00000000080066a0                HAL_TIMEx_CommutCallback
 .text.HAL_TIMEx_BreakCallback
                0x00000000080066b4       0x14 Drivers/STM32F4xx_HAL_Driver/Src/stm32f4xx_hal_tim_ex.o
                0x00000000080066b4                HAL_TIMEx_BreakCallback
 .text.HAL_UART_Init
                0x00000000080066c8       0x9a Drivers/STM32F4xx_HAL_Driver/Src/stm32f4xx_hal_uart.o
                0x00000000080066c8                HAL_UART_Init
 .text.HAL_UART_Transmit_IT
                0x0000000008006762       0x8a Drivers/STM32F4xx_HAL_Driver/Src/stm32f4xx_hal_uart.o
                0x0000000008006762                HAL_UART_Transmit_IT
 .text.HAL_UART_Receive_IT
                0x00000000080067ec       0xaa Drivers/STM32F4xx_HAL_Driver/Src/stm32f4xx_hal_uart.o
                0x00000000080067ec                HAL_UART_Receive_IT
 *fill*         0x0000000008006896        0x2 
 .text.HAL_UART_IRQHandler
                0x0000000008006898      0x200 Drivers/STM32F4xx_HAL_Driver/Src/stm32f4xx_hal_uart.o
                0x0000000008006898                HAL_UART_IRQHandler
 .text.HAL_UART_TxCpltCallback
                0x0000000008006a98       0x14 Drivers/STM32F4xx_HAL_Driver/Src/stm32f4xx_hal_uart.o
                0x0000000008006a98                HAL_UART_TxCpltCallback
 .text.HAL_UART_ErrorCallback
                0x0000000008006aac       0x14 Drivers/STM32F4xx_HAL_Driver/Src/stm32f4xx_hal_uart.o
                0x0000000008006aac                HAL_UART_ErrorCallback
 .text.UART_EndRxTransfer
                0x0000000008006ac0       0x3c Drivers/STM32F4xx_HAL_Driver/Src/stm32f4xx_hal_uart.o
 .text.UART_DMAAbortOnError
                0x0000000008006afc       0x28 Drivers/STM32F4xx_HAL_Driver/Src/stm32f4xx_hal_uart.o
 .text.UART_Transmit_IT
                0x0000000008006b24       0xac Drivers/STM32F4xx_HAL_Driver/Src/stm32f4xx_hal_uart.o
 .text.UART_EndTransmit_IT
                0x0000000008006bd0       0x30 Drivers/STM32F4xx_HAL_Driver/Src/stm32f4xx_hal_uart.o
 .text.UART_Receive_IT
                0x0000000008006c00      0x102 Drivers/STM32F4xx_HAL_Driver/Src/stm32f4xx_hal_uart.o
 *fill*         0x0000000008006d02        0x2 
 .text.UART_SetConfig
                0x0000000008006d04      0x99c Drivers/STM32F4xx_HAL_Driver/Src/stm32f4xx_hal_uart.o
 .text.__libc_init_array
                0x00000000080076a0       0x48 /opt/st/stm32cubeide_1.4.0/plugins/com.st.stm32cube.ide.mcu.externaltools.gnu-tools-for-stm32.7-2018-q2-update.linux64_1.4.0.202007081208/tools/bin/../lib/gcc/arm-none-eabi/7.3.1/../../../../arm-none-eabi/lib/thumb/v7e-m/fpv4-sp/hard/libc_nano.a(lib_a-init.o)
                0x00000000080076a0                __libc_init_array
 .text.memset   0x00000000080076e8       0x10 /opt/st/stm32cubeide_1.4.0/plugins/com.st.stm32cube.ide.mcu.externaltools.gnu-tools-for-stm32.7-2018-q2-update.linux64_1.4.0.202007081208/tools/bin/../lib/gcc/arm-none-eabi/7.3.1/../../../../arm-none-eabi/lib/thumb/v7e-m/fpv4-sp/hard/libc_nano.a(lib_a-memset.o)
                0x00000000080076e8                memset
 .text.cosf     0x00000000080076f8       0x80 /opt/st/stm32cubeide_1.4.0/plugins/com.st.stm32cube.ide.mcu.externaltools.gnu-tools-for-stm32.7-2018-q2-update.linux64_1.4.0.202007081208/tools/bin/../lib/gcc/arm-none-eabi/7.3.1/../../../../arm-none-eabi/lib/thumb/v7e-m/fpv4-sp/hard/libm.a(lib_a-sf_cos.o)
                0x00000000080076f8                cosf
 .text.sinf     0x0000000008007778       0x84 /opt/st/stm32cubeide_1.4.0/plugins/com.st.stm32cube.ide.mcu.externaltools.gnu-tools-for-stm32.7-2018-q2-update.linux64_1.4.0.202007081208/tools/bin/../lib/gcc/arm-none-eabi/7.3.1/../../../../arm-none-eabi/lib/thumb/v7e-m/fpv4-sp/hard/libm.a(lib_a-sf_sin.o)
                0x0000000008007778                sinf
 .text.atan2f   0x00000000080077fc        0x4 /opt/st/stm32cubeide_1.4.0/plugins/com.st.stm32cube.ide.mcu.externaltools.gnu-tools-for-stm32.7-2018-q2-update.linux64_1.4.0.202007081208/tools/bin/../lib/gcc/arm-none-eabi/7.3.1/../../../../arm-none-eabi/lib/thumb/v7e-m/fpv4-sp/hard/libm.a(lib_a-wf_atan2.o)
                0x00000000080077fc                atan2f
 .text.__ieee754_atan2f
                0x0000000008007800      0x15c /opt/st/stm32cubeide_1.4.0/plugins/com.st.stm32cube.ide.mcu.externaltools.gnu-tools-for-stm32.7-2018-q2-update.linux64_1.4.0.202007081208/tools/bin/../lib/gcc/arm-none-eabi/7.3.1/../../../../arm-none-eabi/lib/thumb/v7e-m/fpv4-sp/hard/libm.a(lib_a-ef_atan2.o)
                0x0000000008007800                __ieee754_atan2f
 .text.__ieee754_rem_pio2f
                0x000000000800795c      0x258 /opt/st/stm32cubeide_1.4.0/plugins/com.st.stm32cube.ide.mcu.externaltools.gnu-tools-for-stm32.7-2018-q2-update.linux64_1.4.0.202007081208/tools/bin/../lib/gcc/arm-none-eabi/7.3.1/../../../../arm-none-eabi/lib/thumb/v7e-m/fpv4-sp/hard/libm.a(lib_a-ef_rem_pio2.o)
                0x000000000800795c                __ieee754_rem_pio2f
 .text.__kernel_cosf
                0x0000000008007bb4       0xbc /opt/st/stm32cubeide_1.4.0/plugins/com.st.stm32cube.ide.mcu.externaltools.gnu-tools-for-stm32.7-2018-q2-update.linux64_1.4.0.202007081208/tools/bin/../lib/gcc/arm-none-eabi/7.3.1/../../../../arm-none-eabi/lib/thumb/v7e-m/fpv4-sp/hard/libm.a(lib_a-kf_cos.o)
                0x0000000008007bb4                __kernel_cosf
 .text.__kernel_rem_pio2f
                0x0000000008007c70      0x504 /opt/st/stm32cubeide_1.4.0/plugins/com.st.stm32cube.ide.mcu.externaltools.gnu-tools-for-stm32.7-2018-q2-update.linux64_1.4.0.202007081208/tools/bin/../lib/gcc/arm-none-eabi/7.3.1/../../../../arm-none-eabi/lib/thumb/v7e-m/fpv4-sp/hard/libm.a(lib_a-kf_rem_pio2.o)
                0x0000000008007c70                __kernel_rem_pio2f
 .text.__kernel_sinf
                0x0000000008008174       0x90 /opt/st/stm32cubeide_1.4.0/plugins/com.st.stm32cube.ide.mcu.externaltools.gnu-tools-for-stm32.7-2018-q2-update.linux64_1.4.0.202007081208/tools/bin/../lib/gcc/arm-none-eabi/7.3.1/../../../../arm-none-eabi/lib/thumb/v7e-m/fpv4-sp/hard/libm.a(lib_a-kf_sin.o)
                0x0000000008008174                __kernel_sinf
 .text.atanf    0x0000000008008204      0x1a8 /opt/st/stm32cubeide_1.4.0/plugins/com.st.stm32cube.ide.mcu.externaltools.gnu-tools-for-stm32.7-2018-q2-update.linux64_1.4.0.202007081208/tools/bin/../lib/gcc/arm-none-eabi/7.3.1/../../../../arm-none-eabi/lib/thumb/v7e-m/fpv4-sp/hard/libm.a(lib_a-sf_atan.o)
                0x0000000008008204                atanf
 .text.fabsf    0x00000000080083ac        0xe /opt/st/stm32cubeide_1.4.0/plugins/com.st.stm32cube.ide.mcu.externaltools.gnu-tools-for-stm32.7-2018-q2-update.linux64_1.4.0.202007081208/tools/bin/../lib/gcc/arm-none-eabi/7.3.1/../../../../arm-none-eabi/lib/thumb/v7e-m/fpv4-sp/hard/libm.a(lib_a-sf_fabs.o)
                0x00000000080083ac                fabsf
 *fill*         0x00000000080083ba        0x2 
 .text.floorf   0x00000000080083bc       0x84 /opt/st/stm32cubeide_1.4.0/plugins/com.st.stm32cube.ide.mcu.externaltools.gnu-tools-for-stm32.7-2018-q2-update.linux64_1.4.0.202007081208/tools/bin/../lib/gcc/arm-none-eabi/7.3.1/../../../../arm-none-eabi/lib/thumb/v7e-m/fpv4-sp/hard/libm.a(lib_a-sf_floor.o)
                0x00000000080083bc                floorf
 .text.scalbnf  0x0000000008008440       0xc0 /opt/st/stm32cubeide_1.4.0/plugins/com.st.stm32cube.ide.mcu.externaltools.gnu-tools-for-stm32.7-2018-q2-update.linux64_1.4.0.202007081208/tools/bin/../lib/gcc/arm-none-eabi/7.3.1/../../../../arm-none-eabi/lib/thumb/v7e-m/fpv4-sp/hard/libm.a(lib_a-sf_scalbn.o)
                0x0000000008008440                scalbnf
 .text.copysignf
                0x0000000008008500       0x18 /opt/st/stm32cubeide_1.4.0/plugins/com.st.stm32cube.ide.mcu.externaltools.gnu-tools-for-stm32.7-2018-q2-update.linux64_1.4.0.202007081208/tools/bin/../lib/gcc/arm-none-eabi/7.3.1/../../../../arm-none-eabi/lib/thumb/v7e-m/fpv4-sp/hard/libm.a(lib_a-sf_copysign.o)
                0x0000000008008500                copysignf
 *(.glue_7)
 .glue_7        0x0000000008008518        0x0 linker stubs
 *(.glue_7t)
 .glue_7t       0x0000000008008518        0x0 linker stubs
 *(.eh_frame)
 .eh_frame      0x0000000008008518        0x0 /opt/st/stm32cubeide_1.4.0/plugins/com.st.stm32cube.ide.mcu.externaltools.gnu-tools-for-stm32.7-2018-q2-update.linux64_1.4.0.202007081208/tools/bin/../lib/gcc/arm-none-eabi/7.3.1/thumb/v7e-m/fpv4-sp/hard/crtbegin.o
 *(.init)
 .init          0x0000000008008518        0x4 /opt/st/stm32cubeide_1.4.0/plugins/com.st.stm32cube.ide.mcu.externaltools.gnu-tools-for-stm32.7-2018-q2-update.linux64_1.4.0.202007081208/tools/bin/../lib/gcc/arm-none-eabi/7.3.1/thumb/v7e-m/fpv4-sp/hard/crti.o
                0x0000000008008518                _init
 .init          0x000000000800851c        0x8 /opt/st/stm32cubeide_1.4.0/plugins/com.st.stm32cube.ide.mcu.externaltools.gnu-tools-for-stm32.7-2018-q2-update.linux64_1.4.0.202007081208/tools/bin/../lib/gcc/arm-none-eabi/7.3.1/thumb/v7e-m/fpv4-sp/hard/crtn.o
 *(.fini)
 .fini          0x0000000008008524        0x4 /opt/st/stm32cubeide_1.4.0/plugins/com.st.stm32cube.ide.mcu.externaltools.gnu-tools-for-stm32.7-2018-q2-update.linux64_1.4.0.202007081208/tools/bin/../lib/gcc/arm-none-eabi/7.3.1/thumb/v7e-m/fpv4-sp/hard/crti.o
                0x0000000008008524                _fini
 .fini          0x0000000008008528        0x8 /opt/st/stm32cubeide_1.4.0/plugins/com.st.stm32cube.ide.mcu.externaltools.gnu-tools-for-stm32.7-2018-q2-update.linux64_1.4.0.202007081208/tools/bin/../lib/gcc/arm-none-eabi/7.3.1/thumb/v7e-m/fpv4-sp/hard/crtn.o
                0x0000000008008530                . = ALIGN (0x4)
                0x0000000008008530                _etext = .

.vfp11_veneer   0x0000000008008530        0x0
 .vfp11_veneer  0x0000000008008530        0x0 linker stubs

.v4_bx          0x0000000008008530        0x0
 .v4_bx         0x0000000008008530        0x0 linker stubs

.iplt           0x0000000008008530        0x0
 .iplt          0x0000000008008530        0x0 /opt/st/stm32cubeide_1.4.0/plugins/com.st.stm32cube.ide.mcu.externaltools.gnu-tools-for-stm32.7-2018-q2-update.linux64_1.4.0.202007081208/tools/bin/../lib/gcc/arm-none-eabi/7.3.1/thumb/v7e-m/fpv4-sp/hard/crtbegin.o

.rodata         0x0000000008008530      0x408
                0x0000000008008530                . = ALIGN (0x4)
 *(.rodata)
 *(.rodata*)
 .rodata.AHBPrescTable
                0x0000000008008530       0x10 Core/Src/system_stm32f4xx.o
                0x0000000008008530                AHBPrescTable
 .rodata.APBPrescTable
                0x0000000008008540        0x8 Core/Src/system_stm32f4xx.o
                0x0000000008008540                APBPrescTable
 .rodata.npio2_hw
                0x0000000008008548       0x80 /opt/st/stm32cubeide_1.4.0/plugins/com.st.stm32cube.ide.mcu.externaltools.gnu-tools-for-stm32.7-2018-q2-update.linux64_1.4.0.202007081208/tools/bin/../lib/gcc/arm-none-eabi/7.3.1/../../../../arm-none-eabi/lib/thumb/v7e-m/fpv4-sp/hard/libm.a(lib_a-ef_rem_pio2.o)
 .rodata.two_over_pi
                0x00000000080085c8      0x318 /opt/st/stm32cubeide_1.4.0/plugins/com.st.stm32cube.ide.mcu.externaltools.gnu-tools-for-stm32.7-2018-q2-update.linux64_1.4.0.202007081208/tools/bin/../lib/gcc/arm-none-eabi/7.3.1/../../../../arm-none-eabi/lib/thumb/v7e-m/fpv4-sp/hard/libm.a(lib_a-ef_rem_pio2.o)
 .rodata.PIo2   0x00000000080088e0       0x2c /opt/st/stm32cubeide_1.4.0/plugins/com.st.stm32cube.ide.mcu.externaltools.gnu-tools-for-stm32.7-2018-q2-update.linux64_1.4.0.202007081208/tools/bin/../lib/gcc/arm-none-eabi/7.3.1/../../../../arm-none-eabi/lib/thumb/v7e-m/fpv4-sp/hard/libm.a(lib_a-kf_rem_pio2.o)
 .rodata.init_jk
                0x000000000800890c        0xc /opt/st/stm32cubeide_1.4.0/plugins/com.st.stm32cube.ide.mcu.externaltools.gnu-tools-for-stm32.7-2018-q2-update.linux64_1.4.0.202007081208/tools/bin/../lib/gcc/arm-none-eabi/7.3.1/../../../../arm-none-eabi/lib/thumb/v7e-m/fpv4-sp/hard/libm.a(lib_a-kf_rem_pio2.o)
 .rodata.atanhi
                0x0000000008008918       0x10 /opt/st/stm32cubeide_1.4.0/plugins/com.st.stm32cube.ide.mcu.externaltools.gnu-tools-for-stm32.7-2018-q2-update.linux64_1.4.0.202007081208/tools/bin/../lib/gcc/arm-none-eabi/7.3.1/../../../../arm-none-eabi/lib/thumb/v7e-m/fpv4-sp/hard/libm.a(lib_a-sf_atan.o)
 .rodata.atanlo
                0x0000000008008928       0x10 /opt/st/stm32cubeide_1.4.0/plugins/com.st.stm32cube.ide.mcu.externaltools.gnu-tools-for-stm32.7-2018-q2-update.linux64_1.4.0.202007081208/tools/bin/../lib/gcc/arm-none-eabi/7.3.1/../../../../arm-none-eabi/lib/thumb/v7e-m/fpv4-sp/hard/libm.a(lib_a-sf_atan.o)
                0x0000000008008938                . = ALIGN (0x4)

.ARM.extab      0x0000000008008938        0x0
                0x0000000008008938                . = ALIGN (0x4)
 *(.ARM.extab* .gnu.linkonce.armextab.*)
                0x0000000008008938                . = ALIGN (0x4)

.ARM            0x0000000008008938        0x8
                0x0000000008008938                . = ALIGN (0x4)
                0x0000000008008938                __exidx_start = .
 *(.ARM.exidx*)
 .ARM.exidx     0x0000000008008938        0x8 /opt/st/stm32cubeide_1.4.0/plugins/com.st.stm32cube.ide.mcu.externaltools.gnu-tools-for-stm32.7-2018-q2-update.linux64_1.4.0.202007081208/tools/bin/../lib/gcc/arm-none-eabi/7.3.1/thumb/v7e-m/fpv4-sp/hard/libgcc.a(_udivmoddi4.o)
                0x0000000008008940                __exidx_end = .
                0x0000000008008940                . = ALIGN (0x4)

.rel.dyn        0x0000000008008940        0x0
 .rel.iplt      0x0000000008008940        0x0 /opt/st/stm32cubeide_1.4.0/plugins/com.st.stm32cube.ide.mcu.externaltools.gnu-tools-for-stm32.7-2018-q2-update.linux64_1.4.0.202007081208/tools/bin/../lib/gcc/arm-none-eabi/7.3.1/thumb/v7e-m/fpv4-sp/hard/crtbegin.o

.preinit_array  0x0000000008008940        0x0
                0x0000000008008940                . = ALIGN (0x4)
                0x0000000008008940                PROVIDE (__preinit_array_start = .)
 *(.preinit_array*)
                0x0000000008008940                PROVIDE (__preinit_array_end = .)
                0x0000000008008940                . = ALIGN (0x4)

.init_array     0x0000000008008940        0x4
                0x0000000008008940                . = ALIGN (0x4)
                0x0000000008008940                PROVIDE (__init_array_start = .)
 *(SORT_BY_NAME(.init_array.*))
 *(.init_array*)
 .init_array    0x0000000008008940        0x4 /opt/st/stm32cubeide_1.4.0/plugins/com.st.stm32cube.ide.mcu.externaltools.gnu-tools-for-stm32.7-2018-q2-update.linux64_1.4.0.202007081208/tools/bin/../lib/gcc/arm-none-eabi/7.3.1/thumb/v7e-m/fpv4-sp/hard/crtbegin.o
                0x0000000008008944                PROVIDE (__init_array_end = .)
                0x0000000008008944                . = ALIGN (0x4)

.fini_array     0x0000000008008944        0x4
                0x0000000008008944                . = ALIGN (0x4)
                [!provide]                        PROVIDE (__fini_array_start = .)
 *(SORT_BY_NAME(.fini_array.*))
 *(.fini_array*)
 .fini_array    0x0000000008008944        0x4 /opt/st/stm32cubeide_1.4.0/plugins/com.st.stm32cube.ide.mcu.externaltools.gnu-tools-for-stm32.7-2018-q2-update.linux64_1.4.0.202007081208/tools/bin/../lib/gcc/arm-none-eabi/7.3.1/thumb/v7e-m/fpv4-sp/hard/crtbegin.o
                [!provide]                        PROVIDE (__fini_array_end = .)
                0x0000000008008948                . = ALIGN (0x4)
                0x0000000008008948                _sidata = LOADADDR (.data)

.data           0x0000000020000000       0x14 load address 0x0000000008008948
                0x0000000020000000                . = ALIGN (0x4)
                0x0000000020000000                _sdata = .
 *(.data)
 *(.data*)
 .data.modoFuncionamiento
                0x0000000020000000        0x1 Core/Src/main.o
                0x0000000020000000                modoFuncionamiento
 .data.periodo_pos
                0x0000000020000001        0x1 Core/Src/main.o
                0x0000000020000001                periodo_pos
 .data.velL     0x0000000020000002        0x1 Core/Src/main.o
                0x0000000020000002                velL
 .data.velR     0x0000000020000003        0x1 Core/Src/main.o
                0x0000000020000003                velR
 .data.velLFinal
                0x0000000020000004        0x1 Core/Src/main.o
                0x0000000020000004                velLFinal
 .data.velRFinal
                0x0000000020000005        0x1 Core/Src/main.o
                0x0000000020000005                velRFinal
 *fill*         0x0000000020000006        0x2 
 .data.SystemCoreClock
                0x0000000020000008        0x4 Core/Src/system_stm32f4xx.o
                0x0000000020000008                SystemCoreClock
 .data.uwTickPrio
                0x000000002000000c        0x4 Drivers/STM32F4xx_HAL_Driver/Src/stm32f4xx_hal.o
                0x000000002000000c                uwTickPrio
 .data.uwTickFreq
                0x0000000020000010        0x1 Drivers/STM32F4xx_HAL_Driver/Src/stm32f4xx_hal.o
                0x0000000020000010                uwTickFreq
                0x0000000020000014                . = ALIGN (0x4)
 *fill*         0x0000000020000011        0x3 
                0x0000000020000014                _edata = .

.igot.plt       0x0000000020000014        0x0 load address 0x000000000800895c
 .igot.plt      0x0000000020000014        0x0 /opt/st/stm32cubeide_1.4.0/plugins/com.st.stm32cube.ide.mcu.externaltools.gnu-tools-for-stm32.7-2018-q2-update.linux64_1.4.0.202007081208/tools/bin/../lib/gcc/arm-none-eabi/7.3.1/thumb/v7e-m/fpv4-sp/hard/crtbegin.o
                0x0000000020000014                . = ALIGN (0x4)

.bss            0x0000000020000014      0x29c load address 0x000000000800895c
                0x0000000020000014                _sbss = .
                0x0000000020000014                __bss_start__ = _sbss
 *(.bss)
 .bss           0x0000000020000014       0x1c /opt/st/stm32cubeide_1.4.0/plugins/com.st.stm32cube.ide.mcu.externaltools.gnu-tools-for-stm32.7-2018-q2-update.linux64_1.4.0.202007081208/tools/bin/../lib/gcc/arm-none-eabi/7.3.1/thumb/v7e-m/fpv4-sp/hard/crtbegin.o
 *(.bss*)
 .bss.cmdEsperado
                0x0000000020000030        0x1 Core/Src/comunicacionUART.o
                0x0000000020000030                cmdEsperado
 .bss.cmdActual
                0x0000000020000031        0x1 Core/Src/comunicacionUART.o
                0x0000000020000031                cmdActual
 .bss.cmdSecuencia
                0x0000000020000032        0x1 Core/Src/comunicacionUART.o
                0x0000000020000032                cmdSecuencia
 *fill*         0x0000000020000033        0x1 
 .bss.hdac      0x0000000020000034       0x14 Core/Src/dac.o
                0x0000000020000034                hdac
 .bss.hi2c1     0x0000000020000048       0x54 Core/Src/i2c.o
                0x0000000020000048                hi2c1
 .bss.flag_cmd  0x000000002000009c        0x1 Core/Src/main.o
                0x000000002000009c                flag_cmd
 .bss.esp01Presente
                0x000000002000009d        0x1 Core/Src/main.o
                0x000000002000009d                esp01Presente
 .bss.status_movimiento
                0x000000002000009e        0x1 Core/Src/main.o
                0x000000002000009e                status_movimiento
 *fill*         0x000000002000009f        0x1 
 .bss.distC     0x00000000200000a0        0x2 Core/Src/main.o
                0x00000000200000a0                distC
 .bss.avance_cant
                0x00000000200000a2        0x2 Core/Src/main.o
                0x00000000200000a2                avance_cant
 .bss.retroceso_cant
                0x00000000200000a4        0x2 Core/Src/main.o
                0x00000000200000a4                retroceso_cant
 .bss.giroIzq_cant
                0x00000000200000a6        0x2 Core/Src/main.o
                0x00000000200000a6                giroIzq_cant
 .bss.giroDer_cant
                0x00000000200000a8        0x2 Core/Src/main.o
                0x00000000200000a8                giroDer_cant
 *fill*         0x00000000200000aa        0x2 
 .bss.posX_f32  0x00000000200000ac        0x4 Core/Src/main.o
                0x00000000200000ac                posX_f32
 .bss.posY_f32  0x00000000200000b0        0x4 Core/Src/main.o
                0x00000000200000b0                posY_f32
 .bss.sensores_dist
                0x00000000200000b4        0x1 Core/Src/main.o
                0x00000000200000b4                sensores_dist
 .bss.desbordeTIM7
                0x00000000200000b5        0x1 Core/Src/main.o
                0x00000000200000b5                desbordeTIM7
 .bss.periodo_Encoder
                0x00000000200000b6        0x1 Core/Src/main.o
                0x00000000200000b6                periodo_Encoder
 .bss.periodo_SR04
                0x00000000200000b7        0x1 Core/Src/main.o
                0x00000000200000b7                periodo_SR04
 .bss.ic1       0x00000000200000b8        0x4 Core/Src/main.o
                0x00000000200000b8                ic1
 .bss.ic2       0x00000000200000bc        0x4 Core/Src/main.o
                0x00000000200000bc                ic2
 .bss.flancoEco
                0x00000000200000c0        0x1 Core/Src/main.o
                0x00000000200000c0                flancoEco
 *fill*         0x00000000200000c1        0x3 
 .bss.cuentaPulsos
                0x00000000200000c4        0x4 Core/Src/main.o
                0x00000000200000c4                cuentaPulsos
 .bss.distanciaSR04
                0x00000000200000c8        0x2 Core/Src/main.o
                0x00000000200000c8                distanciaSR04
 .bss.flag_encoders
                0x00000000200000ca        0x1 Core/Src/main.o
                0x00000000200000ca                flag_encoders
 *fill*         0x00000000200000cb        0x1 
 .bss.acum_encoderL
                0x00000000200000cc        0x2 Core/Src/main.o
                0x00000000200000cc                acum_encoderL
 .bss.acum_encoderR
                0x00000000200000ce        0x2 Core/Src/main.o
                0x00000000200000ce                acum_encoderR
 .bss.htim2     0x00000000200000d0       0x40 Core/Src/tim.o
                0x00000000200000d0                htim2
 .bss.htim3     0x0000000020000110       0x40 Core/Src/tim.o
                0x0000000020000110                htim3
 .bss.htim4     0x0000000020000150       0x40 Core/Src/tim.o
                0x0000000020000150                htim4
 .bss.htim5     0x0000000020000190       0x40 Core/Src/tim.o
                0x0000000020000190                htim5
 .bss.htim7     0x00000000200001d0       0x40 Core/Src/tim.o
                0x00000000200001d0                htim7
 .bss.huart7    0x0000000020000210       0x40 Core/Src/usart.o
                0x0000000020000210                huart7
 .bss.uwTick    0x0000000020000250        0x4 Drivers/STM32F4xx_HAL_Driver/Src/stm32f4xx_hal.o
                0x0000000020000250                uwTick
 *(COMMON)
 COMMON         0x0000000020000254        0xc Core/Src/comunicacionUART.o
                0x0000000020000254                p_rx
                0x0000000020000258                tx
                0x000000002000025c                uart_handler
 COMMON         0x0000000020000260       0x3d Core/Src/main.o
                0x0000000020000260                magY
                0x0000000020000264                distL
                0x0000000020000266                direccion_i16
                0x0000000020000268                SF
                0x000000002000026a                distR
                0x000000002000026c                rxUart
                0x0000000020000270                txUart
                0x0000000020000274                pos_y
                0x0000000020000275                pos_x
                0x0000000020000276                SD
                0x0000000020000277                SI
                0x0000000020000278                posX_i16
                0x000000002000027a                encoderL
                0x000000002000027c                mpu9265
                0x0000000020000290                magX
                0x0000000020000294                direccion_f32
                0x0000000020000298                posY_i16
                0x000000002000029a                encoderR
                0x000000002000029c                pos_ang
 *fill*         0x000000002000029d        0x3 
 COMMON         0x00000000200002a0       0x10 Core/Src/mpu_9265_lfs.o
                0x00000000200002a0                calMagY
                0x00000000200002a4                calMagX
                0x00000000200002a8                calMagZ
                0x00000000200002ac                hi2c_mpu
                0x00000000200002b0                . = ALIGN (0x4)
                0x00000000200002b0                _ebss = .
                0x00000000200002b0                __bss_end__ = _ebss

._user_heap_stack
                0x00000000200002b0      0x600 load address 0x000000000800895c
                0x00000000200002b0                . = ALIGN (0x8)
                [!provide]                        PROVIDE (end = .)
                0x00000000200002b0                PROVIDE (_end = .)
                0x00000000200004b0                . = (. + _Min_Heap_Size)
 *fill*         0x00000000200002b0      0x200 
                0x00000000200008b0                . = (. + _Min_Stack_Size)
 *fill*         0x00000000200004b0      0x400 
                0x00000000200008b0                . = ALIGN (0x8)

/DISCARD/
 libc.a(*)
 libm.a(*)
 libgcc.a(*)

.ARM.attributes
                0x0000000000000000       0x30
 *(.ARM.attributes)
 .ARM.attributes
                0x0000000000000000       0x22 /opt/st/stm32cubeide_1.4.0/plugins/com.st.stm32cube.ide.mcu.externaltools.gnu-tools-for-stm32.7-2018-q2-update.linux64_1.4.0.202007081208/tools/bin/../lib/gcc/arm-none-eabi/7.3.1/thumb/v7e-m/fpv4-sp/hard/crti.o
 .ARM.attributes
                0x0000000000000022       0x34 /opt/st/stm32cubeide_1.4.0/plugins/com.st.stm32cube.ide.mcu.externaltools.gnu-tools-for-stm32.7-2018-q2-update.linux64_1.4.0.202007081208/tools/bin/../lib/gcc/arm-none-eabi/7.3.1/thumb/v7e-m/fpv4-sp/hard/crtbegin.o
 .ARM.attributes
                0x0000000000000056       0x39 Core/Src/comunicacionUART.o
 .ARM.attributes
                0x000000000000008f       0x34 Core/Src/dac.o
 .ARM.attributes
                0x00000000000000c3       0x34 Core/Src/gpio.o
 .ARM.attributes
                0x00000000000000f7       0x34 Core/Src/i2c.o
 .ARM.attributes
                0x000000000000012b       0x39 Core/Src/main.o
 .ARM.attributes
                0x0000000000000164       0x39 Core/Src/mpu_9265_lfs.o
 .ARM.attributes
                0x000000000000019d       0x34 Core/Src/stm32f4xx_hal_msp.o
 .ARM.attributes
                0x00000000000001d1       0x34 Core/Src/stm32f4xx_it.o
 .ARM.attributes
                0x0000000000000205       0x34 Core/Src/system_stm32f4xx.o
 .ARM.attributes
                0x0000000000000239       0x34 Core/Src/tim.o
 .ARM.attributes
                0x000000000000026d       0x34 Core/Src/usart.o
 .ARM.attributes
                0x00000000000002a1       0x21 Core/Startup/startup_stm32f429igtx.o
 .ARM.attributes
                0x00000000000002c2       0x34 Drivers/STM32F4xx_HAL_Driver/Src/stm32f4xx_hal.o
 .ARM.attributes
                0x00000000000002f6       0x34 Drivers/STM32F4xx_HAL_Driver/Src/stm32f4xx_hal_cortex.o
 .ARM.attributes
                0x000000000000032a       0x34 Drivers/STM32F4xx_HAL_Driver/Src/stm32f4xx_hal_dac.o
 .ARM.attributes
                0x000000000000035e       0x34 Drivers/STM32F4xx_HAL_Driver/Src/stm32f4xx_hal_dma.o
 .ARM.attributes
                0x0000000000000392       0x34 Drivers/STM32F4xx_HAL_Driver/Src/stm32f4xx_hal_gpio.o
 .ARM.attributes
                0x00000000000003c6       0x34 Drivers/STM32F4xx_HAL_Driver/Src/stm32f4xx_hal_i2c.o
 .ARM.attributes
                0x00000000000003fa       0x34 Drivers/STM32F4xx_HAL_Driver/Src/stm32f4xx_hal_i2c_ex.o
 .ARM.attributes
                0x000000000000042e       0x34 Drivers/STM32F4xx_HAL_Driver/Src/stm32f4xx_hal_pwr_ex.o
 .ARM.attributes
                0x0000000000000462       0x34 Drivers/STM32F4xx_HAL_Driver/Src/stm32f4xx_hal_rcc.o
 .ARM.attributes
                0x0000000000000496       0x34 Drivers/STM32F4xx_HAL_Driver/Src/stm32f4xx_hal_tim.o
 .ARM.attributes
                0x00000000000004ca       0x34 Drivers/STM32F4xx_HAL_Driver/Src/stm32f4xx_hal_tim_ex.o
 .ARM.attributes
                0x00000000000004fe       0x34 Drivers/STM32F4xx_HAL_Driver/Src/stm32f4xx_hal_uart.o
 .ARM.attributes
                0x0000000000000532       0x34 /opt/st/stm32cubeide_1.4.0/plugins/com.st.stm32cube.ide.mcu.externaltools.gnu-tools-for-stm32.7-2018-q2-update.linux64_1.4.0.202007081208/tools/bin/../lib/gcc/arm-none-eabi/7.3.1/../../../../arm-none-eabi/lib/thumb/v7e-m/fpv4-sp/hard/libc_nano.a(lib_a-init.o)
 .ARM.attributes
                0x0000000000000566       0x34 /opt/st/stm32cubeide_1.4.0/plugins/com.st.stm32cube.ide.mcu.externaltools.gnu-tools-for-stm32.7-2018-q2-update.linux64_1.4.0.202007081208/tools/bin/../lib/gcc/arm-none-eabi/7.3.1/../../../../arm-none-eabi/lib/thumb/v7e-m/fpv4-sp/hard/libc_nano.a(lib_a-memset.o)
 .ARM.attributes
                0x000000000000059a       0x34 /opt/st/stm32cubeide_1.4.0/plugins/com.st.stm32cube.ide.mcu.externaltools.gnu-tools-for-stm32.7-2018-q2-update.linux64_1.4.0.202007081208/tools/bin/../lib/gcc/arm-none-eabi/7.3.1/../../../../arm-none-eabi/lib/thumb/v7e-m/fpv4-sp/hard/libm.a(lib_a-sf_cos.o)
 .ARM.attributes
                0x00000000000005ce       0x34 /opt/st/stm32cubeide_1.4.0/plugins/com.st.stm32cube.ide.mcu.externaltools.gnu-tools-for-stm32.7-2018-q2-update.linux64_1.4.0.202007081208/tools/bin/../lib/gcc/arm-none-eabi/7.3.1/../../../../arm-none-eabi/lib/thumb/v7e-m/fpv4-sp/hard/libm.a(lib_a-sf_sin.o)
 .ARM.attributes
                0x0000000000000602       0x34 /opt/st/stm32cubeide_1.4.0/plugins/com.st.stm32cube.ide.mcu.externaltools.gnu-tools-for-stm32.7-2018-q2-update.linux64_1.4.0.202007081208/tools/bin/../lib/gcc/arm-none-eabi/7.3.1/../../../../arm-none-eabi/lib/thumb/v7e-m/fpv4-sp/hard/libm.a(lib_a-wf_atan2.o)
 .ARM.attributes
                0x0000000000000636       0x34 /opt/st/stm32cubeide_1.4.0/plugins/com.st.stm32cube.ide.mcu.externaltools.gnu-tools-for-stm32.7-2018-q2-update.linux64_1.4.0.202007081208/tools/bin/../lib/gcc/arm-none-eabi/7.3.1/../../../../arm-none-eabi/lib/thumb/v7e-m/fpv4-sp/hard/libm.a(lib_a-ef_atan2.o)
 .ARM.attributes
                0x000000000000066a       0x34 /opt/st/stm32cubeide_1.4.0/plugins/com.st.stm32cube.ide.mcu.externaltools.gnu-tools-for-stm32.7-2018-q2-update.linux64_1.4.0.202007081208/tools/bin/../lib/gcc/arm-none-eabi/7.3.1/../../../../arm-none-eabi/lib/thumb/v7e-m/fpv4-sp/hard/libm.a(lib_a-ef_rem_pio2.o)
 .ARM.attributes
                0x000000000000069e       0x34 /opt/st/stm32cubeide_1.4.0/plugins/com.st.stm32cube.ide.mcu.externaltools.gnu-tools-for-stm32.7-2018-q2-update.linux64_1.4.0.202007081208/tools/bin/../lib/gcc/arm-none-eabi/7.3.1/../../../../arm-none-eabi/lib/thumb/v7e-m/fpv4-sp/hard/libm.a(lib_a-kf_cos.o)
 .ARM.attributes
                0x00000000000006d2       0x34 /opt/st/stm32cubeide_1.4.0/plugins/com.st.stm32cube.ide.mcu.externaltools.gnu-tools-for-stm32.7-2018-q2-update.linux64_1.4.0.202007081208/tools/bin/../lib/gcc/arm-none-eabi/7.3.1/../../../../arm-none-eabi/lib/thumb/v7e-m/fpv4-sp/hard/libm.a(lib_a-kf_rem_pio2.o)
 .ARM.attributes
                0x0000000000000706       0x34 /opt/st/stm32cubeide_1.4.0/plugins/com.st.stm32cube.ide.mcu.externaltools.gnu-tools-for-stm32.7-2018-q2-update.linux64_1.4.0.202007081208/tools/bin/../lib/gcc/arm-none-eabi/7.3.1/../../../../arm-none-eabi/lib/thumb/v7e-m/fpv4-sp/hard/libm.a(lib_a-kf_sin.o)
 .ARM.attributes
                0x000000000000073a       0x34 /opt/st/stm32cubeide_1.4.0/plugins/com.st.stm32cube.ide.mcu.externaltools.gnu-tools-for-stm32.7-2018-q2-update.linux64_1.4.0.202007081208/tools/bin/../lib/gcc/arm-none-eabi/7.3.1/../../../../arm-none-eabi/lib/thumb/v7e-m/fpv4-sp/hard/libm.a(lib_a-sf_atan.o)
 .ARM.attributes
                0x000000000000076e       0x34 /opt/st/stm32cubeide_1.4.0/plugins/com.st.stm32cube.ide.mcu.externaltools.gnu-tools-for-stm32.7-2018-q2-update.linux64_1.4.0.202007081208/tools/bin/../lib/gcc/arm-none-eabi/7.3.1/../../../../arm-none-eabi/lib/thumb/v7e-m/fpv4-sp/hard/libm.a(lib_a-sf_fabs.o)
 .ARM.attributes
                0x00000000000007a2       0x34 /opt/st/stm32cubeide_1.4.0/plugins/com.st.stm32cube.ide.mcu.externaltools.gnu-tools-for-stm32.7-2018-q2-update.linux64_1.4.0.202007081208/tools/bin/../lib/gcc/arm-none-eabi/7.3.1/../../../../arm-none-eabi/lib/thumb/v7e-m/fpv4-sp/hard/libm.a(lib_a-sf_floor.o)
 .ARM.attributes
                0x00000000000007d6       0x34 /opt/st/stm32cubeide_1.4.0/plugins/com.st.stm32cube.ide.mcu.externaltools.gnu-tools-for-stm32.7-2018-q2-update.linux64_1.4.0.202007081208/tools/bin/../lib/gcc/arm-none-eabi/7.3.1/../../../../arm-none-eabi/lib/thumb/v7e-m/fpv4-sp/hard/libm.a(lib_a-sf_scalbn.o)
 .ARM.attributes
                0x000000000000080a       0x34 /opt/st/stm32cubeide_1.4.0/plugins/com.st.stm32cube.ide.mcu.externaltools.gnu-tools-for-stm32.7-2018-q2-update.linux64_1.4.0.202007081208/tools/bin/../lib/gcc/arm-none-eabi/7.3.1/../../../../arm-none-eabi/lib/thumb/v7e-m/fpv4-sp/hard/libm.a(lib_a-sf_copysign.o)
 .ARM.attributes
                0x000000000000083e       0x22 /opt/st/stm32cubeide_1.4.0/plugins/com.st.stm32cube.ide.mcu.externaltools.gnu-tools-for-stm32.7-2018-q2-update.linux64_1.4.0.202007081208/tools/bin/../lib/gcc/arm-none-eabi/7.3.1/thumb/v7e-m/fpv4-sp/hard/libgcc.a(_arm_addsubdf3.o)
 .ARM.attributes
                0x0000000000000860       0x22 /opt/st/stm32cubeide_1.4.0/plugins/com.st.stm32cube.ide.mcu.externaltools.gnu-tools-for-stm32.7-2018-q2-update.linux64_1.4.0.202007081208/tools/bin/../lib/gcc/arm-none-eabi/7.3.1/thumb/v7e-m/fpv4-sp/hard/libgcc.a(_arm_muldivdf3.o)
 .ARM.attributes
                0x0000000000000882       0x22 /opt/st/stm32cubeide_1.4.0/plugins/com.st.stm32cube.ide.mcu.externaltools.gnu-tools-for-stm32.7-2018-q2-update.linux64_1.4.0.202007081208/tools/bin/../lib/gcc/arm-none-eabi/7.3.1/thumb/v7e-m/fpv4-sp/hard/libgcc.a(_arm_truncdfsf2.o)
 .ARM.attributes
                0x00000000000008a4       0x22 /opt/st/stm32cubeide_1.4.0/plugins/com.st.stm32cube.ide.mcu.externaltools.gnu-tools-for-stm32.7-2018-q2-update.linux64_1.4.0.202007081208/tools/bin/../lib/gcc/arm-none-eabi/7.3.1/thumb/v7e-m/fpv4-sp/hard/libgcc.a(_aeabi_uldivmod.o)
 .ARM.attributes
                0x00000000000008c6       0x34 /opt/st/stm32cubeide_1.4.0/plugins/com.st.stm32cube.ide.mcu.externaltools.gnu-tools-for-stm32.7-2018-q2-update.linux64_1.4.0.202007081208/tools/bin/../lib/gcc/arm-none-eabi/7.3.1/thumb/v7e-m/fpv4-sp/hard/libgcc.a(_udivmoddi4.o)
 .ARM.attributes
                0x00000000000008fa       0x22 /opt/st/stm32cubeide_1.4.0/plugins/com.st.stm32cube.ide.mcu.externaltools.gnu-tools-for-stm32.7-2018-q2-update.linux64_1.4.0.202007081208/tools/bin/../lib/gcc/arm-none-eabi/7.3.1/thumb/v7e-m/fpv4-sp/hard/libgcc.a(_dvmd_tls.o)
 .ARM.attributes
                0x000000000000091c       0x22 /opt/st/stm32cubeide_1.4.0/plugins/com.st.stm32cube.ide.mcu.externaltools.gnu-tools-for-stm32.7-2018-q2-update.linux64_1.4.0.202007081208/tools/bin/../lib/gcc/arm-none-eabi/7.3.1/thumb/v7e-m/fpv4-sp/hard/crtn.o
OUTPUT(robot_core_STM32F429IGT6.elf elf32-littlearm)

.debug_info     0x0000000000000000    0x134b6
 .debug_info    0x0000000000000000      0x835 Core/Src/comunicacionUART.o
 .debug_info    0x0000000000000835      0x94a Core/Src/dac.o
 .debug_info    0x000000000000117f      0x4c7 Core/Src/gpio.o
 .debug_info    0x0000000000001646      0xa6e Core/Src/i2c.o
 .debug_info    0x00000000000020b4     0x1ff2 Core/Src/main.o
 .debug_info    0x00000000000040a6      0x890 Core/Src/mpu_9265_lfs.o
 .debug_info    0x0000000000004936      0x2c4 Core/Src/stm32f4xx_hal_msp.o
 .debug_info    0x0000000000004bfa      0x92e Core/Src/stm32f4xx_it.o
 .debug_info    0x0000000000005528      0x53f Core/Src/system_stm32f4xx.o
 .debug_info    0x0000000000005a67     0x1156 Core/Src/tim.o
 .debug_info    0x0000000000006bbd      0xc3d Core/Src/usart.o
 .debug_info    0x00000000000077fa       0x22 Core/Startup/startup_stm32f429igtx.o
 .debug_info    0x000000000000781c      0x9f4 Drivers/STM32F4xx_HAL_Driver/Src/stm32f4xx_hal.o
 .debug_info    0x0000000000008210      0xe51 Drivers/STM32F4xx_HAL_Driver/Src/stm32f4xx_hal_cortex.o
 .debug_info    0x0000000000009061      0xa6d Drivers/STM32F4xx_HAL_Driver/Src/stm32f4xx_hal_dac.o
 .debug_info    0x0000000000009ace      0x94f Drivers/STM32F4xx_HAL_Driver/Src/stm32f4xx_hal_dma.o
 .debug_info    0x000000000000a41d      0x776 Drivers/STM32F4xx_HAL_Driver/Src/stm32f4xx_hal_gpio.o
 .debug_info    0x000000000000ab93     0x25fd Drivers/STM32F4xx_HAL_Driver/Src/stm32f4xx_hal_i2c.o
 .debug_info    0x000000000000d190      0x6b6 Drivers/STM32F4xx_HAL_Driver/Src/stm32f4xx_hal_i2c_ex.o
 .debug_info    0x000000000000d846      0x6e6 Drivers/STM32F4xx_HAL_Driver/Src/stm32f4xx_hal_pwr_ex.o
 .debug_info    0x000000000000df2c      0x982 Drivers/STM32F4xx_HAL_Driver/Src/stm32f4xx_hal_rcc.o
 .debug_info    0x000000000000e8ae     0x266a Drivers/STM32F4xx_HAL_Driver/Src/stm32f4xx_hal_tim.o
 .debug_info    0x0000000000010f18     0x128a Drivers/STM32F4xx_HAL_Driver/Src/stm32f4xx_hal_tim_ex.o
 .debug_info    0x00000000000121a2     0x1314 Drivers/STM32F4xx_HAL_Driver/Src/stm32f4xx_hal_uart.o

.debug_abbrev   0x0000000000000000     0x2d8c
 .debug_abbrev  0x0000000000000000      0x1ac Core/Src/comunicacionUART.o
 .debug_abbrev  0x00000000000001ac      0x1e0 Core/Src/dac.o
 .debug_abbrev  0x000000000000038c      0x146 Core/Src/gpio.o
 .debug_abbrev  0x00000000000004d2      0x1f7 Core/Src/i2c.o
 .debug_abbrev  0x00000000000006c9      0x2a1 Core/Src/main.o
 .debug_abbrev  0x000000000000096a      0x1aa Core/Src/mpu_9265_lfs.o
 .debug_abbrev  0x0000000000000b14       0xd4 Core/Src/stm32f4xx_hal_msp.o
 .debug_abbrev  0x0000000000000be8      0x184 Core/Src/stm32f4xx_it.o
 .debug_abbrev  0x0000000000000d6c      0x116 Core/Src/system_stm32f4xx.o
 .debug_abbrev  0x0000000000000e82      0x24f Core/Src/tim.o
 .debug_abbrev  0x00000000000010d1      0x1fe Core/Src/usart.o
 .debug_abbrev  0x00000000000012cf       0x12 Core/Startup/startup_stm32f429igtx.o
 .debug_abbrev  0x00000000000012e1      0x20d Drivers/STM32F4xx_HAL_Driver/Src/stm32f4xx_hal.o
 .debug_abbrev  0x00000000000014ee      0x316 Drivers/STM32F4xx_HAL_Driver/Src/stm32f4xx_hal_cortex.o
 .debug_abbrev  0x0000000000001804      0x1f9 Drivers/STM32F4xx_HAL_Driver/Src/stm32f4xx_hal_dac.o
 .debug_abbrev  0x00000000000019fd      0x25b Drivers/STM32F4xx_HAL_Driver/Src/stm32f4xx_hal_dma.o
 .debug_abbrev  0x0000000000001c58      0x1c4 Drivers/STM32F4xx_HAL_Driver/Src/stm32f4xx_hal_gpio.o
 .debug_abbrev  0x0000000000001e1c      0x297 Drivers/STM32F4xx_HAL_Driver/Src/stm32f4xx_hal_i2c.o
 .debug_abbrev  0x00000000000020b3      0x14c Drivers/STM32F4xx_HAL_Driver/Src/stm32f4xx_hal_i2c_ex.o
 .debug_abbrev  0x00000000000021ff      0x1c9 Drivers/STM32F4xx_HAL_Driver/Src/stm32f4xx_hal_pwr_ex.o
 .debug_abbrev  0x00000000000023c8      0x2aa Drivers/STM32F4xx_HAL_Driver/Src/stm32f4xx_hal_rcc.o
 .debug_abbrev  0x0000000000002672      0x25d Drivers/STM32F4xx_HAL_Driver/Src/stm32f4xx_hal_tim.o
 .debug_abbrev  0x00000000000028cf      0x24b Drivers/STM32F4xx_HAL_Driver/Src/stm32f4xx_hal_tim_ex.o
 .debug_abbrev  0x0000000000002b1a      0x272 Drivers/STM32F4xx_HAL_Driver/Src/stm32f4xx_hal_uart.o

.debug_aranges  0x0000000000000000     0x1140
 .debug_aranges
                0x0000000000000000       0x38 Core/Src/comunicacionUART.o
 .debug_aranges
                0x0000000000000038       0x30 Core/Src/dac.o
 .debug_aranges
                0x0000000000000068       0x20 Core/Src/gpio.o
 .debug_aranges
                0x0000000000000088       0x30 Core/Src/i2c.o
 .debug_aranges
                0x00000000000000b8       0xa8 Core/Src/main.o
 .debug_aranges
                0x0000000000000160       0x38 Core/Src/mpu_9265_lfs.o
 .debug_aranges
                0x0000000000000198       0x20 Core/Src/stm32f4xx_hal_msp.o
 .debug_aranges
                0x00000000000001b8       0x78 Core/Src/stm32f4xx_it.o
 .debug_aranges
                0x0000000000000230       0x28 Core/Src/system_stm32f4xx.o
 .debug_aranges
                0x0000000000000258       0x58 Core/Src/tim.o
 .debug_aranges
                0x00000000000002b0       0x30 Core/Src/usart.o
 .debug_aranges
                0x00000000000002e0       0x28 Core/Startup/startup_stm32f429igtx.o
 .debug_aranges
                0x0000000000000308      0x100 Drivers/STM32F4xx_HAL_Driver/Src/stm32f4xx_hal.o
 .debug_aranges
                0x0000000000000408      0x118 Drivers/STM32F4xx_HAL_Driver/Src/stm32f4xx_hal_cortex.o
 .debug_aranges
                0x0000000000000520       0xc0 Drivers/STM32F4xx_HAL_Driver/Src/stm32f4xx_hal_dac.o
 .debug_aranges
                0x00000000000005e0       0x90 Drivers/STM32F4xx_HAL_Driver/Src/stm32f4xx_hal_dma.o
 .debug_aranges
                0x0000000000000670       0x58 Drivers/STM32F4xx_HAL_Driver/Src/stm32f4xx_hal_gpio.o
 .debug_aranges
                0x00000000000006c8      0x2a0 Drivers/STM32F4xx_HAL_Driver/Src/stm32f4xx_hal_i2c.o
 .debug_aranges
                0x0000000000000968       0x28 Drivers/STM32F4xx_HAL_Driver/Src/stm32f4xx_hal_i2c_ex.o
 .debug_aranges
                0x0000000000000990       0x60 Drivers/STM32F4xx_HAL_Driver/Src/stm32f4xx_hal_pwr_ex.o
 .debug_aranges
                0x00000000000009f0       0x88 Drivers/STM32F4xx_HAL_Driver/Src/stm32f4xx_hal_rcc.o
 .debug_aranges
                0x0000000000000a78      0x3a8 Drivers/STM32F4xx_HAL_Driver/Src/stm32f4xx_hal_tim.o
 .debug_aranges
                0x0000000000000e20      0x150 Drivers/STM32F4xx_HAL_Driver/Src/stm32f4xx_hal_tim_ex.o
 .debug_aranges
                0x0000000000000f70      0x1d0 Drivers/STM32F4xx_HAL_Driver/Src/stm32f4xx_hal_uart.o

.debug_ranges   0x0000000000000000      0xff0
 .debug_ranges  0x0000000000000000       0x28 Core/Src/comunicacionUART.o
 .debug_ranges  0x0000000000000028       0x20 Core/Src/dac.o
 .debug_ranges  0x0000000000000048       0x10 Core/Src/gpio.o
 .debug_ranges  0x0000000000000058       0x20 Core/Src/i2c.o
 .debug_ranges  0x0000000000000078       0x98 Core/Src/main.o
 .debug_ranges  0x0000000000000110       0x28 Core/Src/mpu_9265_lfs.o
 .debug_ranges  0x0000000000000138       0x10 Core/Src/stm32f4xx_hal_msp.o
 .debug_ranges  0x0000000000000148       0x68 Core/Src/stm32f4xx_it.o
 .debug_ranges  0x00000000000001b0       0x18 Core/Src/system_stm32f4xx.o
 .debug_ranges  0x00000000000001c8       0x48 Core/Src/tim.o
 .debug_ranges  0x0000000000000210       0x20 Core/Src/usart.o
 .debug_ranges  0x0000000000000230       0x20 Core/Startup/startup_stm32f429igtx.o
 .debug_ranges  0x0000000000000250       0xf0 Drivers/STM32F4xx_HAL_Driver/Src/stm32f4xx_hal.o
 .debug_ranges  0x0000000000000340      0x108 Drivers/STM32F4xx_HAL_Driver/Src/stm32f4xx_hal_cortex.o
 .debug_ranges  0x0000000000000448       0xb0 Drivers/STM32F4xx_HAL_Driver/Src/stm32f4xx_hal_dac.o
 .debug_ranges  0x00000000000004f8       0x80 Drivers/STM32F4xx_HAL_Driver/Src/stm32f4xx_hal_dma.o
 .debug_ranges  0x0000000000000578       0x48 Drivers/STM32F4xx_HAL_Driver/Src/stm32f4xx_hal_gpio.o
 .debug_ranges  0x00000000000005c0      0x2b8 Drivers/STM32F4xx_HAL_Driver/Src/stm32f4xx_hal_i2c.o
 .debug_ranges  0x0000000000000878       0x18 Drivers/STM32F4xx_HAL_Driver/Src/stm32f4xx_hal_i2c_ex.o
 .debug_ranges  0x0000000000000890       0x50 Drivers/STM32F4xx_HAL_Driver/Src/stm32f4xx_hal_pwr_ex.o
 .debug_ranges  0x00000000000008e0       0x78 Drivers/STM32F4xx_HAL_Driver/Src/stm32f4xx_hal_rcc.o
 .debug_ranges  0x0000000000000958      0x398 Drivers/STM32F4xx_HAL_Driver/Src/stm32f4xx_hal_tim.o
 .debug_ranges  0x0000000000000cf0      0x140 Drivers/STM32F4xx_HAL_Driver/Src/stm32f4xx_hal_tim_ex.o
 .debug_ranges  0x0000000000000e30      0x1c0 Drivers/STM32F4xx_HAL_Driver/Src/stm32f4xx_hal_uart.o

.debug_macro    0x0000000000000000    0x26102
 .debug_macro   0x0000000000000000      0x223 Core/Src/comunicacionUART.o
 .debug_macro   0x0000000000000223      0xa5a Core/Src/comunicacionUART.o
 .debug_macro   0x0000000000000c7d      0x2a0 Core/Src/comunicacionUART.o
 .debug_macro   0x0000000000000f1d       0x2e Core/Src/comunicacionUART.o
 .debug_macro   0x0000000000000f4b       0x28 Core/Src/comunicacionUART.o
 .debug_macro   0x0000000000000f73       0x22 Core/Src/comunicacionUART.o
 .debug_macro   0x0000000000000f95       0x8e Core/Src/comunicacionUART.o
 .debug_macro   0x0000000000001023       0x51 Core/Src/comunicacionUART.o
 .debug_macro   0x0000000000001074       0xef Core/Src/comunicacionUART.o
 .debug_macro   0x0000000000001163       0x6a Core/Src/comunicacionUART.o
 .debug_macro   0x00000000000011cd      0x1df Core/Src/comunicacionUART.o
 .debug_macro   0x00000000000013ac       0x1c Core/Src/comunicacionUART.o
 .debug_macro   0x00000000000013c8       0x22 Core/Src/comunicacionUART.o
 .debug_macro   0x00000000000013ea       0xdf Core/Src/comunicacionUART.o
 .debug_macro   0x00000000000014c9     0x102d Core/Src/comunicacionUART.o
 .debug_macro   0x00000000000024f6      0x11f Core/Src/comunicacionUART.o
 .debug_macro   0x0000000000002615    0x17f69 Core/Src/comunicacionUART.o
 .debug_macro   0x000000000001a57e       0x43 Core/Src/comunicacionUART.o
 .debug_macro   0x000000000001a5c1     0x36c9 Core/Src/comunicacionUART.o
 .debug_macro   0x000000000001dc8a      0x174 Core/Src/comunicacionUART.o
 .debug_macro   0x000000000001ddfe       0x5a Core/Src/comunicacionUART.o
 .debug_macro   0x000000000001de58      0xca5 Core/Src/comunicacionUART.o
 .debug_macro   0x000000000001eafd      0x9fe Core/Src/comunicacionUART.o
 .debug_macro   0x000000000001f4fb      0x117 Core/Src/comunicacionUART.o
 .debug_macro   0x000000000001f612      0x157 Core/Src/comunicacionUART.o
 .debug_macro   0x000000000001f769       0x27 Core/Src/comunicacionUART.o
 .debug_macro   0x000000000001f790      0x182 Core/Src/comunicacionUART.o
 .debug_macro   0x000000000001f912      0x287 Core/Src/comunicacionUART.o
 .debug_macro   0x000000000001fb99       0x5f Core/Src/comunicacionUART.o
 .debug_macro   0x000000000001fbf8      0x236 Core/Src/comunicacionUART.o
 .debug_macro   0x000000000001fe2e       0xea Core/Src/comunicacionUART.o
 .debug_macro   0x000000000001ff18       0xa0 Core/Src/comunicacionUART.o
 .debug_macro   0x000000000001ffb8       0x3c Core/Src/comunicacionUART.o
 .debug_macro   0x000000000001fff4      0x132 Core/Src/comunicacionUART.o
 .debug_macro   0x0000000000020126      0x41d Core/Src/comunicacionUART.o
 .debug_macro   0x0000000000020543       0x2e Core/Src/comunicacionUART.o
 .debug_macro   0x0000000000020571      0x1b5 Core/Src/comunicacionUART.o
 .debug_macro   0x0000000000020726       0x22 Core/Src/comunicacionUART.o
 .debug_macro   0x0000000000020748       0xd6 Core/Src/comunicacionUART.o
 .debug_macro   0x000000000002081e      0x11a Core/Src/comunicacionUART.o
 .debug_macro   0x0000000000020938       0xe2 Core/Src/comunicacionUART.o
 .debug_macro   0x0000000000020a1a       0x89 Core/Src/comunicacionUART.o
 .debug_macro   0x0000000000020aa3      0x8a0 Core/Src/comunicacionUART.o
 .debug_macro   0x0000000000021343       0x47 Core/Src/comunicacionUART.o
 .debug_macro   0x000000000002138a      0x287 Core/Src/comunicacionUART.o
 .debug_macro   0x0000000000021611      0x134 Core/Src/comunicacionUART.o
 .debug_macro   0x0000000000021745       0x7c Core/Src/comunicacionUART.o
 .debug_macro   0x00000000000217c1      0x219 Core/Src/dac.o
 .debug_macro   0x00000000000219da      0xa78 Core/Src/dac.o
 .debug_macro   0x0000000000022452       0x22 Core/Src/dac.o
 .debug_macro   0x0000000000022474      0x103 Core/Src/dac.o
 .debug_macro   0x0000000000022577       0xd9 Core/Src/dac.o
 .debug_macro   0x0000000000022650      0x174 Core/Src/dac.o
 .debug_macro   0x00000000000227c4      0x219 Core/Src/gpio.o
 .debug_macro   0x00000000000229dd      0x219 Core/Src/i2c.o
 .debug_macro   0x0000000000022bf6      0x361 Core/Src/main.o
 .debug_macro   0x0000000000022f57       0x18 Core/Src/main.o
 .debug_macro   0x0000000000022f6f       0x46 Core/Src/main.o
 .debug_macro   0x0000000000022fb5       0x3c Core/Src/main.o
 .debug_macro   0x0000000000022ff1       0x34 Core/Src/main.o
 .debug_macro   0x0000000000023025       0x16 Core/Src/main.o
 .debug_macro   0x000000000002303b       0x35 Core/Src/main.o
 .debug_macro   0x0000000000023070       0x52 Core/Src/main.o
 .debug_macro   0x00000000000230c2       0x1f Core/Src/main.o
 .debug_macro   0x00000000000230e1       0x43 Core/Src/main.o
 .debug_macro   0x0000000000023124       0x20 Core/Src/main.o
 .debug_macro   0x0000000000023144      0x1a3 Core/Src/main.o
 .debug_macro   0x00000000000232e7      0x32a Core/Src/main.o
 .debug_macro   0x0000000000023611       0x16 Core/Src/main.o
 .debug_macro   0x0000000000023627       0x29 Core/Src/main.o
 .debug_macro   0x0000000000023650      0x1e1 Core/Src/main.o
 .debug_macro   0x0000000000023831      0x54f Core/Src/mpu_9265_lfs.o
 .debug_macro   0x0000000000023d80      0x20f Core/Src/stm32f4xx_hal_msp.o
 .debug_macro   0x0000000000023f8f      0x219 Core/Src/stm32f4xx_it.o
 .debug_macro   0x00000000000241a8      0x206 Core/Src/system_stm32f4xx.o
 .debug_macro   0x00000000000243ae      0x219 Core/Src/tim.o
 .debug_macro   0x00000000000245c7      0x219 Core/Src/usart.o
 .debug_macro   0x00000000000247e0      0x260 Drivers/STM32F4xx_HAL_Driver/Src/stm32f4xx_hal.o
 .debug_macro   0x0000000000024a40      0x200 Drivers/STM32F4xx_HAL_Driver/Src/stm32f4xx_hal_cortex.o
 .debug_macro   0x0000000000024c40      0x201 Drivers/STM32F4xx_HAL_Driver/Src/stm32f4xx_hal_dac.o
 .debug_macro   0x0000000000024e41      0x206 Drivers/STM32F4xx_HAL_Driver/Src/stm32f4xx_hal_dma.o
 .debug_macro   0x0000000000025047      0x236 Drivers/STM32F4xx_HAL_Driver/Src/stm32f4xx_hal_gpio.o
 .debug_macro   0x000000000002527d      0x247 Drivers/STM32F4xx_HAL_Driver/Src/stm32f4xx_hal_i2c.o
 .debug_macro   0x00000000000254c4      0x200 Drivers/STM32F4xx_HAL_Driver/Src/stm32f4xx_hal_i2c_ex.o
 .debug_macro   0x00000000000256c4      0x218 Drivers/STM32F4xx_HAL_Driver/Src/stm32f4xx_hal_pwr_ex.o
 .debug_macro   0x00000000000258dc      0x224 Drivers/STM32F4xx_HAL_Driver/Src/stm32f4xx_hal_rcc.o
 .debug_macro   0x0000000000025b00      0x201 Drivers/STM32F4xx_HAL_Driver/Src/stm32f4xx_hal_tim.o
 .debug_macro   0x0000000000025d01      0x200 Drivers/STM32F4xx_HAL_Driver/Src/stm32f4xx_hal_tim_ex.o
 .debug_macro   0x0000000000025f01      0x201 Drivers/STM32F4xx_HAL_Driver/Src/stm32f4xx_hal_uart.o

.debug_line     0x0000000000000000    0x14129
 .debug_line    0x0000000000000000      0x81c Core/Src/comunicacionUART.o
 .debug_line    0x000000000000081c      0x75d Core/Src/dac.o
 .debug_line    0x0000000000000f79      0x723 Core/Src/gpio.o
 .debug_line    0x000000000000169c      0x773 Core/Src/i2c.o
 .debug_line    0x0000000000001e0f      0xc0c Core/Src/main.o
 .debug_line    0x0000000000002a1b      0x777 Core/Src/mpu_9265_lfs.o
 .debug_line    0x0000000000003192      0x6fa Core/Src/stm32f4xx_hal_msp.o
 .debug_line    0x000000000000388c      0x7fe Core/Src/stm32f4xx_it.o
 .debug_line    0x000000000000408a      0x781 Core/Src/system_stm32f4xx.o
 .debug_line    0x000000000000480b      0xa30 Core/Src/tim.o
 .debug_line    0x000000000000523b      0x764 Core/Src/usart.o
 .debug_line    0x000000000000599f       0x85 Core/Startup/startup_stm32f429igtx.o
 .debug_line    0x0000000000005a24      0xa17 Drivers/STM32F4xx_HAL_Driver/Src/stm32f4xx_hal.o
 .debug_line    0x000000000000643b      0xc90 Drivers/STM32F4xx_HAL_Driver/Src/stm32f4xx_hal_cortex.o
 .debug_line    0x00000000000070cb      0xb88 Drivers/STM32F4xx_HAL_Driver/Src/stm32f4xx_hal_dac.o
 .debug_line    0x0000000000007c53      0xf4c Drivers/STM32F4xx_HAL_Driver/Src/stm32f4xx_hal_dma.o
 .debug_line    0x0000000000008b9f      0xb91 Drivers/STM32F4xx_HAL_Driver/Src/stm32f4xx_hal_gpio.o
 .debug_line    0x0000000000009730     0x389d Drivers/STM32F4xx_HAL_Driver/Src/stm32f4xx_hal_i2c.o
 .debug_line    0x000000000000cfcd      0x774 Drivers/STM32F4xx_HAL_Driver/Src/stm32f4xx_hal_i2c_ex.o
 .debug_line    0x000000000000d741      0x910 Drivers/STM32F4xx_HAL_Driver/Src/stm32f4xx_hal_pwr_ex.o
 .debug_line    0x000000000000e051      0xd46 Drivers/STM32F4xx_HAL_Driver/Src/stm32f4xx_hal_rcc.o
 .debug_line    0x000000000000ed97     0x29c7 Drivers/STM32F4xx_HAL_Driver/Src/stm32f4xx_hal_tim.o
 .debug_line    0x000000000001175e     0x11d2 Drivers/STM32F4xx_HAL_Driver/Src/stm32f4xx_hal_tim_ex.o
 .debug_line    0x0000000000012930     0x17f9 Drivers/STM32F4xx_HAL_Driver/Src/stm32f4xx_hal_uart.o

.debug_str      0x0000000000000000    0xdd81d
 .debug_str     0x0000000000000000    0xd461d Core/Src/comunicacionUART.o
                                      0xd491a (size before relaxing)
 .debug_str     0x00000000000d461d      0x830 Core/Src/dac.o
                                      0xd47a2 (size before relaxing)
 .debug_str     0x00000000000d4e4d       0x66 Core/Src/gpio.o
                                      0xd43ad (size before relaxing)
 .debug_str     0x00000000000d4eb3      0x2be Core/Src/i2c.o
                                      0xd491c (size before relaxing)
 .debug_str     0x00000000000d5171     0x3eb6 Core/Src/main.o
                                      0xd8d8e (size before relaxing)
 .debug_str     0x00000000000d9027      0xa02 Core/Src/mpu_9265_lfs.o
                                      0xd5227 (size before relaxing)
 .debug_str     0x00000000000d9a29       0x2c Core/Src/stm32f4xx_hal_msp.o
                                      0xd42e4 (size before relaxing)
 .debug_str     0x00000000000d9a55      0x121 Core/Src/stm32f4xx_it.o
                                      0xd48cb (size before relaxing)
 .debug_str     0x00000000000d9b76       0xc4 Core/Src/system_stm32f4xx.o
                                      0xd41c8 (size before relaxing)
 .debug_str     0x00000000000d9c3a      0x802 Core/Src/tim.o
                                      0xd5031 (size before relaxing)
 .debug_str     0x00000000000da43c       0x5f Core/Src/usart.o
                                      0xd4daf (size before relaxing)
 .debug_str     0x00000000000da49b       0x36 Core/Startup/startup_stm32f429igtx.o
                                         0x89 (size before relaxing)
 .debug_str     0x00000000000da4d1      0x5da Drivers/STM32F4xx_HAL_Driver/Src/stm32f4xx_hal.o
                                      0xd4dd6 (size before relaxing)
 .debug_str     0x00000000000daaab      0x323 Drivers/STM32F4xx_HAL_Driver/Src/stm32f4xx_hal_cortex.o
                                      0xd4abb (size before relaxing)
 .debug_str     0x00000000000dadce      0x224 Drivers/STM32F4xx_HAL_Driver/Src/stm32f4xx_hal_dac.o
                                      0xd4615 (size before relaxing)
 .debug_str     0x00000000000daff2      0x2fe Drivers/STM32F4xx_HAL_Driver/Src/stm32f4xx_hal_dma.o
                                      0xd45ba (size before relaxing)
 .debug_str     0x00000000000db2f0      0x1ce Drivers/STM32F4xx_HAL_Driver/Src/stm32f4xx_hal_gpio.o
                                      0xd43db (size before relaxing)
 .debug_str     0x00000000000db4be      0xabb Drivers/STM32F4xx_HAL_Driver/Src/stm32f4xx_hal_i2c.o
                                      0xd5170 (size before relaxing)
 .debug_str     0x00000000000dbf79       0x3b Drivers/STM32F4xx_HAL_Driver/Src/stm32f4xx_hal_i2c_ex.o
                                      0xd4582 (size before relaxing)
 .debug_str     0x00000000000dbfb4      0x12d Drivers/STM32F4xx_HAL_Driver/Src/stm32f4xx_hal_pwr_ex.o
                                      0xd438b (size before relaxing)
 .debug_str     0x00000000000dc0e1      0x239 Drivers/STM32F4xx_HAL_Driver/Src/stm32f4xx_hal_rcc.o
                                      0xd45e7 (size before relaxing)
 .debug_str     0x00000000000dc31a      0xbef Drivers/STM32F4xx_HAL_Driver/Src/stm32f4xx_hal_tim.o
                                      0xd530c (size before relaxing)
 .debug_str     0x00000000000dcf09      0x447 Drivers/STM32F4xx_HAL_Driver/Src/stm32f4xx_hal_tim_ex.o
                                      0xd4b55 (size before relaxing)
 .debug_str     0x00000000000dd350      0x4cd Drivers/STM32F4xx_HAL_Driver/Src/stm32f4xx_hal_uart.o
                                      0xd4a4c (size before relaxing)

.comment        0x0000000000000000       0xcb
 .comment       0x0000000000000000       0x7b Core/Src/comunicacionUART.o
                                         0x7c (size before relaxing)
 .comment       0x000000000000007b       0x50 Core/Src/dac.o
                                         0x51 (size before relaxing)
 .comment       0x00000000000000cb       0x51 Core/Src/gpio.o
 .comment       0x00000000000000cb       0x51 Core/Src/i2c.o
 .comment       0x00000000000000cb       0x7c Core/Src/main.o
 .comment       0x00000000000000cb       0x7c Core/Src/mpu_9265_lfs.o
 .comment       0x00000000000000cb       0x51 Core/Src/stm32f4xx_hal_msp.o
 .comment       0x00000000000000cb       0x51 Core/Src/stm32f4xx_it.o
 .comment       0x00000000000000cb       0x51 Core/Src/system_stm32f4xx.o
 .comment       0x00000000000000cb       0x51 Core/Src/tim.o
 .comment       0x00000000000000cb       0x51 Core/Src/usart.o
 .comment       0x00000000000000cb       0x51 Drivers/STM32F4xx_HAL_Driver/Src/stm32f4xx_hal.o
 .comment       0x00000000000000cb       0x51 Drivers/STM32F4xx_HAL_Driver/Src/stm32f4xx_hal_cortex.o
 .comment       0x00000000000000cb       0x51 Drivers/STM32F4xx_HAL_Driver/Src/stm32f4xx_hal_dac.o
 .comment       0x00000000000000cb       0x51 Drivers/STM32F4xx_HAL_Driver/Src/stm32f4xx_hal_dma.o
 .comment       0x00000000000000cb       0x51 Drivers/STM32F4xx_HAL_Driver/Src/stm32f4xx_hal_gpio.o
 .comment       0x00000000000000cb       0x51 Drivers/STM32F4xx_HAL_Driver/Src/stm32f4xx_hal_i2c.o
 .comment       0x00000000000000cb       0x51 Drivers/STM32F4xx_HAL_Driver/Src/stm32f4xx_hal_i2c_ex.o
 .comment       0x00000000000000cb       0x51 Drivers/STM32F4xx_HAL_Driver/Src/stm32f4xx_hal_pwr_ex.o