Archive member included to satisfy reference by file (symbol)

/app/stm32cubeide/plugins/com.st.stm32cube.ide.mcu.externaltools.gnu-tools-for-stm32.10.3-2021.10.linux64_1.0.200.202301161003/tools/bin/../lib/gcc/arm-none-eabi/10.3.1/../../../../arm-none-eabi/lib/thumb/v7e-m+fp/hard/libc_nano.a(lib_a-errno.o)
                              ./Core/Src/syscalls.o (__errno)
/app/stm32cubeide/plugins/com.st.stm32cube.ide.mcu.externaltools.gnu-tools-for-stm32.10.3-2021.10.linux64_1.0.200.202301161003/tools/bin/../lib/gcc/arm-none-eabi/10.3.1/../../../../arm-none-eabi/lib/thumb/v7e-m+fp/hard/libc_nano.a(lib_a-exit.o)
                              /app/stm32cubeide/plugins/com.st.stm32cube.ide.mcu.externaltools.gnu-tools-for-stm32.10.3-2021.10.linux64_1.0.200.202301161003/tools/bin/../lib/gcc/arm-none-eabi/10.3.1/../../../../arm-none-eabi/lib/thumb/v7e-m+fp/hard/crt0.o (exit)
/app/stm32cubeide/plugins/com.st.stm32cube.ide.mcu.externaltools.gnu-tools-for-stm32.10.3-2021.10.linux64_1.0.200.202301161003/tools/bin/../lib/gcc/arm-none-eabi/10.3.1/../../../../arm-none-eabi/lib/thumb/v7e-m+fp/hard/libc_nano.a(lib_a-impure.o)
                              /app/stm32cubeide/plugins/com.st.stm32cube.ide.mcu.externaltools.gnu-tools-for-stm32.10.3-2021.10.linux64_1.0.200.202301161003/tools/bin/../lib/gcc/arm-none-eabi/10.3.1/../../../../arm-none-eabi/lib/thumb/v7e-m+fp/hard/libc_nano.a(lib_a-exit.o) (_global_impure_ptr)
/app/stm32cubeide/plugins/com.st.stm32cube.ide.mcu.externaltools.gnu-tools-for-stm32.10.3-2021.10.linux64_1.0.200.202301161003/tools/bin/../lib/gcc/arm-none-eabi/10.3.1/../../../../arm-none-eabi/lib/thumb/v7e-m+fp/hard/libc_nano.a(lib_a-init.o)
                              /app/stm32cubeide/plugins/com.st.stm32cube.ide.mcu.externaltools.gnu-tools-for-stm32.10.3-2021.10.linux64_1.0.200.202301161003/tools/bin/../lib/gcc/arm-none-eabi/10.3.1/../../../../arm-none-eabi/lib/thumb/v7e-m+fp/hard/crt0.o (__libc_init_array)
/app/stm32cubeide/plugins/com.st.stm32cube.ide.mcu.externaltools.gnu-tools-for-stm32.10.3-2021.10.linux64_1.0.200.202301161003/tools/bin/../lib/gcc/arm-none-eabi/10.3.1/../../../../arm-none-eabi/lib/thumb/v7e-m+fp/hard/libc_nano.a(lib_a-memset.o)
                              /app/stm32cubeide/plugins/com.st.stm32cube.ide.mcu.externaltools.gnu-tools-for-stm32.10.3-2021.10.linux64_1.0.200.202301161003/tools/bin/../lib/gcc/arm-none-eabi/10.3.1/../../../../arm-none-eabi/lib/thumb/v7e-m+fp/hard/crt0.o (memset)
/app/stm32cubeide/plugins/com.st.stm32cube.ide.mcu.externaltools.gnu-tools-for-stm32.10.3-2021.10.linux64_1.0.200.202301161003/tools/bin/../lib/gcc/arm-none-eabi/10.3.1/../../../../arm-none-eabi/lib/thumb/v7e-m+fp/hard/libc_nano.a(lib_a-sprintf.o)
                              ./Core/Src/main.o (sprintf)
/app/stm32cubeide/plugins/com.st.stm32cube.ide.mcu.externaltools.gnu-tools-for-stm32.10.3-2021.10.linux64_1.0.200.202301161003/tools/bin/../lib/gcc/arm-none-eabi/10.3.1/../../../../arm-none-eabi/lib/thumb/v7e-m+fp/hard/libc_nano.a(lib_a-nano-svfprintf.o)
                              /app/stm32cubeide/plugins/com.st.stm32cube.ide.mcu.externaltools.gnu-tools-for-stm32.10.3-2021.10.linux64_1.0.200.202301161003/tools/bin/../lib/gcc/arm-none-eabi/10.3.1/../../../../arm-none-eabi/lib/thumb/v7e-m+fp/hard/libc_nano.a(lib_a-sprintf.o) (_svfprintf_r)
/app/stm32cubeide/plugins/com.st.stm32cube.ide.mcu.externaltools.gnu-tools-for-stm32.10.3-2021.10.linux64_1.0.200.202301161003/tools/bin/../lib/gcc/arm-none-eabi/10.3.1/../../../../arm-none-eabi/lib/thumb/v7e-m+fp/hard/libc_nano.a(lib_a-nano-vfprintf_i.o)
                              /app/stm32cubeide/plugins/com.st.stm32cube.ide.mcu.externaltools.gnu-tools-for-stm32.10.3-2021.10.linux64_1.0.200.202301161003/tools/bin/../lib/gcc/arm-none-eabi/10.3.1/../../../../arm-none-eabi/lib/thumb/v7e-m+fp/hard/libc_nano.a(lib_a-nano-svfprintf.o) (_printf_i)
/app/stm32cubeide/plugins/com.st.stm32cube.ide.mcu.externaltools.gnu-tools-for-stm32.10.3-2021.10.linux64_1.0.200.202301161003/tools/bin/../lib/gcc/arm-none-eabi/10.3.1/../../../../arm-none-eabi/lib/thumb/v7e-m+fp/hard/libc_nano.a(lib_a-memchr.o)
                              /app/stm32cubeide/plugins/com.st.stm32cube.ide.mcu.externaltools.gnu-tools-for-stm32.10.3-2021.10.linux64_1.0.200.202301161003/tools/bin/../lib/gcc/arm-none-eabi/10.3.1/../../../../arm-none-eabi/lib/thumb/v7e-m+fp/hard/libc_nano.a(lib_a-nano-svfprintf.o) (memchr)
/app/stm32cubeide/plugins/com.st.stm32cube.ide.mcu.externaltools.gnu-tools-for-stm32.10.3-2021.10.linux64_1.0.200.202301161003/tools/bin/../lib/gcc/arm-none-eabi/10.3.1/../../../../arm-none-eabi/lib/thumb/v7e-m+fp/hard/libc_nano.a(lib_a-memcpy-stub.o)
                              /app/stm32cubeide/plugins/com.st.stm32cube.ide.mcu.externaltools.gnu-tools-for-stm32.10.3-2021.10.linux64_1.0.200.202301161003/tools/bin/../lib/gcc/arm-none-eabi/10.3.1/../../../../arm-none-eabi/lib/thumb/v7e-m+fp/hard/libc_nano.a(lib_a-nano-svfprintf.o) (memcpy)
[...]
Memory Configuration

Name             Origin             Length             Attributes
CCMRAM           0x0000000010000000 0x0000000000010000 xrw
RAM              0x0000000020000000 0x0000000000030000 xrw
FLASH            0x0000000008000000 0x0000000000100000 xr
*default*        0x0000000000000000 0xffffffffffffffff

Linker script and memory map

LOAD /app/stm32cubeide/plugins/com.st.stm32cube.ide.mcu.externaltools.gnu-tools-for-stm32.10.3-2021.10.linux64_1.0.200.202301161003/tools/bin/../lib/gcc/arm-none-eabi/10.3.1/thumb/v7e-m+fp/hard/crti.o
LOAD /app/stm32cubeide/plugins/com.st.stm32cube.ide.mcu.externaltools.gnu-tools-for-stm32.10.3-2021.10.linux64_1.0.200.202301161003/tools/bin/../lib/gcc/arm-none-eabi/10.3.1/thumb/v7e-m+fp/hard/crtbegin.o
LOAD /app/stm32cubeide/plugins/com.st.stm32cube.ide.mcu.externaltools.gnu-tools-for-stm32.10.3-2021.10.linux64_1.0.200.202301161003/tools/bin/../lib/gcc/arm-none-eabi/10.3.1/../../../../arm-none-eabi/lib/thumb/v7e-m+fp/hard/crt0.o
LOAD ./Core/Src/comunicacionUART.o
LOAD ./Core/Src/dac.o
LOAD ./Core/Src/gpio.o
LOAD ./Core/Src/i2c.o
LOAD ./Core/Src/main.o
LOAD ./Core/Src/mpu_9265_lfs.o
LOAD ./Core/Src/stm32f4xx_hal_msp.o
LOAD ./Core/Src/stm32f4xx_it.o
LOAD ./Core/Src/syscalls.o
LOAD ./Core/Src/sysmem.o
LOAD ./Core/Src/system_stm32f4xx.o
LOAD ./Core/Src/tim.o
LOAD ./Core/Src/usart.o
LOAD ./Core/Startup/startup_stm32f429igtx.o
LOAD ./Drivers/STM32F4xx_HAL_Driver/Src/stm32f4xx_hal.o
LOAD ./Drivers/STM32F4xx_HAL_Driver/Src/stm32f4xx_hal_cortex.o
LOAD ./Drivers/STM32F4xx_HAL_Driver/Src/stm32f4xx_hal_dac.o
LOAD ./Drivers/STM32F4xx_HAL_Driver/Src/stm32f4xx_hal_dac_ex.o
LOAD ./Drivers/STM32F4xx_HAL_Driver/Src/stm32f4xx_hal_dma.o
LOAD ./Drivers/STM32F4xx_HAL_Driver/Src/stm32f4xx_hal_dma_ex.o
LOAD ./Drivers/STM32F4xx_HAL_Driver/Src/stm32f4xx_hal_exti.o
LOAD ./Drivers/STM32F4xx_HAL_Driver/Src/stm32f4xx_hal_flash.o
LOAD ./Drivers/STM32F4xx_HAL_Driver/Src/stm32f4xx_hal_flash_ex.o
LOAD ./Drivers/STM32F4xx_HAL_Driver/Src/stm32f4xx_hal_flash_ramfunc.o
LOAD ./Drivers/STM32F4xx_HAL_Driver/Src/stm32f4xx_hal_gpio.o
LOAD ./Drivers/STM32F4xx_HAL_Driver/Src/stm32f4xx_hal_i2c.o
LOAD ./Drivers/STM32F4xx_HAL_Driver/Src/stm32f4xx_hal_i2c_ex.o
LOAD ./Drivers/STM32F4xx_HAL_Driver/Src/stm32f4xx_hal_pwr.o
LOAD ./Drivers/STM32F4xx_HAL_Driver/Src/stm32f4xx_hal_pwr_ex.o
LOAD ./Drivers/STM32F4xx_HAL_Driver/Src/stm32f4xx_hal_rcc.o
LOAD ./Drivers/STM32F4xx_HAL_Driver/Src/stm32f4xx_hal_rcc_ex.o
LOAD ./Drivers/STM32F4xx_HAL_Driver/Src/stm32f4xx_hal_tim.o
LOAD ./Drivers/STM32F4xx_HAL_Driver/Src/stm32f4xx_hal_tim_ex.o
LOAD ./Drivers/STM32F4xx_HAL_Driver/Src/stm32f4xx_hal_uart.o
START GROUP
LOAD /app/stm32cubeide/plugins/com.st.stm32cube.ide.mcu.externaltools.gnu-tools-for-stm32.10.3-2021.10.linux64_1.0.200.202301161003/tools/bin/../lib/gcc/arm-none-eabi/10.3.1/../../../../arm-none-eabi/lib/thumb/v7e-m+fp/hard/libc_nano.a
LOAD /app/stm32cubeide/plugins/com.st.stm32cube.ide.mcu.externaltools.gnu-tools-for-stm32.10.3-2021.10.linux64_1.0.200.202301161003/tools/bin/../lib/gcc/arm-none-eabi/10.3.1/../../../../arm-none-eabi/lib/thumb/v7e-m+fp/hard/libm.a
END GROUP
START GROUP
LOAD /app/stm32cubeide/plugins/com.st.stm32cube.ide.mcu.externaltools.gnu-tools-for-stm32.10.3-2021.10.linux64_1.0.200.202301161003/tools/bin/../lib/gcc/arm-none-eabi/10.3.1/thumb/v7e-m+fp/hard/libgcc.a
LOAD /app/stm32cubeide/plugins/com.st.stm32cube.ide.mcu.externaltools.gnu-tools-for-stm32.10.3-2021.10.linux64_1.0.200.202301161003/tools/bin/../lib/gcc/arm-none-eabi/10.3.1/../../../../arm-none-eabi/lib/thumb/v7e-m+fp/hard/libc_nano.a
END GROUP
START GROUP
LOAD /app/stm32cubeide/plugins/com.st.stm32cube.ide.mcu.externaltools.gnu-tools-for-stm32.10.3-2021.10.linux64_1.0.200.202301161003/tools/bin/../lib/gcc/arm-none-eabi/10.3.1/thumb/v7e-m+fp/hard/libgcc.a
LOAD /app/stm32cubeide/plugins/com.st.stm32cube.ide.mcu.externaltools.gnu-tools-for-stm32.10.3-2021.10.linux64_1.0.200.202301161003/tools/bin/../lib/gcc/arm-none-eabi/10.3.1/../../../../arm-none-eabi/lib/thumb/v7e-m+fp/hard/libc_nano.a
LOAD /app/stm32cubeide/plugins/com.st.stm32cube.ide.mcu.externaltools.gnu-tools-for-stm32.10.3-2021.10.linux64_1.0.200.202301161003/tools/bin/../lib/gcc/arm-none-eabi/10.3.1/../../../../arm-none-eabi/lib/thumb/v7e-m+fp/hard/libnosys.a
END GROUP
START GROUP
LOAD /app/stm32cubeide/plugins/com.st.stm32cube.ide.mcu.externaltools.gnu-tools-for-stm32.10.3-2021.10.linux64_1.0.200.202301161003/tools/bin/../lib/gcc/arm-none-eabi/10.3.1/thumb/v7e-m+fp/hard/libgcc.a
LOAD /app/stm32cubeide/plugins/com.st.stm32cube.ide.mcu.externaltools.gnu-tools-for-stm32.10.3-2021.10.linux64_1.0.200.202301161003/tools/bin/../lib/gcc/arm-none-eabi/10.3.1/../../../../arm-none-eabi/lib/thumb/v7e-m+fp/hard/libc_nano.a
LOAD /app/stm32cubeide/plugins/com.st.stm32cube.ide.mcu.externaltools.gnu-tools-for-stm32.10.3-2021.10.linux64_1.0.200.202301161003/tools/bin/../lib/gcc/arm-none-eabi/10.3.1/../../../../arm-none-eabi/lib/thumb/v7e-m+fp/hard/libnosys.a
END GROUP
LOAD /app/stm32cubeide/plugins/com.st.stm32cube.ide.mcu.externaltools.gnu-tools-for-stm32.10.3-2021.10.linux64_1.0.200.202301161003/tools/bin/../lib/gcc/arm-none-eabi/10.3.1/thumb/v7e-m+fp/hard/crtend.o
LOAD /app/stm32cubeide/plugins/com.st.stm32cube.ide.mcu.externaltools.gnu-tools-for-stm32.10.3-2021.10.linux64_1.0.200.202301161003/tools/bin/../lib/gcc/arm-none-eabi/10.3.1/thumb/v7e-m+fp/hard/crtn.o
                0x0000000020030000                _estack = (ORIGIN (RAM) + LENGTH (RAM))
                0x0000000000000200                _Min_Heap_Size = 0x200
                0x0000000000000400                _Min_Stack_Size = 0x400

.isr_vector     0x0000000008000000      0x1ac
                0x0000000008000000                . = ALIGN (0x4)
 *(.isr_vector)
 .isr_vector    0x0000000008000000      0x1ac ./Core/Startup/startup_stm32f429igtx.o
                0x0000000008000000                g_pfnVectors
                0x00000000080001ac                . = ALIGN (0x4)

.text           0x00000000080001b0     0xa0c0
                0x00000000080001b0                . = ALIGN (0x4)
 *(.text)
 .text          0x00000000080001b0       0x40 /app/stm32cubeide/plugins/com.st.stm32cube.ide.mcu.externaltools.gnu-tools-for-stm32.10.3-2021.10.linux64_1.0.200.202301161003/tools/bin/../lib/gcc/arm-none-eabi/10.3.1/thumb/v7e-m+fp/hard/crtbegin.o
 .text          0x00000000080001f0       0xa0 /app/stm32cubeide/plugins/com.st.stm32cube.ide.mcu.externaltools.gnu-tools-for-stm32.10.3-2021.10.linux64_1.0.200.202301161003/tools/bin/../lib/gcc/arm-none-eabi/10.3.1/../../../../arm-none-eabi/lib/thumb/v7e-m+fp/hard/libc_nano.a(lib_a-memchr.o)
                0x00000000080001f0                memchr
 .text          0x0000000008000290      0x378 /app/stm32cubeide/plugins/com.st.stm32cube.ide.mcu.externaltools.gnu-tools-for-stm32.10.3-2021.10.linux64_1.0.200.202301161003/tools/bin/../lib/gcc/arm-none-eabi/10.3.1/thumb/v7e-m+fp/hard/libgcc.a(_arm_addsubdf3.o)
                0x0000000008000290                __aeabi_drsub
                0x0000000008000298                __aeabi_dsub
                0x0000000008000298                __subdf3
                0x000000000800029c                __adddf3
                0x000000000800029c                __aeabi_dadd
                0x0000000008000514                __aeabi_ui2d
                0x0000000008000514                __floatunsidf
                0x0000000008000534                __floatsidf
                0x0000000008000534                __aeabi_i2d
                0x0000000008000558                __extendsfdf2
                0x0000000008000558                __aeabi_f2d
                0x000000000800059c                __aeabi_ul2d
                0x000000000800059c                __floatundidf
                0x00000000080005ac                __floatdidf
                0x00000000080005ac                __aeabi_l2d
 .text          0x0000000008000608      0x424 /app/stm32cubeide/plugins/com.st.stm32cube.ide.mcu.externaltools.gnu-tools-for-stm32.10.3-2021.10.linux64_1.0.200.202301161003/tools/bin/../lib/gcc/arm-none-eabi/10.3.1/thumb/v7e-m+fp/hard/libgcc.a(_arm_muldivdf3.o)
                0x0000000008000608                __aeabi_dmul
                0x0000000008000608                __muldf3
                0x000000000800085c                __aeabi_ddiv
                0x000000000800085c                __divdf3
 .text          0x0000000008000a2c       0xa0 /app/stm32cubeide/plugins/com.st.stm32cube.ide.mcu.externaltools.gnu-tools-for-stm32.10.3-2021.10.linux64_1.0.200.202301161003/tools/bin/../lib/gcc/arm-none-eabi/10.3.1/thumb/v7e-m+fp/hard/libgcc.a(_arm_truncdfsf2.o)
                0x0000000008000a2c                __aeabi_d2f
                0x0000000008000a2c                __truncdfsf2
 .text          0x0000000008000acc       0x30 /app/stm32cubeide/plugins/com.st.stm32cube.ide.mcu.externaltools.gnu-tools-for-stm32.10.3-2021.10.linux64_1.0.200.202301161003/tools/bin/../lib/gcc/arm-none-eabi/10.3.1/thumb/v7e-m+fp/hard/libgcc.a(_aeabi_uldivmod.o)
                0x0000000008000acc                __aeabi_uldivmod
 .text          0x0000000008000afc      0x2d0 /app/stm32cubeide/plugins/com.st.stm32cube.ide.mcu.externaltools.gnu-tools-for-stm32.10.3-2021.10.linux64_1.0.200.202301161003/tools/bin/../lib/gcc/arm-none-eabi/10.3.1/thumb/v7e-m+fp/hard/libgcc.a(_udivmoddi4.o)
                0x0000000008000afc                __udivmoddi4
 .text          0x0000000008000dcc        0x4 /app/stm32cubeide/plugins/com.st.stm32cube.ide.mcu.externaltools.gnu-tools-for-stm32.10.3-2021.10.linux64_1.0.200.202301161003/tools/bin/../lib/gcc/arm-none-eabi/10.3.1/thumb/v7e-m+fp/hard/libgcc.a(_dvmd_tls.o)
                0x0000000008000dcc                __aeabi_ldiv0
                0x0000000008000dcc                __aeabi_idiv0
 *(.text*)
 .text.init_controlRxTx
                0x0000000008000dd0       0x20 ./Core/Src/comunicacionUART.o
                0x0000000008000dd0                init_controlRxTx
 .text.controlRxTxUART
                0x0000000008000df0       0x80 ./Core/Src/comunicacionUART.o
                0x0000000008000df0                controlRxTxUART
 .text.iniciaInstruccion
                0x0000000008000e70      0x6e0 ./Core/Src/comunicacionUART.o
                0x0000000008000e70                iniciaInstruccion
 .text.continuaInstruccion
                0x0000000008001550      0x280 ./Core/Src/comunicacionUART.o
                0x0000000008001550                continuaInstruccion
 .text.send_info
                0x00000000080017d0       0x70 ./Core/Src/comunicacionUART.o
                0x00000000080017d0                send_info
 .text.MX_DAC_Init
                0x0000000008001840       0x68 ./Core/Src/dac.o
                0x0000000008001840                MX_DAC_Init
 .text.HAL_DAC_MspInit
                0x00000000080018a8       0x88 ./Core/Src/dac.o
                0x00000000080018a8                HAL_DAC_MspInit
 .text.MX_GPIO_Init
                0x0000000008001930      0x13c ./Core/Src/gpio.o
                0x0000000008001930                MX_GPIO_Init
 .text.MX_I2C1_Init
                0x0000000008001a6c       0x80 ./Core/Src/i2c.o
                0x0000000008001a6c                MX_I2C1_Init
 .text.HAL_I2C_MspInit
                0x0000000008001aec       0x90 ./Core/Src/i2c.o
                0x0000000008001aec                HAL_I2C_MspInit
 .text.main     0x0000000008001b7c      0x23c ./Core/Src/main.o
                0x0000000008001b7c                main
 .text.SystemClock_Config
                0x0000000008001db8       0xe4 ./Core/Src/main.o
                0x0000000008001db8                SystemClock_Config
 .text.HAL_TIM_PeriodElapsedCallback
                0x0000000008001e9c       0x34 ./Core/Src/main.o
                0x0000000008001e9c                HAL_TIM_PeriodElapsedCallback
 .text.HAL_TIM_IC_CaptureCallback
                0x0000000008001ed0       0x5c ./Core/Src/main.o
                0x0000000008001ed0                HAL_TIM_IC_CaptureCallback
 .text.HAL_UART_RxCpltCallback
                0x0000000008001f2c       0x20 ./Core/Src/main.o
                0x0000000008001f2c                HAL_UART_RxCpltCallback
 .text.SR_04    0x0000000008001f4c       0x8c ./Core/Src/main.o
                0x0000000008001f4c                SR_04
 .text.sensores
                0x0000000008001fd8       0x7c ./Core/Src/main.o
                0x0000000008001fd8                sensores
 .text.movimientoLibre
                0x0000000008002054      0x370 ./Core/Src/main.o
                0x0000000008002054                movimientoLibre
 .text.movimientoRC
                0x00000000080023c4      0x374 ./Core/Src/main.o
                0x00000000080023c4                movimientoRC
 .text.calibraMag
                0x0000000008002738      0x1ac ./Core/Src/main.o
                0x0000000008002738                calibraMag
 *fill*         0x00000000080028e4        0x4 
 .text.mov_puntoAPunto
                0x00000000080028e8      0x524 ./Core/Src/main.o
                0x00000000080028e8                mov_puntoAPunto
 .text.velocidades
                0x0000000008002e0c      0x134 ./Core/Src/main.o
                0x0000000008002e0c                velocidades
 .text.encoders
                0x0000000008002f40      0x230 ./Core/Src/main.o
                0x0000000008002f40                encoders
 .text.posicionamiento
                0x0000000008003170      0x5a8 ./Core/Src/main.o
                0x0000000008003170                posicionamiento
 .text.modo_funcionamiento
                0x0000000008003718       0x44 ./Core/Src/main.o
                0x0000000008003718                modo_funcionamiento
 .text.Error_Handler
                0x000000000800375c        0xe ./Core/Src/main.o
                0x000000000800375c                Error_Handler
 *fill*         0x000000000800376a        0x2 
 .text.mpu9265_Init
                0x000000000800376c      0x2b0 ./Core/Src/mpu_9265_lfs.o
                0x000000000800376c                mpu9265_Init
 .text.mpu9265_Read_Gyro
                0x0000000008003a1c       0x68 ./Core/Src/mpu_9265_lfs.o
                0x0000000008003a1c                mpu9265_Read_Gyro
 .text.mpu9265_Read_Magnet
                0x0000000008003a84       0x98 ./Core/Src/mpu_9265_lfs.o
                0x0000000008003a84                mpu9265_Read_Magnet
 .text.HAL_MspInit
                0x0000000008003b1c       0x50 ./Core/Src/stm32f4xx_hal_msp.o
                0x0000000008003b1c                HAL_MspInit
 .text.NMI_Handler
                0x0000000008003b6c        0xe ./Core/Src/stm32f4xx_it.o
                0x0000000008003b6c                NMI_Handler
 .text.HardFault_Handler
                0x0000000008003b7a        0x6 ./Core/Src/stm32f4xx_it.o
                0x0000000008003b7a                HardFault_Handler
 .text.MemManage_Handler
                0x0000000008003b80        0x6 ./Core/Src/stm32f4xx_it.o
                0x0000000008003b80                MemManage_Handler
 .text.BusFault_Handler
                0x0000000008003b86        0x6 ./Core/Src/stm32f4xx_it.o
                0x0000000008003b86                BusFault_Handler
 .text.UsageFault_Handler
                0x0000000008003b8c        0x6 ./Core/Src/stm32f4xx_it.o
                0x0000000008003b8c                UsageFault_Handler
 .text.SVC_Handler
                0x0000000008003b92        0xe ./Core/Src/stm32f4xx_it.o
                0x0000000008003b92                SVC_Handler
 .text.DebugMon_Handler
                0x0000000008003ba0        0xe ./Core/Src/stm32f4xx_it.o
                0x0000000008003ba0                DebugMon_Handler
 .text.PendSV_Handler
                0x0000000008003bae        0xe ./Core/Src/stm32f4xx_it.o
                0x0000000008003bae                PendSV_Handler
 .text.SysTick_Handler
                0x0000000008003bbc        0xc ./Core/Src/stm32f4xx_it.o
                0x0000000008003bbc                SysTick_Handler
 .text.TIM5_IRQHandler
                0x0000000008003bc8       0x14 ./Core/Src/stm32f4xx_it.o
                0x0000000008003bc8                TIM5_IRQHandler
 .text.TIM7_IRQHandler
                0x0000000008003bdc       0x14 ./Core/Src/stm32f4xx_it.o
                0x0000000008003bdc                TIM7_IRQHandler
 .text.UART7_IRQHandler
                0x0000000008003bf0       0x14 ./Core/Src/stm32f4xx_it.o
                0x0000000008003bf0                UART7_IRQHandler
 .text._sbrk    0x0000000008003c04       0x6c ./Core/Src/sysmem.o
                0x0000000008003c04                _sbrk
 .text.SystemInit
                0x0000000008003c70       0x2c ./Core/Src/system_stm32f4xx.o
                0x0000000008003c70                SystemInit
 .text.MX_TIM2_Init
                0x0000000008003c9c       0xa4 ./Core/Src/tim.o
                0x0000000008003c9c                MX_TIM2_Init
 .text.MX_TIM3_Init
                0x0000000008003d40       0xa8 ./Core/Src/tim.o
                0x0000000008003d40                MX_TIM3_Init
 .text.MX_TIM4_Init
                0x0000000008003de8      0x100 ./Core/Src/tim.o
                0x0000000008003de8                MX_TIM4_Init
 .text.MX_TIM5_Init
                0x0000000008003ee8      0x154 ./Core/Src/tim.o
                0x0000000008003ee8                MX_TIM5_Init
 .text.MX_TIM7_Init
                0x000000000800403c       0x6c ./Core/Src/tim.o
                0x000000000800403c                MX_TIM7_Init
 .text.HAL_TIM_Base_MspInit
                0x00000000080040a8      0x1e0 ./Core/Src/tim.o
                0x00000000080040a8                HAL_TIM_Base_MspInit
 .text.HAL_TIM_MspPostInit
                0x0000000008004288       0xc8 ./Core/Src/tim.o
                0x0000000008004288                HAL_TIM_MspPostInit
 .text.MX_UART7_Init
                0x0000000008004350       0x54 ./Core/Src/usart.o
                0x0000000008004350                MX_UART7_Init
 .text.HAL_UART_MspInit
                0x00000000080043a4       0xa0 ./Core/Src/usart.o
                0x00000000080043a4                HAL_UART_MspInit
 .text.Reset_Handler
                0x0000000008004444       0x50 ./Core/Startup/startup_stm32f429igtx.o
                0x0000000008004444                Reset_Handler
 .text.Default_Handler
                0x0000000008004494        0x2 ./Core/Startup/startup_stm32f429igtx.o
                0x0000000008004494                RTC_Alarm_IRQHandler
                0x0000000008004494                HASH_RNG_IRQHandler
                0x0000000008004494                EXTI2_IRQHandler
                0x0000000008004494                TIM8_CC_IRQHandler
                0x0000000008004494                UART8_IRQHandler
                0x0000000008004494                SPI4_IRQHandler
                0x0000000008004494                TIM1_CC_IRQHandler
                0x0000000008004494                DMA2_Stream5_IRQHandler
                0x0000000008004494                DMA1_Stream5_IRQHandler
                0x0000000008004494                PVD_IRQHandler
                0x0000000008004494                SDIO_IRQHandler
                0x0000000008004494                TAMP_STAMP_IRQHandler
                0x0000000008004494                CAN2_RX1_IRQHandler
                0x0000000008004494                EXTI3_IRQHandler
                0x0000000008004494                TIM8_TRG_COM_TIM14_IRQHandler
                0x0000000008004494                TIM1_UP_TIM10_IRQHandler
                0x0000000008004494                TIM8_UP_TIM13_IRQHandler
                0x0000000008004494                I2C3_ER_IRQHandler
                0x0000000008004494                EXTI0_IRQHandler
                0x0000000008004494                I2C2_EV_IRQHandler
                0x0000000008004494                DMA1_Stream2_IRQHandler
                0x0000000008004494                CAN1_RX0_IRQHandler
                0x0000000008004494                FPU_IRQHandler
                0x0000000008004494                OTG_HS_WKUP_IRQHandler
                0x0000000008004494                LTDC_ER_IRQHandler
                0x0000000008004494                CAN2_SCE_IRQHandler
                0x0000000008004494                DMA2_Stream2_IRQHandler
                0x0000000008004494                SPI1_IRQHandler
                0x0000000008004494                TIM6_DAC_IRQHandler
                0x0000000008004494                TIM1_BRK_TIM9_IRQHandler
                0x0000000008004494                DCMI_IRQHandler
                0x0000000008004494                CAN2_RX0_IRQHandler
                0x0000000008004494                DMA2_Stream3_IRQHandler
                0x0000000008004494                USART6_IRQHandler
                0x0000000008004494                USART3_IRQHandler
                0x0000000008004494                CAN1_RX1_IRQHandler
                0x0000000008004494                UART5_IRQHandler
                0x0000000008004494                DMA2_Stream0_IRQHandler
                0x0000000008004494                TIM4_IRQHandler
                0x0000000008004494                I2C1_EV_IRQHandler
                0x0000000008004494                DMA1_Stream6_IRQHandler
                0x0000000008004494                DMA1_Stream1_IRQHandler
                0x0000000008004494                UART4_IRQHandler
                0x0000000008004494                TIM3_IRQHandler
                0x0000000008004494                RCC_IRQHandler
                0x0000000008004494                TIM8_BRK_TIM12_IRQHandler
                0x0000000008004494                Default_Handler
                0x0000000008004494                EXTI15_10_IRQHandler
                0x0000000008004494                ADC_IRQHandler
                0x0000000008004494                DMA1_Stream7_IRQHandler
                0x0000000008004494                SPI5_IRQHandler
                0x0000000008004494                CAN2_TX_IRQHandler
                0x0000000008004494                DMA2_Stream7_IRQHandler
                0x0000000008004494                I2C3_EV_IRQHandler
                0x0000000008004494                EXTI9_5_IRQHandler
                0x0000000008004494                RTC_WKUP_IRQHandler
                0x0000000008004494                LTDC_IRQHandler
                0x0000000008004494                ETH_WKUP_IRQHandler
                0x0000000008004494                SPI2_IRQHandler
                0x0000000008004494                OTG_HS_EP1_IN_IRQHandler
                0x0000000008004494                DMA1_Stream0_IRQHandler
                0x0000000008004494                CAN1_TX_IRQHandler
                0x0000000008004494                EXTI4_IRQHandler
                0x0000000008004494                ETH_IRQHandler
                0x0000000008004494                OTG_HS_EP1_OUT_IRQHandler
                0x0000000008004494                WWDG_IRQHandler
                0x0000000008004494                SPI6_IRQHandler
                0x0000000008004494                TIM2_IRQHandler
                0x0000000008004494                OTG_FS_WKUP_IRQHandler
                0x0000000008004494                TIM1_TRG_COM_TIM11_IRQHandler
                0x0000000008004494                OTG_HS_IRQHandler
                0x0000000008004494                DMA2D_IRQHandler
                0x0000000008004494                EXTI1_IRQHandler
                0x0000000008004494                USART2_IRQHandler
                0x0000000008004494                I2C2_ER_IRQHandler
                0x0000000008004494                DMA2_Stream1_IRQHandler
                0x0000000008004494                CAN1_SCE_IRQHandler
                0x0000000008004494                FLASH_IRQHandler
                0x0000000008004494                DMA2_Stream4_IRQHandler
                0x0000000008004494                USART1_IRQHandler
                0x0000000008004494                OTG_FS_IRQHandler
                0x0000000008004494                SPI3_IRQHandler
                0x0000000008004494                DMA1_Stream4_IRQHandler
                0x0000000008004494                I2C1_ER_IRQHandler
                0x0000000008004494                FMC_IRQHandler
                0x0000000008004494                DMA2_Stream6_IRQHandler
                0x0000000008004494                SAI1_IRQHandler
                0x0000000008004494                DMA1_Stream3_IRQHandler
 *fill*         0x0000000008004496        0x2 
 .text.HAL_Init
                0x0000000008004498       0x44 ./Drivers/STM32F4xx_HAL_Driver/Src/stm32f4xx_hal.o
                0x0000000008004498                HAL_Init
 .text.HAL_InitTick
                0x00000000080044dc       0x60 ./Drivers/STM32F4xx_HAL_Driver/Src/stm32f4xx_hal.o
                0x00000000080044dc                HAL_InitTick
 .text.HAL_IncTick
                0x000000000800453c       0x28 ./Drivers/STM32F4xx_HAL_Driver/Src/stm32f4xx_hal.o
                0x000000000800453c                HAL_IncTick
 .text.HAL_GetTick
                0x0000000008004564       0x18 ./Drivers/STM32F4xx_HAL_Driver/Src/stm32f4xx_hal.o
                0x0000000008004564                HAL_GetTick
 .text.HAL_Delay
                0x000000000800457c       0x48 ./Drivers/STM32F4xx_HAL_Driver/Src/stm32f4xx_hal.o
                0x000000000800457c                HAL_Delay
 .text.__NVIC_SetPriorityGrouping
                0x00000000080045c4       0x48 ./Drivers/STM32F4xx_HAL_Driver/Src/stm32f4xx_hal_cortex.o
 .text.__NVIC_GetPriorityGrouping
                0x000000000800460c       0x1c ./Drivers/STM32F4xx_HAL_Driver/Src/stm32f4xx_hal_cortex.o
 .text.__NVIC_EnableIRQ
                0x0000000008004628       0x3c ./Drivers/STM32F4xx_HAL_Driver/Src/stm32f4xx_hal_cortex.o
 .text.__NVIC_SetPriority
                0x0000000008004664       0x54 ./Drivers/STM32F4xx_HAL_Driver/Src/stm32f4xx_hal_cortex.o
 .text.NVIC_EncodePriority
                0x00000000080046b8       0x66 ./Drivers/STM32F4xx_HAL_Driver/Src/stm32f4xx_hal_cortex.o
 *fill*         0x000000000800471e        0x2 
 .text.SysTick_Config
                0x0000000008004720       0x44 ./Drivers/STM32F4xx_HAL_Driver/Src/stm32f4xx_hal_cortex.o
 .text.HAL_NVIC_SetPriorityGrouping
                0x0000000008004764       0x16 ./Drivers/STM32F4xx_HAL_Driver/Src/stm32f4xx_hal_cortex.o
                0x0000000008004764                HAL_NVIC_SetPriorityGrouping
 .text.HAL_NVIC_SetPriority
                0x000000000800477a       0x38 ./Drivers/STM32F4xx_HAL_Driver/Src/stm32f4xx_hal_cortex.o
                0x000000000800477a                HAL_NVIC_SetPriority
 .text.HAL_NVIC_EnableIRQ
                0x00000000080047b2       0x1c ./Drivers/STM32F4xx_HAL_Driver/Src/stm32f4xx_hal_cortex.o
                0x00000000080047b2                HAL_NVIC_EnableIRQ
 .text.HAL_SYSTICK_Config
                0x00000000080047ce       0x18 ./Drivers/STM32F4xx_HAL_Driver/Src/stm32f4xx_hal_cortex.o
                0x00000000080047ce                HAL_SYSTICK_Config
 .text.HAL_DAC_Init
                0x00000000080047e6       0x44 ./Drivers/STM32F4xx_HAL_Driver/Src/stm32f4xx_hal_dac.o
                0x00000000080047e6                HAL_DAC_Init
 .text.HAL_DAC_ConfigChannel
                0x000000000800482a       0x9a ./Drivers/STM32F4xx_HAL_Driver/Src/stm32f4xx_hal_dac.o
                0x000000000800482a                HAL_DAC_ConfigChannel
 .text.HAL_DMA_Abort_IT
                0x00000000080048c4       0x44 ./Drivers/STM32F4xx_HAL_Driver/Src/stm32f4xx_hal_dma.o
                0x00000000080048c4                HAL_DMA_Abort_IT
 .text.HAL_GPIO_Init
                0x0000000008004908      0x358 ./Drivers/STM32F4xx_HAL_Driver/Src/stm32f4xx_hal_gpio.o
                0x0000000008004908                HAL_GPIO_Init
 .text.HAL_GPIO_ReadPin
                0x0000000008004c60       0x30 ./Drivers/STM32F4xx_HAL_Driver/Src/stm32f4xx_hal_gpio.o
                0x0000000008004c60                HAL_GPIO_ReadPin
 .text.HAL_GPIO_WritePin
                0x0000000008004c90       0x32 ./Drivers/STM32F4xx_HAL_Driver/Src/stm32f4xx_hal_gpio.o
                0x0000000008004c90                HAL_GPIO_WritePin
 *fill*         0x0000000008004cc2        0x2 
 .text.HAL_I2C_Init
                0x0000000008004cc4      0x288 ./Drivers/STM32F4xx_HAL_Driver/Src/stm32f4xx_hal_i2c.o
                0x0000000008004cc4                HAL_I2C_Init
 .text.HAL_I2C_Mem_Write
                0x0000000008004f4c      0x1f4 ./Drivers/STM32F4xx_HAL_Driver/Src/stm32f4xx_hal_i2c.o
                0x0000000008004f4c                HAL_I2C_Mem_Write
 .text.HAL_I2C_Mem_Read
                0x0000000008005140      0x44c ./Drivers/STM32F4xx_HAL_Driver/Src/stm32f4xx_hal_i2c.o
                0x0000000008005140                HAL_I2C_Mem_Read
 .text.I2C_RequestMemoryWrite
                0x000000000800558c      0x12c ./Drivers/STM32F4xx_HAL_Driver/Src/stm32f4xx_hal_i2c.o
 .text.I2C_RequestMemoryRead
                0x00000000080056b8      0x1d0 ./Drivers/STM32F4xx_HAL_Driver/Src/stm32f4xx_hal_i2c.o
 .text.I2C_WaitOnFlagUntilTimeout
                0x0000000008005888       0xae ./Drivers/STM32F4xx_HAL_Driver/Src/stm32f4xx_hal_i2c.o
 .text.I2C_WaitOnMasterAddressFlagUntilTimeout
                0x0000000008005936       0xfe ./Drivers/STM32F4xx_HAL_Driver/Src/stm32f4xx_hal_i2c.o
 .text.I2C_WaitOnTXEFlagUntilTimeout
                0x0000000008005a34       0x82 ./Drivers/STM32F4xx_HAL_Driver/Src/stm32f4xx_hal_i2c.o
 .text.I2C_WaitOnBTFFlagUntilTimeout
                0x0000000008005ab6       0x82 ./Drivers/STM32F4xx_HAL_Driver/Src/stm32f4xx_hal_i2c.o
 .text.I2C_WaitOnRXNEFlagUntilTimeout
                0x0000000008005b38       0xac ./Drivers/STM32F4xx_HAL_Driver/Src/stm32f4xx_hal_i2c.o
 .text.I2C_IsAcknowledgeFailed
                0x0000000008005be4       0x5e ./Drivers/STM32F4xx_HAL_Driver/Src/stm32f4xx_hal_i2c.o
 .text.HAL_I2CEx_ConfigAnalogFilter
                0x0000000008005c42       0x78 ./Drivers/STM32F4xx_HAL_Driver/Src/stm32f4xx_hal_i2c_ex.o
                0x0000000008005c42                HAL_I2CEx_ConfigAnalogFilter
 .text.HAL_I2CEx_ConfigDigitalFilter
                0x0000000008005cba       0x7e ./Drivers/STM32F4xx_HAL_Driver/Src/stm32f4xx_hal_i2c_ex.o
                0x0000000008005cba                HAL_I2CEx_ConfigDigitalFilter
 .text.HAL_PWREx_EnableOverDrive
                0x0000000008005d38       0xa0 ./Drivers/STM32F4xx_HAL_Driver/Src/stm32f4xx_hal_pwr_ex.o
                0x0000000008005d38                HAL_PWREx_EnableOverDrive
 .text.HAL_RCC_OscConfig
                0x0000000008005dd8      0x4dc ./Drivers/STM32F4xx_HAL_Driver/Src/stm32f4xx_hal_rcc.o
                0x0000000008005dd8                HAL_RCC_OscConfig
 .text.HAL_RCC_ClockConfig
                0x00000000080062b4      0x1cc ./Drivers/STM32F4xx_HAL_Driver/Src/stm32f4xx_hal_rcc.o
                0x00000000080062b4                HAL_RCC_ClockConfig
 .text.HAL_RCC_GetSysClockFreq
                0x0000000008006480      0x20c ./Drivers/STM32F4xx_HAL_Driver/Src/stm32f4xx_hal_rcc.o
                0x0000000008006480                HAL_RCC_GetSysClockFreq
 .text.HAL_RCC_GetHCLKFreq
                0x000000000800668c       0x18 ./Drivers/STM32F4xx_HAL_Driver/Src/stm32f4xx_hal_rcc.o
                0x000000000800668c                HAL_RCC_GetHCLKFreq
 .text.HAL_RCC_GetPCLK1Freq
                0x00000000080066a4       0x28 ./Drivers/STM32F4xx_HAL_Driver/Src/stm32f4xx_hal_rcc.o
                0x00000000080066a4                HAL_RCC_GetPCLK1Freq
 .text.HAL_RCC_GetPCLK2Freq
                0x00000000080066cc       0x28 ./Drivers/STM32F4xx_HAL_Driver/Src/stm32f4xx_hal_rcc.o
                0x00000000080066cc                HAL_RCC_GetPCLK2Freq
 .text.HAL_TIM_Base_Init
                0x00000000080066f4       0x56 ./Drivers/STM32F4xx_HAL_Driver/Src/stm32f4xx_hal_tim.o
                0x00000000080066f4                HAL_TIM_Base_Init
 .text.HAL_TIM_Base_Start
                0x000000000800674a       0x48 ./Drivers/STM32F4xx_HAL_Driver/Src/stm32f4xx_hal_tim.o
                0x000000000800674a                HAL_TIM_Base_Start
 .text.HAL_TIM_Base_Start_IT
                0x0000000008006792       0x48 ./Drivers/STM32F4xx_HAL_Driver/Src/stm32f4xx_hal_tim.o
                0x0000000008006792                HAL_TIM_Base_Start_IT
 .text.HAL_TIM_PWM_Init
                0x00000000080067da       0x56 ./Drivers/STM32F4xx_HAL_Driver/Src/stm32f4xx_hal_tim.o
                0x00000000080067da                HAL_TIM_PWM_Init
 .text.HAL_TIM_PWM_MspInit
                0x0000000008006830       0x14 ./Drivers/STM32F4xx_HAL_Driver/Src/stm32f4xx_hal_tim.o
                0x0000000008006830                HAL_TIM_PWM_MspInit
 .text.HAL_TIM_PWM_Start
                0x0000000008006844       0x7c ./Drivers/STM32F4xx_HAL_Driver/Src/stm32f4xx_hal_tim.o
                0x0000000008006844                HAL_TIM_PWM_Start
 .text.HAL_TIM_IC_Init
                0x00000000080068c0       0x56 ./Drivers/STM32F4xx_HAL_Driver/Src/stm32f4xx_hal_tim.o
                0x00000000080068c0                HAL_TIM_IC_Init
 .text.HAL_TIM_IC_MspInit
                0x0000000008006916       0x14 ./Drivers/STM32F4xx_HAL_Driver/Src/stm32f4xx_hal_tim.o
                0x0000000008006916                HAL_TIM_IC_MspInit
 *fill*         0x000000000800692a        0x2 
 .text.HAL_TIM_IC_Start_IT
                0x000000000800692c       0xd0 ./Drivers/STM32F4xx_HAL_Driver/Src/stm32f4xx_hal_tim.o
                0x000000000800692c                HAL_TIM_IC_Start_IT
 .text.HAL_TIM_IRQHandler
                0x00000000080069fc      0x210 ./Drivers/STM32F4xx_HAL_Driver/Src/stm32f4xx_hal_tim.o
                0x00000000080069fc                HAL_TIM_IRQHandler
 .text.HAL_TIM_IC_ConfigChannel
                0x0000000008006c0c      0x138 ./Drivers/STM32F4xx_HAL_Driver/Src/stm32f4xx_hal_tim.o
                0x0000000008006c0c                HAL_TIM_IC_ConfigChannel
 .text.HAL_TIM_PWM_ConfigChannel
                0x0000000008006d44      0x18c ./Drivers/STM32F4xx_HAL_Driver/Src/stm32f4xx_hal_tim.o
                0x0000000008006d44                HAL_TIM_PWM_ConfigChannel
 .text.HAL_TIM_ConfigClockSource
                0x0000000008006ed0      0x188 ./Drivers/STM32F4xx_HAL_Driver/Src/stm32f4xx_hal_tim.o
                0x0000000008006ed0                HAL_TIM_ConfigClockSource
 .text.HAL_TIM_OC_DelayElapsedCallback
                0x0000000008007058       0x14 ./Drivers/STM32F4xx_HAL_Driver/Src/stm32f4xx_hal_tim.o
                0x0000000008007058                HAL_TIM_OC_DelayElapsedCallback
 .text.HAL_TIM_PWM_PulseFinishedCallback
                0x000000000800706c       0x14 ./Drivers/STM32F4xx_HAL_Driver/Src/stm32f4xx_hal_tim.o
                0x000000000800706c                HAL_TIM_PWM_PulseFinishedCallback
 .text.HAL_TIM_TriggerCallback
                0x0000000008007080       0x14 ./Drivers/STM32F4xx_HAL_Driver/Src/stm32f4xx_hal_tim.o
                0x0000000008007080                HAL_TIM_TriggerCallback
 .text.TIM_Base_SetConfig
                0x0000000008007094      0x140 ./Drivers/STM32F4xx_HAL_Driver/Src/stm32f4xx_hal_tim.o
                0x0000000008007094                TIM_Base_SetConfig
 .text.TIM_OC1_SetConfig
                0x00000000080071d4       0xe0 ./Drivers/STM32F4xx_HAL_Driver/Src/stm32f4xx_hal_tim.o
 .text.TIM_OC2_SetConfig
                0x00000000080072b4       0xec ./Drivers/STM32F4xx_HAL_Driver/Src/stm32f4xx_hal_tim.o
                0x00000000080072b4                TIM_OC2_SetConfig
 .text.TIM_OC3_SetConfig
                0x00000000080073a0       0xe8 ./Drivers/STM32F4xx_HAL_Driver/Src/stm32f4xx_hal_tim.o
 .text.TIM_OC4_SetConfig
                0x0000000008007488       0xac ./Drivers/STM32F4xx_HAL_Driver/Src/stm32f4xx_hal_tim.o
 .text.TIM_TI1_SetConfig
                0x0000000008007534       0xe8 ./Drivers/STM32F4xx_HAL_Driver/Src/stm32f4xx_hal_tim.o
                0x0000000008007534                TIM_TI1_SetConfig
 .text.TIM_TI1_ConfigInputStage
                0x000000000800761c       0x5e ./Drivers/STM32F4xx_HAL_Driver/Src/stm32f4xx_hal_tim.o
 .text.TIM_TI2_SetConfig
                0x000000000800767a       0x7a ./Drivers/STM32F4xx_HAL_Driver/Src/stm32f4xx_hal_tim.o
 .text.TIM_TI2_ConfigInputStage
                0x00000000080076f4       0x60 ./Drivers/STM32F4xx_HAL_Driver/Src/stm32f4xx_hal_tim.o
 .text.TIM_TI3_SetConfig
                0x0000000008007754       0x78 ./Drivers/STM32F4xx_HAL_Driver/Src/stm32f4xx_hal_tim.o
 .text.TIM_TI4_SetConfig
                0x00000000080077cc       0x7a ./Drivers/STM32F4xx_HAL_Driver/Src/stm32f4xx_hal_tim.o
 .text.TIM_ITRx_SetConfig
                0x0000000008007846       0x36 ./Drivers/STM32F4xx_HAL_Driver/Src/stm32f4xx_hal_tim.o
 .text.TIM_ETR_SetConfig
                0x000000000800787c       0x40 ./Drivers/STM32F4xx_HAL_Driver/Src/stm32f4xx_hal_tim.o
                0x000000000800787c                TIM_ETR_SetConfig
 .text.TIM_CCxChannelCmd
                0x00000000080078bc       0x4a ./Drivers/STM32F4xx_HAL_Driver/Src/stm32f4xx_hal_tim.o
                0x00000000080078bc                TIM_CCxChannelCmd
 *fill*         0x0000000008007906        0x2 
 .text.HAL_TIMEx_MasterConfigSynchronization
                0x0000000008007908       0xf8 ./Drivers/STM32F4xx_HAL_Driver/Src/stm32f4xx_hal_tim_ex.o
                0x0000000008007908                HAL_TIMEx_MasterConfigSynchronization
 .text.HAL_TIMEx_CommutCallback
                0x0000000008007a00       0x14 ./Drivers/STM32F4xx_HAL_Driver/Src/stm32f4xx_hal_tim_ex.o
                0x0000000008007a00                HAL_TIMEx_CommutCallback
 .text.HAL_TIMEx_BreakCallback
                0x0000000008007a14       0x14 ./Drivers/STM32F4xx_HAL_Driver/Src/stm32f4xx_hal_tim_ex.o
                0x0000000008007a14                HAL_TIMEx_BreakCallback
 .text.HAL_UART_Init
                0x0000000008007a28       0x9a ./Drivers/STM32F4xx_HAL_Driver/Src/stm32f4xx_hal_uart.o
                0x0000000008007a28                HAL_UART_Init
 .text.HAL_UART_Transmit_IT
                0x0000000008007ac2       0x8a ./Drivers/STM32F4xx_HAL_Driver/Src/stm32f4xx_hal_uart.o
                0x0000000008007ac2                HAL_UART_Transmit_IT
 .text.HAL_UART_Receive_IT
                0x0000000008007b4c       0xaa ./Drivers/STM32F4xx_HAL_Driver/Src/stm32f4xx_hal_uart.o
                0x0000000008007b4c                HAL_UART_Receive_IT
 *fill*         0x0000000008007bf6        0x2 
 .text.HAL_UART_AbortReceive_IT
                0x0000000008007bf8       0xb0 ./Drivers/STM32F4xx_HAL_Driver/Src/stm32f4xx_hal_uart.o
                0x0000000008007bf8                HAL_UART_AbortReceive_IT
 .text.HAL_UART_IRQHandler
                0x0000000008007ca8      0x200 ./Drivers/STM32F4xx_HAL_Driver/Src/stm32f4xx_hal_uart.o
                0x0000000008007ca8                HAL_UART_IRQHandler
 .text.HAL_UART_TxCpltCallback
                0x0000000008007ea8       0x14 ./Drivers/STM32F4xx_HAL_Driver/Src/stm32f4xx_hal_uart.o
                0x0000000008007ea8                HAL_UART_TxCpltCallback
 .text.HAL_UART_ErrorCallback
                0x0000000008007ebc       0x14 ./Drivers/STM32F4xx_HAL_Driver/Src/stm32f4xx_hal_uart.o
                0x0000000008007ebc                HAL_UART_ErrorCallback
 .text.HAL_UART_AbortReceiveCpltCallback
                0x0000000008007ed0       0x14 ./Drivers/STM32F4xx_HAL_Driver/Src/stm32f4xx_hal_uart.o
                0x0000000008007ed0                HAL_UART_AbortReceiveCpltCallback
 .text.UART_EndRxTransfer
                0x0000000008007ee4       0x3c ./Drivers/STM32F4xx_HAL_Driver/Src/stm32f4xx_hal_uart.o
 .text.UART_DMAAbortOnError
                0x0000000008007f20       0x28 ./Drivers/STM32F4xx_HAL_Driver/Src/stm32f4xx_hal_uart.o
 .text.UART_DMARxOnlyAbortCallback
                0x0000000008007f48       0x2a ./Drivers/STM32F4xx_HAL_Driver/Src/stm32f4xx_hal_uart.o
 .text.UART_Transmit_IT
                0x0000000008007f72       0xac ./Drivers/STM32F4xx_HAL_Driver/Src/stm32f4xx_hal_uart.o
 .text.UART_EndTransmit_IT
                0x000000000800801e       0x30 ./Drivers/STM32F4xx_HAL_Driver/Src/stm32f4xx_hal_uart.o
 .text.UART_Receive_IT
                0x000000000800804e      0x102 ./Drivers/STM32F4xx_HAL_Driver/Src/stm32f4xx_hal_uart.o
 .text.UART_SetConfig
                0x0000000008008150      0x99c ./Drivers/STM32F4xx_HAL_Driver/Src/stm32f4xx_hal_uart.o
 .text.__errno  0x0000000008008aec        0xc /app/stm32cubeide/plugins/com.st.stm32cube.ide.mcu.externaltools.gnu-tools-for-stm32.10.3-2021.10.linux64_1.0.200.202301161003/tools/bin/../lib/gcc/arm-none-eabi/10.3.1/../../../../arm-none-eabi/lib/thumb/v7e-m+fp/hard/libc_nano.a(lib_a-errno.o)
                0x0000000008008aec                __errno
 .text.__libc_init_array
                0x0000000008008af8       0x48 /app/stm32cubeide/plugins/com.st.stm32cube.ide.mcu.externaltools.gnu-tools-for-stm32.10.3-2021.10.linux64_1.0.200.202301161003/tools/bin/../lib/gcc/arm-none-eabi/10.3.1/../../../../arm-none-eabi/lib/thumb/v7e-m+fp/hard/libc_nano.a(lib_a-init.o)
                0x0000000008008af8                __libc_init_array
 .text.memset   0x0000000008008b40       0x10 /app/stm32cubeide/plugins/com.st.stm32cube.ide.mcu.externaltools.gnu-tools-for-stm32.10.3-2021.10.linux64_1.0.200.202301161003/tools/bin/../lib/gcc/arm-none-eabi/10.3.1/../../../../arm-none-eabi/lib/thumb/v7e-m+fp/hard/libc_nano.a(lib_a-memset.o)
                0x0000000008008b40                memset
 .text.sprintf  0x0000000008008b50       0x40 /app/stm32cubeide/plugins/com.st.stm32cube.ide.mcu.externaltools.gnu-tools-for-stm32.10.3-2021.10.linux64_1.0.200.202301161003/tools/bin/../lib/gcc/arm-none-eabi/10.3.1/../../../../arm-none-eabi/lib/thumb/v7e-m+fp/hard/libc_nano.a(lib_a-sprintf.o)
                0x0000000008008b50                sprintf
                0x0000000008008b50                siprintf
 .text.__ssputs_r
                0x0000000008008b90       0xb6 /app/stm32cubeide/plugins/com.st.stm32cube.ide.mcu.externaltools.gnu-tools-for-stm32.10.3-2021.10.linux64_1.0.200.202301161003/tools/bin/../lib/gcc/arm-none-eabi/10.3.1/../../../../arm-none-eabi/lib/thumb/v7e-m+fp/hard/libc_nano.a(lib_a-nano-svfprintf.o)
                0x0000000008008b90                __ssputs_r
 *fill*         0x0000000008008c46        0x2 
 .text._svfprintf_r
                0x0000000008008c48      0x200 /app/stm32cubeide/plugins/com.st.stm32cube.ide.mcu.externaltools.gnu-tools-for-stm32.10.3-2021.10.linux64_1.0.200.202301161003/tools/bin/../lib/gcc/arm-none-eabi/10.3.1/../../../../arm-none-eabi/lib/thumb/v7e-m+fp/hard/libc_nano.a(lib_a-nano-svfprintf.o)
                0x0000000008008c48                _svfprintf_r
                0x0000000008008c48                _svfiprintf_r
 .text._printf_common
                0x0000000008008e48       0xda /app/stm32cubeide/plugins/com.st.stm32cube.ide.mcu.externaltools.gnu-tools-for-stm32.10.3-2021.10.linux64_1.0.200.202301161003/tools/bin/../lib/gcc/arm-none-eabi/10.3.1/../../../../arm-none-eabi/lib/thumb/v7e-m+fp/hard/libc_nano.a(lib_a-nano-vfprintf_i.o)
                0x0000000008008e48                _printf_common
 *fill*         0x0000000008008f22        0x2 
 .text._printf_i
                0x0000000008008f24      0x24c /app/stm32cubeide/plugins/com.st.stm32cube.ide.mcu.externaltools.gnu-tools-for-stm32.10.3-2021.10.linux64_1.0.200.202301161003/tools/bin/../lib/gcc/arm-none-eabi/10.3.1/../../../../arm-none-eabi/lib/thumb/v7e-m+fp/hard/libc_nano.a(lib_a-nano-vfprintf_i.o)
                0x0000000008008f24                _printf_i
 .text.memcpy   0x0000000008009170       0x1c /app/stm32cubeide/plugins/com.st.stm32cube.ide.mcu.externaltools.gnu-tools-for-stm32.10.3-2021.10.linux64_1.0.200.202301161003/tools/bin/../lib/gcc/arm-none-eabi/10.3.1/../../../../arm-none-eabi/lib/thumb/v7e-m+fp/hard/libc_nano.a(lib_a-memcpy-stub.o)
                0x0000000008009170                memcpy
 .text.memmove  0x000000000800918c       0x34 /app/stm32cubeide/plugins/com.st.stm32cube.ide.mcu.externaltools.gnu-tools-for-stm32.10.3-2021.10.linux64_1.0.200.202301161003/tools/bin/../lib/gcc/arm-none-eabi/10.3.1/../../../../arm-none-eabi/lib/thumb/v7e-m+fp/hard/libc_nano.a(lib_a-memmove.o)
                0x000000000800918c                memmove
 .text._free_r  0x00000000080091c0       0x98 /app/stm32cubeide/plugins/com.st.stm32cube.ide.mcu.externaltools.gnu-tools-for-stm32.10.3-2021.10.linux64_1.0.200.202301161003/tools/bin/../lib/gcc/arm-none-eabi/10.3.1/../../../../arm-none-eabi/lib/thumb/v7e-m+fp/hard/libc_nano.a(lib_a-nano-freer.o)
                0x00000000080091c0                _free_r
 .text.sbrk_aligned
                0x0000000008009258       0x40 /app/stm32cubeide/plugins/com.st.stm32cube.ide.mcu.externaltools.gnu-tools-for-stm32.10.3-2021.10.linux64_1.0.200.202301161003/tools/bin/../lib/gcc/arm-none-eabi/10.3.1/../../../../arm-none-eabi/lib/thumb/v7e-m+fp/hard/libc_nano.a(lib_a-nano-mallocr.o)
 .text._malloc_r
                0x0000000008009298       0xe8 /app/stm32cubeide/plugins/com.st.stm32cube.ide.mcu.externaltools.gnu-tools-for-stm32.10.3-2021.10.linux64_1.0.200.202301161003/tools/bin/../lib/gcc/arm-none-eabi/10.3.1/../../../../arm-none-eabi/lib/thumb/v7e-m+fp/hard/libc_nano.a(lib_a-nano-mallocr.o)
                0x0000000008009298                _malloc_r
 .text._realloc_r
                0x0000000008009380       0x5e /app/stm32cubeide/plugins/com.st.stm32cube.ide.mcu.externaltools.gnu-tools-for-stm32.10.3-2021.10.linux64_1.0.200.202301161003/tools/bin/../lib/gcc/arm-none-eabi/10.3.1/../../../../arm-none-eabi/lib/thumb/v7e-m+fp/hard/libc_nano.a(lib_a-nano-reallocr.o)
                0x0000000008009380                _realloc_r
 *fill*         0x00000000080093de        0x2 
 .text._sbrk_r  0x00000000080093e0       0x20 /app/stm32cubeide/plugins/com.st.stm32cube.ide.mcu.externaltools.gnu-tools-for-stm32.10.3-2021.10.linux64_1.0.200.202301161003/tools/bin/../lib/gcc/arm-none-eabi/10.3.1/../../../../arm-none-eabi/lib/thumb/v7e-m+fp/hard/libc_nano.a(lib_a-sbrkr.o)
                0x00000000080093e0                _sbrk_r
 .text.__malloc_lock
                0x0000000008009400        0xc /app/stm32cubeide/plugins/com.st.stm32cube.ide.mcu.externaltools.gnu-tools-for-stm32.10.3-2021.10.linux64_1.0.200.202301161003/tools/bin/../lib/gcc/arm-none-eabi/10.3.1/../../../../arm-none-eabi/lib/thumb/v7e-m+fp/hard/libc_nano.a(lib_a-mlock.o)
                0x0000000008009400                __malloc_lock
 .text.__malloc_unlock
                0x000000000800940c        0xc /app/stm32cubeide/plugins/com.st.stm32cube.ide.mcu.externaltools.gnu-tools-for-stm32.10.3-2021.10.linux64_1.0.200.202301161003/tools/bin/../lib/gcc/arm-none-eabi/10.3.1/../../../../arm-none-eabi/lib/thumb/v7e-m+fp/hard/libc_nano.a(lib_a-mlock.o)
                0x000000000800940c                __malloc_unlock
 .text._malloc_usable_size_r
                0x0000000008009418       0x10 /app/stm32cubeide/plugins/com.st.stm32cube.ide.mcu.externaltools.gnu-tools-for-stm32.10.3-2021.10.linux64_1.0.200.202301161003/tools/bin/../lib/gcc/arm-none-eabi/10.3.1/../../../../arm-none-eabi/lib/thumb/v7e-m+fp/hard/libc_nano.a(lib_a-nano-msizer.o)
                0x0000000008009418                _malloc_usable_size_r
 .text.__retarget_lock_acquire_recursive
                0x0000000008009428        0x2 /app/stm32cubeide/plugins/com.st.stm32cube.ide.mcu.externaltools.gnu-tools-for-stm32.10.3-2021.10.linux64_1.0.200.202301161003/tools/bin/../lib/gcc/arm-none-eabi/10.3.1/../../../../arm-none-eabi/lib/thumb/v7e-m+fp/hard/libc_nano.a(lib_a-lock.o)
                0x0000000008009428                __retarget_lock_acquire_recursive
 .text.__retarget_lock_release_recursive
                0x000000000800942a        0x2 /app/stm32cubeide/plugins/com.st.stm32cube.ide.mcu.externaltools.gnu-tools-for-stm32.10.3-2021.10.linux64_1.0.200.202301161003/tools/bin/../lib/gcc/arm-none-eabi/10.3.1/../../../../arm-none-eabi/lib/thumb/v7e-m+fp/hard/libc_nano.a(lib_a-lock.o)
                0x000000000800942a                __retarget_lock_release_recursive
 .text.cosf     0x000000000800942c       0x88 /app/stm32cubeide/plugins/com.st.stm32cube.ide.mcu.externaltools.gnu-tools-for-stm32.10.3-2021.10.linux64_1.0.200.202301161003/tools/bin/../lib/gcc/arm-none-eabi/10.3.1/../../../../arm-none-eabi/lib/thumb/v7e-m+fp/hard/libm.a(lib_a-sf_cos.o)
                0x000000000800942c                cosf
 .text.sinf     0x00000000080094b4       0x8c /app/stm32cubeide/plugins/com.st.stm32cube.ide.mcu.externaltools.gnu-tools-for-stm32.10.3-2021.10.linux64_1.0.200.202301161003/tools/bin/../lib/gcc/arm-none-eabi/10.3.1/../../../../arm-none-eabi/lib/thumb/v7e-m+fp/hard/libm.a(lib_a-sf_sin.o)
                0x00000000080094b4                sinf
 .text.atan2f   0x0000000008009540        0x4 /app/stm32cubeide/plugins/com.st.stm32cube.ide.mcu.externaltools.gnu-tools-for-stm32.10.3-2021.10.linux64_1.0.200.202301161003/tools/bin/../lib/gcc/arm-none-eabi/10.3.1/../../../../arm-none-eabi/lib/thumb/v7e-m+fp/hard/libm.a(lib_a-wf_atan2.o)
                0x0000000008009540                atan2f
 .text.__ieee754_atan2f
                0x0000000008009544      0x140 /app/stm32cubeide/plugins/com.st.stm32cube.ide.mcu.externaltools.gnu-tools-for-stm32.10.3-2021.10.linux64_1.0.200.202301161003/tools/bin/../lib/gcc/arm-none-eabi/10.3.1/../../../../arm-none-eabi/lib/thumb/v7e-m+fp/hard/libm.a(lib_a-ef_atan2.o)
                0x0000000008009544                __ieee754_atan2f
 .text.__ieee754_rem_pio2f
                0x0000000008009684      0x278 /app/stm32cubeide/plugins/com.st.stm32cube.ide.mcu.externaltools.gnu-tools-for-stm32.10.3-2021.10.linux64_1.0.200.202301161003/tools/bin/../lib/gcc/arm-none-eabi/10.3.1/../../../../arm-none-eabi/lib/thumb/v7e-m+fp/hard/libm.a(lib_a-ef_rem_pio2.o)
                0x0000000008009684                __ieee754_rem_pio2f
 .text.__kernel_cosf
                0x00000000080098fc       0xc0 /app/stm32cubeide/plugins/com.st.stm32cube.ide.mcu.externaltools.gnu-tools-for-stm32.10.3-2021.10.linux64_1.0.200.202301161003/tools/bin/../lib/gcc/arm-none-eabi/10.3.1/../../../../arm-none-eabi/lib/thumb/v7e-m+fp/hard/libm.a(lib_a-kf_cos.o)
                0x00000000080098fc                __kernel_cosf
 .text.__kernel_rem_pio2f
                0x00000000080099bc      0x4ec /app/stm32cubeide/plugins/com.st.stm32cube.ide.mcu.externaltools.gnu-tools-for-stm32.10.3-2021.10.linux64_1.0.200.202301161003/tools/bin/../lib/gcc/arm-none-eabi/10.3.1/../../../../arm-none-eabi/lib/thumb/v7e-m+fp/hard/libm.a(lib_a-kf_rem_pio2.o)
                0x00000000080099bc                __kernel_rem_pio2f
 .text.__kernel_sinf
                0x0000000008009ea8       0x90 /app/stm32cubeide/plugins/com.st.stm32cube.ide.mcu.externaltools.gnu-tools-for-stm32.10.3-2021.10.linux64_1.0.200.202301161003/tools/bin/../lib/gcc/arm-none-eabi/10.3.1/../../../../arm-none-eabi/lib/thumb/v7e-m+fp/hard/libm.a(lib_a-kf_sin.o)
                0x0000000008009ea8                __kernel_sinf
 .text.atanf    0x0000000008009f38      0x1a8 /app/stm32cubeide/plugins/com.st.stm32cube.ide.mcu.externaltools.gnu-tools-for-stm32.10.3-2021.10.linux64_1.0.200.202301161003/tools/bin/../lib/gcc/arm-none-eabi/10.3.1/../../../../arm-none-eabi/lib/thumb/v7e-m+fp/hard/libm.a(lib_a-sf_atan.o)
                0x0000000008009f38                atanf
 .text.fabsf    0x000000000800a0e0        0xe /app/stm32cubeide/plugins/com.st.stm32cube.ide.mcu.externaltools.gnu-tools-for-stm32.10.3-2021.10.linux64_1.0.200.202301161003/tools/bin/../lib/gcc/arm-none-eabi/10.3.1/../../../../arm-none-eabi/lib/thumb/v7e-m+fp/hard/libm.a(lib_a-sf_fabs.o)
                0x000000000800a0e0                fabsf
 *fill*         0x000000000800a0ee        0x2 
 .text.floorf   0x000000000800a0f0       0x84 /app/stm32cubeide/plugins/com.st.stm32cube.ide.mcu.externaltools.gnu-tools-for-stm32.10.3-2021.10.linux64_1.0.200.202301161003/tools/bin/../lib/gcc/arm-none-eabi/10.3.1/../../../../arm-none-eabi/lib/thumb/v7e-m+fp/hard/libm.a(lib_a-sf_floor.o)
                0x000000000800a0f0                floorf
 .text.scalbnf  0x000000000800a174       0xe4 /app/stm32cubeide/plugins/com.st.stm32cube.ide.mcu.externaltools.gnu-tools-for-stm32.10.3-2021.10.linux64_1.0.200.202301161003/tools/bin/../lib/gcc/arm-none-eabi/10.3.1/../../../../arm-none-eabi/lib/thumb/v7e-m+fp/hard/libm.a(lib_a-sf_scalbn.o)
                0x000000000800a174                scalbnf
 *(.glue_7)
 .glue_7        0x000000000800a258        0x0 linker stubs
 *(.glue_7t)
 .glue_7t       0x000000000800a258        0x0 linker stubs
 *(.eh_frame)
 .eh_frame      0x000000000800a258        0x0 /app/stm32cubeide/plugins/com.st.stm32cube.ide.mcu.externaltools.gnu-tools-for-stm32.10.3-2021.10.linux64_1.0.200.202301161003/tools/bin/../lib/gcc/arm-none-eabi/10.3.1/thumb/v7e-m+fp/hard/crtbegin.o
 *(.init)
 .init          0x000000000800a258        0x4 /app/stm32cubeide/plugins/com.st.stm32cube.ide.mcu.externaltools.gnu-tools-for-stm32.10.3-2021.10.linux64_1.0.200.202301161003/tools/bin/../lib/gcc/arm-none-eabi/10.3.1/thumb/v7e-m+fp/hard/crti.o
                0x000000000800a258                _init
 .init          0x000000000800a25c        0x8 /app/stm32cubeide/plugins/com.st.stm32cube.ide.mcu.externaltools.gnu-tools-for-stm32.10.3-2021.10.linux64_1.0.200.202301161003/tools/bin/../lib/gcc/arm-none-eabi/10.3.1/thumb/v7e-m+fp/hard/crtn.o
 *(.fini)
 .fini          0x000000000800a264        0x4 /app/stm32cubeide/plugins/com.st.stm32cube.ide.mcu.externaltools.gnu-tools-for-stm32.10.3-2021.10.linux64_1.0.200.202301161003/tools/bin/../lib/gcc/arm-none-eabi/10.3.1/thumb/v7e-m+fp/hard/crti.o
                0x000000000800a264                _fini
 .fini          0x000000000800a268        0x8 /app/stm32cubeide/plugins/com.st.stm32cube.ide.mcu.externaltools.gnu-tools-for-stm32.10.3-2021.10.linux64_1.0.200.202301161003/tools/bin/../lib/gcc/arm-none-eabi/10.3.1/thumb/v7e-m+fp/hard/crtn.o
                0x000000000800a270                . = ALIGN (0x4)
                0x000000000800a270                _etext = .

.vfp11_veneer   0x000000000800a270        0x0
 .vfp11_veneer  0x000000000800a270        0x0 linker stubs

.v4_bx          0x000000000800a270        0x0
 .v4_bx         0x000000000800a270        0x0 linker stubs

.iplt           0x000000000800a270        0x0
 .iplt          0x000000000800a270        0x0 /app/stm32cubeide/plugins/com.st.stm32cube.ide.mcu.externaltools.gnu-tools-for-stm32.10.3-2021.10.linux64_1.0.200.202301161003/tools/bin/../lib/gcc/arm-none-eabi/10.3.1/thumb/v7e-m+fp/hard/crtbegin.o

.rodata         0x000000000800a270      0x47c
                0x000000000800a270                . = ALIGN (0x4)
 *(.rodata)
 .rodata        0x000000000800a270       0x27 ./Core/Src/main.o
 *(.rodata*)
 *fill*         0x000000000800a297        0x1 
 .rodata.AHBPrescTable
                0x000000000800a298       0x10 ./Core/Src/system_stm32f4xx.o
                0x000000000800a298                AHBPrescTable
 .rodata.APBPrescTable
                0x000000000800a2a8        0x8 ./Core/Src/system_stm32f4xx.o
                0x000000000800a2a8                APBPrescTable
 .rodata._svfprintf_r.str1.1
                0x000000000800a2b0       0x11 /app/stm32cubeide/plugins/com.st.stm32cube.ide.mcu.externaltools.gnu-tools-for-stm32.10.3-2021.10.linux64_1.0.200.202301161003/tools/bin/../lib/gcc/arm-none-eabi/10.3.1/../../../../arm-none-eabi/lib/thumb/v7e-m+fp/hard/libc_nano.a(lib_a-nano-svfprintf.o)
 .rodata._printf_i.str1.1
                0x000000000800a2c1       0x22 /app/stm32cubeide/plugins/com.st.stm32cube.ide.mcu.externaltools.gnu-tools-for-stm32.10.3-2021.10.linux64_1.0.200.202301161003/tools/bin/../lib/gcc/arm-none-eabi/10.3.1/../../../../arm-none-eabi/lib/thumb/v7e-m+fp/hard/libc_nano.a(lib_a-nano-vfprintf_i.o)
 *fill*         0x000000000800a2e3        0x1 
 .rodata.CSWTCH.8
                0x000000000800a2e4        0xc /app/stm32cubeide/plugins/com.st.stm32cube.ide.mcu.externaltools.gnu-tools-for-stm32.10.3-2021.10.linux64_1.0.200.202301161003/tools/bin/../lib/gcc/arm-none-eabi/10.3.1/../../../../arm-none-eabi/lib/thumb/v7e-m+fp/hard/libm.a(lib_a-ef_atan2.o)
 .rodata.CSWTCH.9
                0x000000000800a2f0        0xc /app/stm32cubeide/plugins/com.st.stm32cube.ide.mcu.externaltools.gnu-tools-for-stm32.10.3-2021.10.linux64_1.0.200.202301161003/tools/bin/../lib/gcc/arm-none-eabi/10.3.1/../../../../arm-none-eabi/lib/thumb/v7e-m+fp/hard/libm.a(lib_a-ef_atan2.o)
 .rodata.npio2_hw
                0x000000000800a2fc       0x80 /app/stm32cubeide/plugins/com.st.stm32cube.ide.mcu.externaltools.gnu-tools-for-stm32.10.3-2021.10.linux64_1.0.200.202301161003/tools/bin/../lib/gcc/arm-none-eabi/10.3.1/../../../../arm-none-eabi/lib/thumb/v7e-m+fp/hard/libm.a(lib_a-ef_rem_pio2.o)
 .rodata.two_over_pi
                0x000000000800a37c      0x318 /app/stm32cubeide/plugins/com.st.stm32cube.ide.mcu.externaltools.gnu-tools-for-stm32.10.3-2021.10.linux64_1.0.200.202301161003/tools/bin/../lib/gcc/arm-none-eabi/10.3.1/../../../../arm-none-eabi/lib/thumb/v7e-m+fp/hard/libm.a(lib_a-ef_rem_pio2.o)
 .rodata.PIo2   0x000000000800a694       0x2c /app/stm32cubeide/plugins/com.st.stm32cube.ide.mcu.externaltools.gnu-tools-for-stm32.10.3-2021.10.linux64_1.0.200.202301161003/tools/bin/../lib/gcc/arm-none-eabi/10.3.1/../../../../arm-none-eabi/lib/thumb/v7e-m+fp/hard/libm.a(lib_a-kf_rem_pio2.o)
 .rodata.init_jk
                0x000000000800a6c0        0xc /app/stm32cubeide/plugins/com.st.stm32cube.ide.mcu.externaltools.gnu-tools-for-stm32.10.3-2021.10.linux64_1.0.200.202301161003/tools/bin/../lib/gcc/arm-none-eabi/10.3.1/../../../../arm-none-eabi/lib/thumb/v7e-m+fp/hard/libm.a(lib_a-kf_rem_pio2.o)
 .rodata.atanhi
                0x000000000800a6cc       0x10 /app/stm32cubeide/plugins/com.st.stm32cube.ide.mcu.externaltools.gnu-tools-for-stm32.10.3-2021.10.linux64_1.0.200.202301161003/tools/bin/../lib/gcc/arm-none-eabi/10.3.1/../../../../arm-none-eabi/lib/thumb/v7e-m+fp/hard/libm.a(lib_a-sf_atan.o)
 .rodata.atanlo
                0x000000000800a6dc       0x10 /app/stm32cubeide/plugins/com.st.stm32cube.ide.mcu.externaltools.gnu-tools-for-stm32.10.3-2021.10.linux64_1.0.200.202301161003/tools/bin/../lib/gcc/arm-none-eabi/10.3.1/../../../../arm-none-eabi/lib/thumb/v7e-m+fp/hard/libm.a(lib_a-sf_atan.o)
                0x000000000800a6ec                . = ALIGN (0x4)

.ARM.extab      0x000000000800a6ec        0x0
                0x000000000800a6ec                . = ALIGN (0x4)
 *(.ARM.extab* .gnu.linkonce.armextab.*)
                0x000000000800a6ec                . = ALIGN (0x4)

.ARM            0x000000000800a6ec        0x8
                0x000000000800a6ec                . = ALIGN (0x4)
                0x000000000800a6ec                __exidx_start = .
 *(.ARM.exidx*)
 .ARM.exidx     0x000000000800a6ec        0x8 /app/stm32cubeide/plugins/com.st.stm32cube.ide.mcu.externaltools.gnu-tools-for-stm32.10.3-2021.10.linux64_1.0.200.202301161003/tools/bin/../lib/gcc/arm-none-eabi/10.3.1/thumb/v7e-m+fp/hard/libgcc.a(_udivmoddi4.o)
                0x000000000800a6f4                __exidx_end = .
                0x000000000800a6f4                . = ALIGN (0x4)

.rel.dyn        0x000000000800a6f4        0x0
 .rel.iplt      0x000000000800a6f4        0x0 /app/stm32cubeide/plugins/com.st.stm32cube.ide.mcu.externaltools.gnu-tools-for-stm32.10.3-2021.10.linux64_1.0.200.202301161003/tools/bin/../lib/gcc/arm-none-eabi/10.3.1/thumb/v7e-m+fp/hard/crtbegin.o

.preinit_array  0x000000000800a6f4        0x0
                0x000000000800a6f4                . = ALIGN (0x4)
                0x000000000800a6f4                PROVIDE (__preinit_array_start = .)
 *(.preinit_array*)
                0x000000000800a6f4                PROVIDE (__preinit_array_end = .)
                0x000000000800a6f4                . = ALIGN (0x4)

.init_array     0x000000000800a6f4        0x4
                0x000000000800a6f4                . = ALIGN (0x4)
                0x000000000800a6f4                PROVIDE (__init_array_start = .)
 *(SORT_BY_NAME(.init_array.*))
 *(.init_array*)
 .init_array    0x000000000800a6f4        0x4 /app/stm32cubeide/plugins/com.st.stm32cube.ide.mcu.externaltools.gnu-tools-for-stm32.10.3-2021.10.linux64_1.0.200.202301161003/tools/bin/../lib/gcc/arm-none-eabi/10.3.1/thumb/v7e-m+fp/hard/crtbegin.o
                0x000000000800a6f8                PROVIDE (__init_array_end = .)
                0x000000000800a6f8                . = ALIGN (0x4)

.fini_array     0x000000000800a6f8        0x4
                0x000000000800a6f8                . = ALIGN (0x4)
                [!provide]                        PROVIDE (__fini_array_start = .)
 *(SORT_BY_NAME(.fini_array.*))
 *(.fini_array*)
 .fini_array    0x000000000800a6f8        0x4 /app/stm32cubeide/plugins/com.st.stm32cube.ide.mcu.externaltools.gnu-tools-for-stm32.10.3-2021.10.linux64_1.0.200.202301161003/tools/bin/../lib/gcc/arm-none-eabi/10.3.1/thumb/v7e-m+fp/hard/crtbegin.o
                [!provide]                        PROVIDE (__fini_array_end = .)
                0x000000000800a6fc                . = ALIGN (0x4)
                0x000000000800a6fc                _sidata = LOADADDR (.data)

.data           0x0000000020000000       0xa4 load address 0x000000000800a6fc
                0x0000000020000000                . = ALIGN (0x4)
                0x0000000020000000                _sdata = .
 *(.data)
 *(.data*)
 .data.periodo_calibraMag
                0x0000000020000000        0x2 ./Core/Src/main.o
                0x0000000020000000                periodo_calibraMag
 .data.ticks_PuntoAPunto
                0x0000000020000002        0x2 ./Core/Src/main.o
                0x0000000020000002                ticks_PuntoAPunto
 .data.modoFuncionamiento
                0x0000000020000004        0x1 ./Core/Src/main.o
                0x0000000020000004                modoFuncionamiento
 *fill*         0x0000000020000005        0x3 
 .data.magX_min
                0x0000000020000008        0x4 ./Core/Src/main.o
                0x0000000020000008                magX_min
 .data.magX_max
                0x000000002000000c        0x4 ./Core/Src/main.o
                0x000000002000000c                magX_max
 .data.magY_min
                0x0000000020000010        0x4 ./Core/Src/main.o
                0x0000000020000010                magY_min
 .data.magY_max
                0x0000000020000014        0x4 ./Core/Src/main.o
                0x0000000020000014                magY_max
 .data.magX_media
                0x0000000020000018        0x4 ./Core/Src/main.o
                0x0000000020000018                magX_media
 .data.magY_media
                0x000000002000001c        0x4 ./Core/Src/main.o
                0x000000002000001c                magY_media
 .data.magX_range
                0x0000000020000020        0x4 ./Core/Src/main.o
                0x0000000020000020                magX_range
 .data.magY_range
                0x0000000020000024        0x4 ./Core/Src/main.o
                0x0000000020000024                magY_range
 .data.betaIIR  0x0000000020000028        0x4 ./Core/Src/main.o
                0x0000000020000028                betaIIR
 .data.flag_iniciaIIR
                0x000000002000002c        0x1 ./Core/Src/main.o
                0x000000002000002c                flag_iniciaIIR
 .data.periodo_Encoder
                0x000000002000002d        0x1 ./Core/Src/main.o
                0x000000002000002d                periodo_Encoder
 .data.periodo_pos
                0x000000002000002e        0x1 ./Core/Src/main.o
                0x000000002000002e                periodo_pos
 .data.velL     0x000000002000002f        0x1 ./Core/Src/main.o
                0x000000002000002f                velL
 .data.velR     0x0000000020000030        0x1 ./Core/Src/main.o
                0x0000000020000030                velR
 .data.velLFinal
                0x0000000020000031        0x1 ./Core/Src/main.o
                0x0000000020000031                velLFinal
 .data.velRFinal
                0x0000000020000032        0x1 ./Core/Src/main.o
                0x0000000020000032                velRFinal
 *fill*         0x0000000020000033        0x1 
 .data.SystemCoreClock
                0x0000000020000034        0x4 ./Core/Src/system_stm32f4xx.o
                0x0000000020000034                SystemCoreClock
 .data.uwTickPrio
                0x0000000020000038        0x4 ./Drivers/STM32F4xx_HAL_Driver/Src/stm32f4xx_hal.o
                0x0000000020000038                uwTickPrio
 .data.uwTickFreq
                0x000000002000003c        0x1 ./Drivers/STM32F4xx_HAL_Driver/Src/stm32f4xx_hal.o
                0x000000002000003c                uwTickFreq
 *fill*         0x000000002000003d        0x3 
 .data._impure_ptr
                0x0000000020000040        0x4 /app/stm32cubeide/plugins/com.st.stm32cube.ide.mcu.externaltools.gnu-tools-for-stm32.10.3-2021.10.linux64_1.0.200.202301161003/tools/bin/../lib/gcc/arm-none-eabi/10.3.1/../../../../arm-none-eabi/lib/thumb/v7e-m+fp/hard/libc_nano.a(lib_a-impure.o)
                0x0000000020000040                _impure_ptr
 .data.impure_data
                0x0000000020000044       0x60 /app/stm32cubeide/plugins/com.st.stm32cube.ide.mcu.externaltools.gnu-tools-for-stm32.10.3-2021.10.linux64_1.0.200.202301161003/tools/bin/../lib/gcc/arm-none-eabi/10.3.1/../../../../arm-none-eabi/lib/thumb/v7e-m+fp/hard/libc_nano.a(lib_a-impure.o)
                0x00000000200000a4                . = ALIGN (0x4)
                0x00000000200000a4                _edata = .

.igot.plt       0x00000000200000a4        0x0 load address 0x000000000800a7a0
 .igot.plt      0x00000000200000a4        0x0 /app/stm32cubeide/plugins/com.st.stm32cube.ide.mcu.externaltools.gnu-tools-for-stm32.10.3-2021.10.linux64_1.0.200.202301161003/tools/bin/../lib/gcc/arm-none-eabi/10.3.1/thumb/v7e-m+fp/hard/crtbegin.o
                0x00000000200000a4                . = ALIGN (0x4)

.bss            0x00000000200000a4      0x32c load address 0x000000000800a7a0
                0x00000000200000a4                _sbss = .
                0x00000000200000a4                __bss_start__ = _sbss
 *(.bss)
 .bss           0x00000000200000a4       0x1c /app/stm32cubeide/plugins/com.st.stm32cube.ide.mcu.externaltools.gnu-tools-for-stm32.10.3-2021.10.linux64_1.0.200.202301161003/tools/bin/../lib/gcc/arm-none-eabi/10.3.1/thumb/v7e-m+fp/hard/crtbegin.o
 *(.bss*)
 .bss.uart_handler
                0x00000000200000c0        0x4 ./Core/Src/comunicacionUART.o
                0x00000000200000c0                uart_handler
 .bss.tx        0x00000000200000c4        0x8 ./Core/Src/comunicacionUART.o
                0x00000000200000c4                tx
 .bss.p_rx      0x00000000200000cc        0x4 ./Core/Src/comunicacionUART.o
                0x00000000200000cc                p_rx
 .bss.cmdEsperado
                0x00000000200000d0        0x1 ./Core/Src/comunicacionUART.o
                0x00000000200000d0                cmdEsperado
 .bss.cmdActual
                0x00000000200000d1        0x1 ./Core/Src/comunicacionUART.o
                0x00000000200000d1                cmdActual
 .bss.cmdSecuencia
                0x00000000200000d2        0x1 ./Core/Src/comunicacionUART.o
                0x00000000200000d2                cmdSecuencia
 *fill*         0x00000000200000d3        0x1 
 .bss.aux_direccion
                0x00000000200000d4        0x2 ./Core/Src/comunicacionUART.o
                0x00000000200000d4                aux_direccion
 *fill*         0x00000000200000d6        0x2 
 .bss.hdac      0x00000000200000d8       0x14 ./Core/Src/dac.o
                0x00000000200000d8                hdac
 .bss.hi2c1     0x00000000200000ec       0x54 ./Core/Src/i2c.o
                0x00000000200000ec                hi2c1
 .bss.estatus_calibraMag
                0x0000000020000140        0x1 ./Core/Src/main.o
                0x0000000020000140                estatus_calibraMag
 .bss.estatusPuntoAPunto
                0x0000000020000141        0x1 ./Core/Src/main.o
                0x0000000020000141                estatusPuntoAPunto
 .bss.flag_dest
                0x0000000020000142        0x1 ./Core/Src/main.o
                0x0000000020000142                flag_dest
 *fill*         0x0000000020000143        0x1 
 .bss.anguloDest_rad_f32
                0x0000000020000144        0x4 ./Core/Src/main.o
                0x0000000020000144                anguloDest_rad_f32
 .bss.anguloDest_grad_f32
                0x0000000020000148        0x4 ./Core/Src/main.o
                0x0000000020000148                anguloDest_grad_f32
 .bss.anguloDest_grad_i32
                0x000000002000014c        0x4 ./Core/Src/main.o
                0x000000002000014c                anguloDest_grad_i32
 .bss.deltaAng_dest
                0x0000000020000150        0x4 ./Core/Src/main.o
                0x0000000020000150                deltaAng_dest
 .bss.deltaX_dest
                0x0000000020000154        0x4 ./Core/Src/main.o
                0x0000000020000154                deltaX_dest
 .bss.deltaY_dest
                0x0000000020000158        0x4 ./Core/Src/main.o
                0x0000000020000158                deltaY_dest
 .bss.rxUart    0x000000002000015c        0x8 ./Core/Src/main.o
                0x000000002000015c                rxUart
 .bss.flag_cmd  0x0000000020000164        0x1 ./Core/Src/main.o
                0x0000000020000164                flag_cmd
 *fill*         0x0000000020000165        0x3 
 .bss.txUart    0x0000000020000168        0x8 ./Core/Src/main.o
                0x0000000020000168                txUart
 .bss.esp01Presente
                0x0000000020000170        0x1 ./Core/Src/main.o
                0x0000000020000170                esp01Presente
 *fill*         0x0000000020000171        0x3 
 .bss.last_cuentaTIM7
                0x0000000020000174        0x4 ./Core/Src/main.o
                0x0000000020000174                last_cuentaTIM7
 .bss.duracionWhile1
                0x0000000020000178        0x4 ./Core/Src/main.o
                0x0000000020000178                duracionWhile1
 .bss.flag_quieto
                0x000000002000017c        0x1 ./Core/Src/main.o
                0x000000002000017c                flag_quieto
 .bss.status_movimiento
                0x000000002000017d        0x1 ./Core/Src/main.o
                0x000000002000017d                status_movimiento
 .bss.distL     0x000000002000017e        0x2 ./Core/Src/main.o
                0x000000002000017e                distL
 .bss.distR     0x0000000020000180        0x2 ./Core/Src/main.o
                0x0000000020000180                distR
 .bss.distC     0x0000000020000182        0x2 ./Core/Src/main.o
                0x0000000020000182                distC
 .bss.mpu9265   0x0000000020000184       0x12 ./Core/Src/main.o
                0x0000000020000184                mpu9265
 *fill*         0x0000000020000196        0x2 
 .bss.magX      0x0000000020000198        0x4 ./Core/Src/main.o
                0x0000000020000198                magX
 .bss.magY      0x000000002000019c        0x4 ./Core/Src/main.o
                0x000000002000019c                magY
 .bss.direccionMag_rad_f32
                0x00000000200001a0        0x4 ./Core/Src/main.o
                0x00000000200001a0                direccionMag_rad_f32
 .bss.direccionMag_grad_f32
                0x00000000200001a4        0x4 ./Core/Src/main.o
                0x00000000200001a4                direccionMag_grad_f32
 .bss.gyroZ     0x00000000200001a8        0x4 ./Core/Src/main.o
                0x00000000200001a8                gyroZ
 .bss.direccionGiro_rad_f32
                0x00000000200001ac        0x4 ./Core/Src/main.o
                0x00000000200001ac                direccionGiro_rad_f32
 .bss.direccionGiro_grad_f32
                0x00000000200001b0        0x4 ./Core/Src/main.o
                0x00000000200001b0                direccionGiro_grad_f32
 .bss.magX_iirX0
                0x00000000200001b4        0x4 ./Core/Src/main.o
                0x00000000200001b4                magX_iirX0
 .bss.magX_iirY1
                0x00000000200001b8        0x4 ./Core/Src/main.o
                0x00000000200001b8                magX_iirY1
 .bss.magY_iirX0
                0x00000000200001bc        0x4 ./Core/Src/main.o
                0x00000000200001bc                magY_iirX0
 .bss.magY_iirY1
                0x00000000200001c0        0x4 ./Core/Src/main.o
                0x00000000200001c0                magY_iirY1
 .bss.direccion_f32
                0x00000000200001c4        0x4 ./Core/Src/main.o
                0x00000000200001c4                direccion_f32
 .bss.last_direccion_f32
                0x00000000200001c8        0x4 ./Core/Src/main.o
                0x00000000200001c8                last_direccion_f32
 .bss.direccion_rad
                0x00000000200001cc        0x4 ./Core/Src/main.o
                0x00000000200001cc                direccion_rad
 .bss.direccion_i16
                0x00000000200001d0        0x2 ./Core/Src/main.o
                0x00000000200001d0                direccion_i16
 .bss.direccion_home
                0x00000000200001d2        0x2 ./Core/Src/main.o
                0x00000000200001d2                direccion_home
 .bss.direccion_dest
                0x00000000200001d4        0x2 ./Core/Src/main.o
                0x00000000200001d4                direccion_dest
 .bss.avance_cant
                0x00000000200001d6        0x2 ./Core/Src/main.o
                0x00000000200001d6                avance_cant
 .bss.retroceso_cant
                0x00000000200001d8        0x2 ./Core/Src/main.o
                0x00000000200001d8                retroceso_cant
 .bss.giroIzq_cant
                0x00000000200001da        0x2 ./Core/Src/main.o
                0x00000000200001da                giroIzq_cant
 .bss.giroDer_cant
                0x00000000200001dc        0x2 ./Core/Src/main.o
                0x00000000200001dc                giroDer_cant
 .bss.pos_x     0x00000000200001de        0x1 ./Core/Src/main.o
                0x00000000200001de                pos_x
 .bss.pos_y     0x00000000200001df        0x1 ./Core/Src/main.o
                0x00000000200001df                pos_y
 .bss.pos_ang   0x00000000200001e0        0x1 ./Core/Src/main.o
                0x00000000200001e0                pos_ang
 *fill*         0x00000000200001e1        0x3 
 .bss.posX_f32  0x00000000200001e4        0x4 ./Core/Src/main.o
                0x00000000200001e4                posX_f32
 .bss.posY_f32  0x00000000200001e8        0x4 ./Core/Src/main.o
                0x00000000200001e8                posY_f32
 .bss.posX_i16  0x00000000200001ec        0x2 ./Core/Src/main.o
                0x00000000200001ec                posX_i16
 .bss.posY_i16  0x00000000200001ee        0x2 ./Core/Src/main.o
                0x00000000200001ee                posY_i16
 .bss.posX_home
                0x00000000200001f0        0x2 ./Core/Src/main.o
                0x00000000200001f0                posX_home
 .bss.posY_home
                0x00000000200001f2        0x2 ./Core/Src/main.o
                0x00000000200001f2                posY_home
 .bss.posX_dest
                0x00000000200001f4        0x2 ./Core/Src/main.o
                0x00000000200001f4                posX_dest
 .bss.posY_dest
                0x00000000200001f6        0x2 ./Core/Src/main.o
                0x00000000200001f6                posY_dest
 .bss.SI        0x00000000200001f8        0x1 ./Core/Src/main.o
                0x00000000200001f8                SI
 .bss.SF        0x00000000200001f9        0x1 ./Core/Src/main.o
                0x00000000200001f9                SF
 .bss.SD        0x00000000200001fa        0x1 ./Core/Src/main.o
                0x00000000200001fa                SD
 .bss.sensores_dist
                0x00000000200001fb        0x1 ./Core/Src/main.o
                0x00000000200001fb                sensores_dist
 .bss.desbordeTIM7
                0x00000000200001fc        0x1 ./Core/Src/main.o
                0x00000000200001fc                desbordeTIM7
 .bss.periodo_SR04
                0x00000000200001fd        0x1 ./Core/Src/main.o
                0x00000000200001fd                periodo_SR04
 .bss.flag_checkUart
                0x00000000200001fe        0x1 ./Core/Src/main.o
                0x00000000200001fe                flag_checkUart
 *fill*         0x00000000200001ff        0x1 
 .bss.ic1       0x0000000020000200        0x4 ./Core/Src/main.o
                0x0000000020000200                ic1
 .bss.ic2       0x0000000020000204        0x4 ./Core/Src/main.o
                0x0000000020000204                ic2
 .bss.flancoEco
                0x0000000020000208        0x1 ./Core/Src/main.o
                0x0000000020000208                flancoEco
 *fill*         0x0000000020000209        0x3 
 .bss.cuentaPulsos
                0x000000002000020c        0x4 ./Core/Src/main.o
                0x000000002000020c                cuentaPulsos
 .bss.distanciaSR04
                0x0000000020000210        0x2 ./Core/Src/main.o
                0x0000000020000210                distanciaSR04
 .bss.flag_encoders
                0x0000000020000212        0x1 ./Core/Src/main.o
                0x0000000020000212                flag_encoders
 *fill*         0x0000000020000213        0x1 
 .bss.encoderL  0x0000000020000214        0x2 ./Core/Src/main.o
                0x0000000020000214                encoderL
 .bss.encoderR  0x0000000020000216        0x2 ./Core/Src/main.o
                0x0000000020000216                encoderR
 .bss.encoderL_delta
                0x0000000020000218        0x2 ./Core/Src/main.o
                0x0000000020000218                encoderL_delta
 .bss.encoderR_delta
                0x000000002000021a        0x2 ./Core/Src/main.o
                0x000000002000021a                encoderR_delta
 .bss.acum_encoderL
                0x000000002000021c        0x2 ./Core/Src/main.o
                0x000000002000021c                acum_encoderL
 .bss.acum_encoderR
                0x000000002000021e        0x2 ./Core/Src/main.o
                0x000000002000021e                acum_encoderR
 .bss.encoderL_memPositivo
                0x0000000020000220        0x2 ./Core/Src/main.o
                0x0000000020000220                encoderL_memPositivo
 .bss.encoderR_memPositivo
                0x0000000020000222        0x2 ./Core/Src/main.o
                0x0000000020000222                encoderR_memPositivo
 .bss.encoderL_memNegativo
                0x0000000020000224        0x2 ./Core/Src/main.o
                0x0000000020000224                encoderL_memNegativo
 .bss.encoderR_memNegativo
                0x0000000020000226        0x2 ./Core/Src/main.o
                0x0000000020000226                encoderR_memNegativo
 .bss.hi2c_mpu  0x0000000020000228        0x4 ./Core/Src/mpu_9265_lfs.o
                0x0000000020000228                hi2c_mpu
 .bss.calMagX   0x000000002000022c        0x4 ./Core/Src/mpu_9265_lfs.o
                0x000000002000022c                calMagX
 .bss.calMagY   0x0000000020000230        0x4 ./Core/Src/mpu_9265_lfs.o
                0x0000000020000230                calMagY
 .bss.calMagZ   0x0000000020000234        0x4 ./Core/Src/mpu_9265_lfs.o
                0x0000000020000234                calMagZ
 .bss.__sbrk_heap_end
                0x0000000020000238        0x4 ./Core/Src/sysmem.o
 .bss.htim2     0x000000002000023c       0x40 ./Core/Src/tim.o
                0x000000002000023c                htim2
 .bss.htim3     0x000000002000027c       0x40 ./Core/Src/tim.o
                0x000000002000027c                htim3
 .bss.htim4     0x00000000200002bc       0x40 ./Core/Src/tim.o
                0x00000000200002bc                htim4
 .bss.htim5     0x00000000200002fc       0x40 ./Core/Src/tim.o
                0x00000000200002fc                htim5
 .bss.htim7     0x000000002000033c       0x40 ./Core/Src/tim.o
                0x000000002000033c                htim7
 .bss.huart7    0x000000002000037c       0x40 ./Core/Src/usart.o
                0x000000002000037c                huart7
 .bss.uwTick    0x00000000200003bc        0x4 ./Drivers/STM32F4xx_HAL_Driver/Src/stm32f4xx_hal.o
                0x00000000200003bc                uwTick
 .bss.__malloc_free_list
                0x00000000200003c0        0x4 /app/stm32cubeide/plugins/com.st.stm32cube.ide.mcu.externaltools.gnu-tools-for-stm32.10.3-2021.10.linux64_1.0.200.202301161003/tools/bin/../lib/gcc/arm-none-eabi/10.3.1/../../../../arm-none-eabi/lib/thumb/v7e-m+fp/hard/libc_nano.a(lib_a-nano-mallocr.o)
                0x00000000200003c0                __malloc_free_list
 .bss.__malloc_sbrk_start
                0x00000000200003c4        0x4 /app/stm32cubeide/plugins/com.st.stm32cube.ide.mcu.externaltools.gnu-tools-for-stm32.10.3-2021.10.linux64_1.0.200.202301161003/tools/bin/../lib/gcc/arm-none-eabi/10.3.1/../../../../arm-none-eabi/lib/thumb/v7e-m+fp/hard/libc_nano.a(lib_a-nano-mallocr.o)
                0x00000000200003c4                __malloc_sbrk_start
 .bss.errno     0x00000000200003c8        0x4 /app/stm32cubeide/plugins/com.st.stm32cube.ide.mcu.externaltools.gnu-tools-for-stm32.10.3-2021.10.linux64_1.0.200.202301161003/tools/bin/../lib/gcc/arm-none-eabi/10.3.1/../../../../arm-none-eabi/lib/thumb/v7e-m+fp/hard/libc_nano.a(lib_a-reent.o)
                0x00000000200003c8                errno
 .bss.__lock___malloc_recursive_mutex
                0x00000000200003cc        0x1 /app/stm32cubeide/plugins/com.st.stm32cube.ide.mcu.externaltools.gnu-tools-for-stm32.10.3-2021.10.linux64_1.0.200.202301161003/tools/bin/../lib/gcc/arm-none-eabi/10.3.1/../../../../arm-none-eabi/lib/thumb/v7e-m+fp/hard/libc_nano.a(lib_a-lock.o)
                0x00000000200003cc                __lock___malloc_recursive_mutex
 *(COMMON)
                0x00000000200003d0                . = ALIGN (0x4)
 *fill*         0x00000000200003cd        0x3 
                0x00000000200003d0                _ebss = .
                0x00000000200003d0                __bss_end__ = _ebss

._user_heap_stack
                0x00000000200003d0      0x600 load address 0x000000000800a7a0
                0x00000000200003d0                . = ALIGN (0x8)
                [!provide]                        PROVIDE (end = .)
                0x00000000200003d0                PROVIDE (_end = .)
                0x00000000200005d0                . = (. + _Min_Heap_Size)
 *fill*         0x00000000200003d0      0x200 
                0x00000000200009d0                . = (. + _Min_Stack_Size)
 *fill*         0x00000000200005d0      0x400 
                0x00000000200009d0                . = ALIGN (0x8)

/DISCARD/
 libc.a(*)
 libm.a(*)
 libgcc.a(*)

.ARM.attributes
                0x0000000000000000       0x30
 *(.ARM.attributes)
 .ARM.attributes
                0x0000000000000000       0x1e /app/stm32cubeide/plugins/com.st.stm32cube.ide.mcu.externaltools.gnu-tools-for-stm32.10.3-2021.10.linux64_1.0.200.202301161003/tools/bin/../lib/gcc/arm-none-eabi/10.3.1/thumb/v7e-m+fp/hard/crti.o
 .ARM.attributes
                0x000000000000001e       0x34 /app/stm32cubeide/plugins/com.st.stm32cube.ide.mcu.externaltools.gnu-tools-for-stm32.10.3-2021.10.linux64_1.0.200.202301161003/tools/bin/../lib/gcc/arm-none-eabi/10.3.1/thumb/v7e-m+fp/hard/crtbegin.o
 .ARM.attributes
                0x0000000000000052       0x34 ./Core/Src/comunicacionUART.o
 .ARM.attributes
                0x0000000000000086       0x34 ./Core/Src/dac.o
 .ARM.attributes
                0x00000000000000ba       0x34 ./Core/Src/gpio.o
 .ARM.attributes
                0x00000000000000ee       0x34 ./Core/Src/i2c.o
 .ARM.attributes
                0x0000000000000122       0x34 ./Core/Src/main.o
 .ARM.attributes
                0x0000000000000156       0x34 ./Core/Src/mpu_9265_lfs.o
 .ARM.attributes
                0x000000000000018a       0x34 ./Core/Src/stm32f4xx_hal_msp.o
 .ARM.attributes
                0x00000000000001be       0x34 ./Core/Src/stm32f4xx_it.o
 .ARM.attributes
                0x00000000000001f2       0x34 ./Core/Src/sysmem.o
 .ARM.attributes
                0x0000000000000226       0x34 ./Core/Src/system_stm32f4xx.o
 .ARM.attributes
                0x000000000000025a       0x34 ./Core/Src/tim.o
 .ARM.attributes
                0x000000000000028e       0x34 ./Core/Src/usart.o
 .ARM.attributes
                0x00000000000002c2       0x21 ./Core/Startup/startup_stm32f429igtx.o
 .ARM.attributes
                0x00000000000002e3       0x34 ./Drivers/STM32F4xx_HAL_Driver/Src/stm32f4xx_hal.o
 .ARM.attributes
                0x0000000000000317       0x34 ./Drivers/STM32F4xx_HAL_Driver/Src/stm32f4xx_hal_cortex.o
 .ARM.attributes
                0x000000000000034b       0x34 ./Drivers/STM32F4xx_HAL_Driver/Src/stm32f4xx_hal_dac.o
 .ARM.attributes
                0x000000000000037f       0x34 ./Drivers/STM32F4xx_HAL_Driver/Src/stm32f4xx_hal_dma.o
 .ARM.attributes
                0x00000000000003b3       0x34 ./Drivers/STM32F4xx_HAL_Driver/Src/stm32f4xx_hal_gpio.o
 .ARM.attributes
                0x00000000000003e7       0x34 ./Drivers/STM32F4xx_HAL_Driver/Src/stm32f4xx_hal_i2c.o
 .ARM.attributes
                0x000000000000041b       0x34 ./Drivers/STM32F4xx_HAL_Driver/Src/stm32f4xx_hal_i2c_ex.o
 .ARM.attributes
                0x000000000000044f       0x34 ./Drivers/STM32F4xx_HAL_Driver/Src/stm32f4xx_hal_pwr_ex.o
 .ARM.attributes
                0x0000000000000483       0x34 ./Drivers/STM32F4xx_HAL_Driver/Src/stm32f4xx_hal_rcc.o
 .ARM.attributes
                0x00000000000004b7       0x34 ./Drivers/STM32F4xx_HAL_Driver/Src/stm32f4xx_hal_tim.o
 .ARM.attributes
                0x00000000000004eb       0x34 ./Drivers/STM32F4xx_HAL_Driver/Src/stm32f4xx_hal_tim_ex.o
 .ARM.attributes
                0x000000000000051f       0x34 ./Drivers/STM32F4xx_HAL_Driver/Src/stm32f4xx_hal_uart.o
 .ARM.attributes
                0x0000000000000553       0x34 /app/stm32cubeide/plugins/com.st.stm32cube.ide.mcu.externaltools.gnu-tools-for-stm32.10.3-2021.10.linux64_1.0.200.202301161003/tools/bin/../lib/gcc/arm-none-eabi/10.3.1/../../../../arm-none-eabi/lib/thumb/v7e-m+fp/hard/libc_nano.a(lib_a-errno.o)
 .ARM.attributes
                0x0000000000000587       0x34 /app/stm32cubeide/plugins/com.st.stm32cube.ide.mcu.externaltools.gnu-tools-for-stm32.10.3-2021.10.linux64_1.0.200.202301161003/tools/bin/../lib/gcc/arm-none-eabi/10.3.1/../../../../arm-none-eabi/lib/thumb/v7e-m+fp/hard/libc_nano.a(lib_a-impure.o)
 .ARM.attributes
                0x00000000000005bb       0x34 /app/stm32cubeide/plugins/com.st.stm32cube.ide.mcu.externaltools.gnu-tools-for-stm32.10.3-2021.10.linux64_1.0.200.202301161003/tools/bin/../lib/gcc/arm-none-eabi/10.3.1/../../../../arm-none-eabi/lib/thumb/v7e-m+fp/hard/libc_nano.a(lib_a-init.o)
 .ARM.attributes
                0x00000000000005ef       0x34 /app/stm32cubeide/plugins/com.st.stm32cube.ide.mcu.externaltools.gnu-tools-for-stm32.10.3-2021.10.linux64_1.0.200.202301161003/tools/bin/../lib/gcc/arm-none-eabi/10.3.1/../../../../arm-none-eabi/lib/thumb/v7e-m+fp/hard/libc_nano.a(lib_a-memset.o)
 .ARM.attributes
                0x0000000000000623       0x34 /app/stm32cubeide/plugins/com.st.stm32cube.ide.mcu.externaltools.gnu-tools-for-stm32.10.3-2021.10.linux64_1.0.200.202301161003/tools/bin/../lib/gcc/arm-none-eabi/10.3.1/../../../../arm-none-eabi/lib/thumb/v7e-m+fp/hard/libc_nano.a(lib_a-sprintf.o)
 .ARM.attributes
                0x0000000000000657       0x34 /app/stm32cubeide/plugins/com.st.stm32cube.ide.mcu.externaltools.gnu-tools-for-stm32.10.3-2021.10.linux64_1.0.200.202301161003/tools/bin/../lib/gcc/arm-none-eabi/10.3.1/../../../../arm-none-eabi/lib/thumb/v7e-m+fp/hard/libc_nano.a(lib_a-nano-svfprintf.o)
 .ARM.attributes
                0x000000000000068b       0x34 /app/stm32cubeide/plugins/com.st.stm32cube.ide.mcu.externaltools.gnu-tools-for-stm32.10.3-2021.10.linux64_1.0.200.202301161003/tools/bin/../lib/gcc/arm-none-eabi/10.3.1/../../../../arm-none-eabi/lib/thumb/v7e-m+fp/hard/libc_nano.a(lib_a-nano-vfprintf_i.o)
 .ARM.attributes
                0x00000000000006bf       0x1c /app/stm32cubeide/plugins/com.st.stm32cube.ide.mcu.externaltools.gnu-tools-for-stm32.10.3-2021.10.linux64_1.0.200.202301161003/tools/bin/../lib/gcc/arm-none-eabi/10.3.1/../../../../arm-none-eabi/lib/thumb/v7e-m+fp/hard/libc_nano.a(lib_a-memchr.o)
 .ARM.attributes
                0x00000000000006db       0x34 /app/stm32cubeide/plugins/com.st.stm32cube.ide.mcu.externaltools.gnu-tools-for-stm32.10.3-2021.10.linux64_1.0.200.202301161003/tools/bin/../lib/gcc/arm-none-eabi/10.3.1/../../../../arm-none-eabi/lib/thumb/v7e-m+fp/hard/libc_nano.a(lib_a-memcpy-stub.o)
 .ARM.attributes
                0x000000000000070f       0x34 /app/stm32cubeide/plugins/com.st.stm32cube.ide.mcu.externaltools.gnu-tools-for-stm32.10.3-2021.10.linux64_1.0.200.202301161003/tools/bin/../lib/gcc/arm-none-eabi/10.3.1/../../../../arm-none-eabi/lib/thumb/v7e-m+fp/hard/libc_nano.a(lib_a-memmove.o)
 .ARM.attributes
                0x0000000000000743       0x34 /app/stm32cubeide/plugins/com.st.stm32cube.ide.mcu.externaltools.gnu-tools-for-stm32.10.3-2021.10.linux64_1.0.200.202301161003/tools/bin/../lib/gcc/arm-none-eabi/10.3.1/../../../../arm-none-eabi/lib/thumb/v7e-m+fp/hard/libc_nano.a(lib_a-nano-freer.o)
 .ARM.attributes
                0x0000000000000777       0x34 /app/stm32cubeide/plugins/com.st.stm32cube.ide.mcu.externaltools.gnu-tools-for-stm32.10.3-2021.10.linux64_1.0.200.202301161003/tools/bin/../lib/gcc/arm-none-eabi/10.3.1/../../../../arm-none-eabi/lib/thumb/v7e-m+fp/hard/libc_nano.a(lib_a-nano-mallocr.o)
 .ARM.attributes
                0x00000000000007ab       0x34 /app/stm32cubeide/plugins/com.st.stm32cube.ide.mcu.externaltools.gnu-tools-for-stm32.10.3-2021.10.linux64_1.0.200.202301161003/tools/bin/../lib/gcc/arm-none-eabi/10.3.1/../../../../arm-none-eabi/lib/thumb/v7e-m+fp/hard/libc_nano.a(lib_a-nano-reallocr.o)
 .ARM.attributes
                0x00000000000007df       0x34 /app/stm32cubeide/plugins/com.st.stm32cube.ide.mcu.externaltools.gnu-tools-for-stm32.10.3-2021.10.linux64_1.0.200.202301161003/tools/bin/../lib/gcc/arm-none-eabi/10.3.1/../../../../arm-none-eabi/lib/thumb/v7e-m+fp/hard/libc_nano.a(lib_a-sbrkr.o)
 .ARM.attributes
                0x0000000000000813       0x34 /app/stm32cubeide/plugins/com.st.stm32cube.ide.mcu.externaltools.gnu-tools-for-stm32.10.3-2021.10.linux64_1.0.200.202301161003/tools/bin/../lib/gcc/arm-none-eabi/10.3.1/../../../../arm-none-eabi/lib/thumb/v7e-m+fp/hard/libc_nano.a(lib_a-mlock.o)
 .ARM.attributes
                0x0000000000000847       0x34 /app/stm32cubeide/plugins/com.st.stm32cube.ide.mcu.externaltools.gnu-tools-for-stm32.10.3-2021.10.linux64_1.0.200.202301161003/tools/bin/../lib/gcc/arm-none-eabi/10.3.1/../../../../arm-none-eabi/lib/thumb/v7e-m+fp/hard/libc_nano.a(lib_a-nano-msizer.o)
 .ARM.attributes
                0x000000000000087b       0x34 /app/stm32cubeide/plugins/com.st.stm32cube.ide.mcu.externaltools.gnu-tools-for-stm32.10.3-2021.10.linux64_1.0.200.202301161003/tools/bin/../lib/gcc/arm-none-eabi/10.3.1/../../../../arm-none-eabi/lib/thumb/v7e-m+fp/hard/libc_nano.a(lib_a-reent.o)
 .ARM.attributes
                0x00000000000008af       0x34 /app/stm32cubeide/plugins/com.st.stm32cube.ide.mcu.externaltools.gnu-tools-for-stm32.10.3-2021.10.linux64_1.0.200.202301161003/tools/bin/../lib/gcc/arm-none-eabi/10.3.1/../../../../arm-none-eabi/lib/thumb/v7e-m+fp/hard/libc_nano.a(lib_a-lock.o)
 .ARM.attributes
                0x00000000000008e3       0x34 /app/stm32cubeide/plugins/com.st.stm32cube.ide.mcu.externaltools.gnu-tools-for-stm32.10.3-2021.10.linux64_1.0.200.202301161003/tools/bin/../lib/gcc/arm-none-eabi/10.3.1/../../../../arm-none-eabi/lib/thumb/v7e-m+fp/hard/libm.a(lib_a-sf_cos.o)
 .ARM.attributes
                0x0000000000000917       0x34 /app/stm32cubeide/plugins/com.st.stm32cube.ide.mcu.externaltools.gnu-tools-for-stm32.10.3-2021.10.linux64_1.0.200.202301161003/tools/bin/../lib/gcc/arm-none-eabi/10.3.1/../../../../arm-none-eabi/lib/thumb/v7e-m+fp/hard/libm.a(lib_a-sf_sin.o)
 .ARM.attributes
                0x000000000000094b       0x34 /app/stm32cubeide/plugins/com.st.stm32cube.ide.mcu.externaltools.gnu-tools-for-stm32.10.3-2021.10.linux64_1.0.200.202301161003/tools/bin/../lib/gcc/arm-none-eabi/10.3.1/../../../../arm-none-eabi/lib/thumb/v7e-m+fp/hard/libm.a(lib_a-wf_atan2.o)
 .ARM.attributes
                0x000000000000097f       0x34 /app/stm32cubeide/plugins/com.st.stm32cube.ide.mcu.externaltools.gnu-tools-for-stm32.10.3-2021.10.linux64_1.0.200.202301161003/tools/bin/../lib/gcc/arm-none-eabi/10.3.1/../../../../arm-none-eabi/lib/thumb/v7e-m+fp/hard/libm.a(lib_a-ef_atan2.o)
 .ARM.attributes
                0x00000000000009b3       0x34 /app/stm32cubeide/plugins/com.st.stm32cube.ide.mcu.externaltools.gnu-tools-for-stm32.10.3-2021.10.linux64_1.0.200.202301161003/tools/bin/../lib/gcc/arm-none-eabi/10.3.1/../../../../arm-none-eabi/lib/thumb/v7e-m+fp/hard/libm.a(lib_a-ef_rem_pio2.o)
 .ARM.attributes
                0x00000000000009e7       0x34 /app/stm32cubeide/plugins/com.st.stm32cube.ide.mcu.externaltools.gnu-tools-for-stm32.10.3-2021.10.linux64_1.0.200.202301161003/tools/bin/../lib/gcc/arm-none-eabi/10.3.1/../../../../arm-none-eabi/lib/thumb/v7e-m+fp/hard/libm.a(lib_a-kf_cos.o)
 .ARM.attributes
                0x0000000000000a1b       0x34 /app/stm32cubeide/plugins/com.st.stm32cube.ide.mcu.externaltools.gnu-tools-for-stm32.10.3-2021.10.linux64_1.0.200.202301161003/tools/bin/../lib/gcc/arm-none-eabi/10.3.1/../../../../arm-none-eabi/lib/thumb/v7e-m+fp/hard/libm.a(lib_a-kf_rem_pio2.o)
 .ARM.attributes
                0x0000000000000a4f       0x34 /app/stm32cubeide/plugins/com.st.stm32cube.ide.mcu.externaltools.gnu-tools-for-stm32.10.3-2021.10.linux64_1.0.200.202301161003/tools/bin/../lib/gcc/arm-none-eabi/10.3.1/../../../../arm-none-eabi/lib/thumb/v7e-m+fp/hard/libm.a(lib_a-kf_sin.o)
 .ARM.attributes
                0x0000000000000a83       0x34 /app/stm32cubeide/plugins/com.st.stm32cube.ide.mcu.externaltools.gnu-tools-for-stm32.10.3-2021.10.linux64_1.0.200.202301161003/tools/bin/../lib/gcc/arm-none-eabi/10.3.1/../../../../arm-none-eabi/lib/thumb/v7e-m+fp/hard/libm.a(lib_a-sf_atan.o)
 .ARM.attributes
                0x0000000000000ab7       0x34 /app/stm32cubeide/plugins/com.st.stm32cube.ide.mcu.externaltools.gnu-tools-for-stm32.10.3-2021.10.linux64_1.0.200.202301161003/tools/bin/../lib/gcc/arm-none-eabi/10.3.1/../../../../arm-none-eabi/lib/thumb/v7e-m+fp/hard/libm.a(lib_a-sf_fabs.o)
 .ARM.attributes